     VMA      LMA     Size Align Out     In      Symbol
       0        0        0     1 PAGE_SIZE = 512
       0        0        0     1 STACK_MIN_SIZE = DEFINED ( stack_min_size ) ? stack_min_size : 1500
       0        0        0     1 END_STACK = ORIGIN ( SRAM ) + LENGTH ( SRAM )
c0de0000 c0de0000     cc3f     8 .text
c0de0000 c0de0000        0     1         _text = .
c0de0000 c0de0000        0     1         _nvram_start = .
c0de0000 c0de0000       28     2         build/nanos2/obj/sdk/lib_standard_app/main.o:(.boot)
c0de0000 c0de0000        0     1                 $t.6
c0de0001 c0de0001       28     1                 main
c0de0028 c0de0028        0     1         _code = .
c0de0028 c0de0028       4a     2         build/nanos2/obj/app/src/address.o:(.text.address_from_pubkey)
c0de0028 c0de0028        0     1                 $t.0
c0de0029 c0de0029       4a     1                 address_from_pubkey
c0de0072 c0de0072      240     2         build/nanos2/obj/app/src/apdu/dispatcher.o:(.text.apdu_dispatcher)
c0de0072 c0de0072        0     1                 $t.0
c0de0073 c0de0073      240     1                 apdu_dispatcher
c0de02b2 c0de02b2        a     2         build/nanos2/obj/app/src/apdu/dispatcher.o:(.text.io_send_sw)
c0de02b2 c0de02b2        0     1                 $t.1
c0de02b3 c0de02b3        a     1                 io_send_sw
c0de02bc c0de02bc        8     2         build/nanos2/obj/app/src/apdu/dispatcher.o:(.text.OUTLINED_FUNCTION_0)
c0de02bc c0de02bc        0     1                 $t.2
c0de02bd c0de02bd        8     1                 OUTLINED_FUNCTION_0
c0de02c4 c0de02c4       94     4         build/nanos2/obj/app/src/app_main.o:(.text.app_main)
c0de02c4 c0de02c4        0     1                 $t.0
c0de02c5 c0de02c5       94     1                 app_main
c0de0344 c0de0344        0     1                 $d.1
c0de0358 c0de0358       28     4         build/nanos2/obj/app/src/handler/get_app_name.o:(.text.handler_get_app_name)
c0de0358 c0de0358        0     1                 $t.0
c0de0359 c0de0359       28     1                 handler_get_app_name
c0de037c c0de037c        0     1                 $d.1
c0de0380 c0de0380       98     4         build/nanos2/obj/app/src/handler/get_public_key.o:(.text.handler_get_public_key)
c0de0380 c0de0380        0     1                 $t.0
c0de0381 c0de0381       98     1                 handler_get_public_key
c0de0414 c0de0414        0     1                 $d.1
c0de0418 c0de0418        a     2         build/nanos2/obj/app/src/handler/get_public_key.o:(.text.io_send_sw)
c0de0418 c0de0418        0     1                 $t.2
c0de0419 c0de0419        a     1                 io_send_sw
c0de0422 c0de0422       2e     2         build/nanos2/obj/app/src/handler/get_version.o:(.text.handler_get_version)
c0de0422 c0de0422        0     1                 $t.0
c0de0423 c0de0423       2e     1                 handler_get_version
c0de0450 c0de0450      168     4         build/nanos2/obj/app/src/handler/sign_tx.o:(.text.handler_sign_tx)
c0de0450 c0de0450        0     1                 $t.0
c0de0451 c0de0451      168     1                 handler_sign_tx
c0de05a8 c0de05a8        0     1                 $d.1
c0de05b8 c0de05b8        a     2         build/nanos2/obj/app/src/handler/sign_tx.o:(.text.io_send_sw)
c0de05b8 c0de05b8        0     1                 $t.2
c0de05b9 c0de05b9        a     1                 io_send_sw
c0de05c2 c0de05c2       4e     2         build/nanos2/obj/app/src/handler/zkn_magicbox.o:(.text.handler_cmd_blake2b512)
c0de05c2 c0de05c2        0     1                 $t.0
c0de05c3 c0de05c3       4e     1                 handler_cmd_blake2b512
c0de0610 c0de0610       16     2         build/nanos2/obj/app/src/handler/zkn_magicbox.o:(.text.io_send_response_pointer)
c0de0610 c0de0610        0     1                 $t.1
c0de0611 c0de0611       16     1                 io_send_response_pointer
c0de0626 c0de0626        a     2         build/nanos2/obj/app/src/handler/zkn_magicbox.o:(.text.io_send_sw)
c0de0626 c0de0626        0     1                 $t.2
c0de0627 c0de0627        a     1                 io_send_sw
c0de0630 c0de0630       3a     2         build/nanos2/obj/app/src/handler/zkn_magicbox.o:(.text.handler_cmd_keccakH)
c0de0630 c0de0630        0     1                 $t.3
c0de0631 c0de0631       3a     1                 handler_cmd_keccakH
c0de066c c0de066c       94     4         build/nanos2/obj/app/src/handler/zkn_magicbox.o:(.text.handler_cmd_bolos_stretch)
c0de066c c0de066c        0     1                 $t.4
c0de066d c0de066d       94     1                 handler_cmd_bolos_stretch
c0de06f4 c0de06f4        0     1                 $d.5
c0de0700 c0de0700      10c     4         build/nanos2/obj/app/src/handler/zkn_magicbox.o:(.text.handler_cmd_Poseidon)
c0de0700 c0de0700        0     1                 $t.6
c0de0701 c0de0701      10c     1                 handler_cmd_Poseidon
c0de0804 c0de0804        0     1                 $d.7
c0de080c c0de080c       8c     4         build/nanos2/obj/app/src/handler/zkn_magicbox.o:(.text.handler_cmd_Poseidon_ithRC)
c0de080c c0de080c        0     1                 $t.8
c0de080d c0de080d       8c     1                 handler_cmd_Poseidon_ithRC
c0de0890 c0de0890        0     1                 $d.9
c0de0898 c0de0898       84     2         build/nanos2/obj/app/src/handler/zkn_magicbox.o:(.text.handler_cmd_tEddsaPoseidon_Kpub)
c0de0898 c0de0898        0     1                 $t.12
c0de0899 c0de0899       84     1                 handler_cmd_tEddsaPoseidon_Kpub
c0de091c c0de091c       b4     2         build/nanos2/obj/app/src/handler/zkn_magicbox.o:(.text.handler_cmd_tEddsaPoseidon_Sign)
c0de091c c0de091c        0     1                 $t.13
c0de091d c0de091d       b4     1                 handler_cmd_tEddsaPoseidon_Sign
c0de09d0 c0de09d0       e8     4         build/nanos2/obj/app/src/handler/zkn_magicbox.o:(.text.handler_cmd_tEddsaPoseidon)
c0de09d0 c0de09d0        0     1                 $t.14
c0de09d1 c0de09d1       e8     1                 handler_cmd_tEddsaPoseidon
c0de0ab0 c0de0ab0        0     1                 $d.15
c0de0ab8 c0de0ab8      16c     4         build/nanos2/obj/app/src/handler/zkn_magicbox.o:(.text.handler_cmd_tEdwards)
c0de0ab8 c0de0ab8        0     1                 $t.16
c0de0ab9 c0de0ab9      16c     1                 handler_cmd_tEdwards
c0de0c14 c0de0c14        0     1                 $d.17
c0de0c24 c0de0c24      16a     2         build/nanos2/obj/app/src/handler/zkn_magicbox.o:(.text.handler_cmd_Interpolate)
c0de0c24 c0de0c24        0     1                 $t.20
c0de0c25 c0de0c25      16a     1                 handler_cmd_Interpolate
c0de0d8e c0de0d8e      192     2         build/nanos2/obj/app/src/handler/zkn_magicbox.o:(.text.handler_cmd_Split)
c0de0d8e c0de0d8e        0     1                 $t.21
c0de0d8f c0de0d8f      192     1                 handler_cmd_Split
c0de0f20 c0de0f20       a0     2         build/nanos2/obj/app/src/handler/zkn_magicbox.o:(.text.handler_cmd_frostH)
c0de0f20 c0de0f20        0     1                 $t.22
c0de0f21 c0de0f21       a0     1                 handler_cmd_frostH
c0de0fc0 c0de0fc0       6c     4         build/nanos2/obj/app/src/handler/zkn_magicbox.o:(.text.handler_cmd_encodeCommitment)
c0de0fc0 c0de0fc0        0     1                 $t.23
c0de0fc1 c0de0fc1       6c     1                 handler_cmd_encodeCommitment
c0de1028 c0de1028        0     1                 $d.24
c0de102c c0de102c       88     4         build/nanos2/obj/app/src/handler/zkn_magicbox.o:(.text.handler_cmd_GroupCommitment)
c0de102c c0de102c        0     1                 $t.25
c0de102d c0de102d       88     1                 handler_cmd_GroupCommitment
c0de10ac c0de10ac        0     1                 $d.26
c0de10b4 c0de10b4      178     4         build/nanos2/obj/app/src/handler/zkn_magicbox.o:(.text.handler_cmd_BindingFactors)
c0de10b4 c0de10b4        0     1                 $t.27
c0de10b5 c0de10b5      178     1                 handler_cmd_BindingFactors
c0de1214 c0de1214        0     1                 $d.28
c0de122c c0de122c        8     2         build/nanos2/obj/app/src/handler/zkn_magicbox.o:(.text.OUTLINED_FUNCTION_0)
c0de122c c0de122c        0     1                 $t.29
c0de122d c0de122d        8     1                 OUTLINED_FUNCTION_0
c0de1234 c0de1234        6     2         build/nanos2/obj/app/src/handler/zkn_magicbox.o:(.text.OUTLINED_FUNCTION_1)
c0de1234 c0de1234        0     1                 $t.30
c0de1235 c0de1235        6     1                 OUTLINED_FUNCTION_1
c0de123a c0de123a        6     2         build/nanos2/obj/app/src/handler/zkn_magicbox.o:(.text.OUTLINED_FUNCTION_2)
c0de123a c0de123a        0     1                 $t.31
c0de123b c0de123b        6     1                 OUTLINED_FUNCTION_2
c0de1240 c0de1240        6     2         build/nanos2/obj/app/src/handler/zkn_magicbox.o:(.text.OUTLINED_FUNCTION_3)
c0de1240 c0de1240        0     1                 $t.32
c0de1241 c0de1241        6     1                 OUTLINED_FUNCTION_3
c0de1246 c0de1246        e     2         build/nanos2/obj/app/src/handler/zkn_magicbox.o:(.text.OUTLINED_FUNCTION_4)
c0de1246 c0de1246        0     1                 $t.33
c0de1247 c0de1247        e     1                 OUTLINED_FUNCTION_4
c0de1254 c0de1254        8     2         build/nanos2/obj/app/src/handler/zkn_magicbox.o:(.text.OUTLINED_FUNCTION_5)
c0de1254 c0de1254        0     1                 $t.34
c0de1255 c0de1255        8     1                 OUTLINED_FUNCTION_5
c0de125c c0de125c        6     2         build/nanos2/obj/app/src/handler/zkn_magicbox.o:(.text.OUTLINED_FUNCTION_6)
c0de125c c0de125c        0     1                 $t.35
c0de125d c0de125d        6     1                 OUTLINED_FUNCTION_6
c0de1262 c0de1262        6     2         build/nanos2/obj/app/src/handler/zkn_magicbox.o:(.text.OUTLINED_FUNCTION_7)
c0de1262 c0de1262        0     1                 $t.36
c0de1263 c0de1263        6     1                 OUTLINED_FUNCTION_7
c0de1268 c0de1268        6     2         build/nanos2/obj/app/src/handler/zkn_magicbox.o:(.text.OUTLINED_FUNCTION_8)
c0de1268 c0de1268        0     1                 $t.37
c0de1269 c0de1269        6     1                 OUTLINED_FUNCTION_8
c0de1270 c0de1270       44     4         build/nanos2/obj/app/src/helper/send_reponse.o:(.text.helper_send_response_pubkey)
c0de1270 c0de1270        0     1                 $t.0
c0de1271 c0de1271       44     1                 helper_send_response_pubkey
c0de12b0 c0de12b0        0     1                 $d.1
c0de12b4 c0de12b4       18     2         build/nanos2/obj/app/src/helper/send_reponse.o:(.text.io_send_response_pointer)
c0de12b4 c0de12b4        0     1                 $t.2
c0de12b5 c0de12b5       18     1                 io_send_response_pointer
c0de12cc c0de12cc       44     4         build/nanos2/obj/app/src/helper/send_reponse.o:(.text.helper_send_response_sig)
c0de12cc c0de12cc        0     1                 $t.3
c0de12cd c0de12cd       44     1                 helper_send_response_sig
c0de130c c0de130c        0     1                 $d.4
c0de1310 c0de1310       b4     2         build/nanos2/obj/app/src/swap/handle_check_address.o:(.text.swap_handle_check_address)
c0de1310 c0de1310        0     1                 $t.0
c0de1311 c0de1311       b4     1                 swap_handle_check_address
c0de13c4 c0de13c4       58     4         build/nanos2/obj/app/src/swap/handle_get_printable_amount.o:(.text.swap_handle_get_printable_amount)
c0de13c4 c0de13c4        0     1                 $t.0
c0de13c5 c0de13c5       58     1                 swap_handle_get_printable_amount
c0de1418 c0de1418        0     1                 $d.1
c0de141c c0de141c       80     4         build/nanos2/obj/app/src/swap/handle_swap_sign_transaction.o:(.text.swap_copy_transaction_parameters)
c0de141c c0de141c        0     1                 $t.0
c0de141d c0de141d       80     1                 swap_copy_transaction_parameters
c0de1498 c0de1498        0     1                 $d.1
c0de149c c0de149c       80     4         build/nanos2/obj/app/src/swap/handle_swap_sign_transaction.o:(.text.swap_check_validity)
c0de149c c0de149c        0     1                 $t.2
c0de149d c0de149d       80     1                 swap_check_validity
c0de1518 c0de1518        0     1                 $d.3
c0de151c c0de151c       be     2         build/nanos2/obj/app/src/transaction/deserialize.o:(.text.transaction_deserialize)
c0de151c c0de151c        0     1                 $t.0
c0de151d c0de151d       be     1                 transaction_deserialize
c0de15da c0de15da       3a     2         build/nanos2/obj/app/src/transaction/utils.o:(.text.transaction_utils_check_encoding)
c0de15da c0de15da        0     1                 $t.0
c0de15db c0de15db       3a     1                 transaction_utils_check_encoding
c0de1614 c0de1614        e     2         build/nanos2/obj/app/src/ui/action/validate.o:(.text.validate_pubkey)
c0de1614 c0de1614        0     1                 $t.0
c0de1615 c0de1615        e     1                 validate_pubkey
c0de1622 c0de1622        a     2         build/nanos2/obj/app/src/ui/action/validate.o:(.text.io_send_sw)
c0de1622 c0de1622        0     1                 $t.1
c0de1623 c0de1623        a     1                 io_send_sw
c0de162c c0de162c       a4     4         build/nanos2/obj/app/src/ui/action/validate.o:(.text.validate_transaction)
c0de162c c0de162c        0     1                 $t.2
c0de162d c0de162d       a4     1                 validate_transaction
c0de16cc c0de16cc        0     1                 $d.3
c0de16d0 c0de16d0        6     2         build/nanos2/obj/app/src/ui/menu_nbgl.o:(.text.app_quit)
c0de16d0 c0de16d0        0     1                 $t.0
c0de16d1 c0de16d1        6     1                 app_quit
c0de16d8 c0de16d8       90     4         build/nanos2/obj/app/src/ui/menu_nbgl.o:(.text.ui_menu_main)
c0de16d8 c0de16d8        0     1                 $t.1
c0de16d9 c0de16d9       90     1                 ui_menu_main
c0de173c c0de173c        0     1                 $d.2
c0de1768 c0de1768       b4     4         build/nanos2/obj/app/src/ui/menu_nbgl.o:(.text.controls_callback)
c0de1768 c0de1768        0     1                 $t.3
c0de1769 c0de1769       b4     1                 controls_callback
c0de17f4 c0de17f4        0     1                 $d.4
c0de181c c0de181c       7c     4         build/nanos2/obj/app/src/ui/menu_nbgl.o:(.text.review_warning_choice)
c0de181c c0de181c        0     1                 $t.5
c0de181d c0de181d       7c     1                 review_warning_choice
c0de187c c0de187c        0     1                 $d.6
c0de1898 c0de1898        6     2         build/nanos2/obj/app/src/ui/menu_nbgl.o:(.text.OUTLINED_FUNCTION_0)
c0de1898 c0de1898        0     1                 $t.7
c0de1899 c0de1899        6     1                 OUTLINED_FUNCTION_0
c0de18a0 c0de18a0       a4     4         build/nanos2/obj/app/src/ui/nbgl_display_address.o:(.text.ui_display_address)
c0de18a0 c0de18a0        0     1                 $t.0
c0de18a1 c0de18a1       a4     1                 ui_display_address
c0de1930 c0de1930        0     1                 $d.1
c0de1944 c0de1944        a     2         build/nanos2/obj/app/src/ui/nbgl_display_address.o:(.text.io_send_sw)
c0de1944 c0de1944        0     1                 $t.2
c0de1945 c0de1945        a     1                 io_send_sw
c0de1950 c0de1950       20     4         build/nanos2/obj/app/src/ui/nbgl_display_address.o:(.text.review_choice)
c0de1950 c0de1950        0     1                 $t.3
c0de1951 c0de1951       20     1                 review_choice
c0de196c c0de196c        0     1                 $d.4
c0de1970 c0de1970      13c     4         build/nanos2/obj/app/src/ui/nbgl_display_transaction.o:(.text.ui_display_transaction_bs_choice)
c0de1970 c0de1970        0     1                 $t.0
c0de1971 c0de1971      13c     1                 ui_display_transaction_bs_choice
c0de1a84 c0de1a84        0     1                 $d.1
c0de1aac c0de1aac        a     2         build/nanos2/obj/app/src/ui/nbgl_display_transaction.o:(.text.io_send_sw)
c0de1aac c0de1aac        0     1                 $t.2
c0de1aad c0de1aad        a     1                 io_send_sw
c0de1ab8 c0de1ab8       1c     4         build/nanos2/obj/app/src/ui/nbgl_display_transaction.o:(.text.review_choice)
c0de1ab8 c0de1ab8        0     1                 $t.3
c0de1ab9 c0de1ab9       1c     1                 review_choice
c0de1ad0 c0de1ad0        0     1                 $d.4
c0de1ad4 c0de1ad4        6     2         build/nanos2/obj/app/src/ui/nbgl_display_transaction.o:(.text.ui_display_blind_signed_transaction)
c0de1ad4 c0de1ad4        0     1                 $t.5
c0de1ad5 c0de1ad5        6     1                 ui_display_blind_signed_transaction
c0de1ada c0de1ada        6     2         build/nanos2/obj/app/src/ui/nbgl_display_transaction.o:(.text.ui_display_transaction)
c0de1ada c0de1ada        0     1                 $t.6
c0de1adb c0de1adb        6     1                 ui_display_transaction
c0de1ae0 c0de1ae0       6c     4         build/nanos2/obj/app/src/zknox/ecc/zkn_eddsa.o:(.text.zkn_prv_hash)
c0de1ae0 c0de1ae0        0     1                 $t.0
c0de1ae1 c0de1ae1       6c     1                 zkn_prv_hash
c0de1b48 c0de1b48        0     1                 $d.1
c0de1b4c c0de1b4c       4e     2         build/nanos2/obj/app/src/zknox/ecc/zkn_eddsa.o:(.text.zkn_prv2pub)
c0de1b4c c0de1b4c        0     1                 $t.2
c0de1b4d c0de1b4d       4e     1                 zkn_prv2pub
c0de1b9c c0de1b9c      29c     4         build/nanos2/obj/app/src/zknox/ecc/zkn_eddsa.o:(.text.EddsaPoseidon_Sign_final)
c0de1b9c c0de1b9c        0     1                 $t.4
c0de1b9d c0de1b9d      29c     1                 EddsaPoseidon_Sign_final
c0de1e30 c0de1e30        0     1                 $d.5
c0de1e38 c0de1e38        8     2         build/nanos2/obj/app/src/zknox/ecc/zkn_eddsa.o:(.text.rev64)
c0de1e38 c0de1e38        0     1                 $t.6
c0de1e39 c0de1e39        8     1                 rev64
c0de1e40 c0de1e40        a     2         build/nanos2/obj/app/src/zknox/ecc/zkn_eddsa.o:(.text.OUTLINED_FUNCTION_0)
c0de1e40 c0de1e40        0     1                 $t.7
c0de1e41 c0de1e41        a     1                 OUTLINED_FUNCTION_0
c0de1e4a c0de1e4a       c4     2         build/nanos2/obj/app/src/zknox/ecc/zkn_frost.o:(.text.zkn_frost_interpolate)
c0de1e4a c0de1e4a        0     1                 $t.0
c0de1e4b c0de1e4b       c4     1                 zkn_frost_interpolate
c0de1f0e c0de1f0e       86     2         build/nanos2/obj/app/src/zknox/ecc/zkn_frost.o:(.text.zkn_frost_interpolate_secrets)
c0de1f0e c0de1f0e        0     1                 $t.1
c0de1f0f c0de1f0f       86     1                 zkn_frost_interpolate_secrets
c0de1f94 c0de1f94       72     2         build/nanos2/obj/app/src/zknox/ecc/zkn_frost.o:(.text.zkn_evalshare)
c0de1f94 c0de1f94        0     1                 $t.3
c0de1f95 c0de1f95       72     1                 zkn_evalshare
c0de2006 c0de2006       fa     2         build/nanos2/obj/app/src/zknox/ecc/zkn_frost.o:(.text.zkn_encode_group_commitmentHash)
c0de2006 c0de2006        0     1                 $t.6
c0de2007 c0de2007       fa     1                 zkn_encode_group_commitmentHash
c0de2100 c0de2100       e2     2         build/nanos2/obj/app/src/zknox/ecc/zkn_frost.o:(.text.zkn_compute_group_commitment)
c0de2100 c0de2100        0     1                 $t.7
c0de2101 c0de2101       e2     1                 zkn_compute_group_commitment
c0de21e2 c0de21e2      106     2         build/nanos2/obj/app/src/zknox/ecc/zkn_frost.o:(.text.zkn_compute_binding_factors)
c0de21e2 c0de21e2        0     1                 $t.8
c0de21e3 c0de21e3      106     1                 zkn_compute_binding_factors
c0de22e8 c0de22e8       10     2         build/nanos2/obj/app/src/zknox/ecc/zkn_frost.o:(.text.zkn_serialize_scalar_for_hash)
c0de22e8 c0de22e8        0     1                 $t.9
c0de22e9 c0de22e9       10     1                 zkn_serialize_scalar_for_hash
c0de22f8 c0de22f8       b4     4         build/nanos2/obj/app/src/zknox/ecc/zkn_frost.o:(.text.compute_challenge)
c0de22f8 c0de22f8        0     1                 $t.12
c0de22f9 c0de22f9       b4     1                 compute_challenge
c0de23a8 c0de23a8        0     1                 $d.13
c0de23ac c0de23ac       16     2         build/nanos2/obj/app/src/zknox/ecc/zkn_frost.o:(.text.OUTLINED_FUNCTION_0)
c0de23ac c0de23ac        0     1                 $t.14
c0de23ad c0de23ad       16     1                 OUTLINED_FUNCTION_0
c0de23c2 c0de23c2        8     2         build/nanos2/obj/app/src/zknox/ecc/zkn_frost.o:(.text.OUTLINED_FUNCTION_1)
c0de23c2 c0de23c2        0     1                 $t.15
c0de23c3 c0de23c3        8     1                 OUTLINED_FUNCTION_1
c0de23ca c0de23ca        8     2         build/nanos2/obj/app/src/zknox/ecc/zkn_frost.o:(.text.OUTLINED_FUNCTION_2)
c0de23ca c0de23ca        0     1                 $t.16
c0de23cb c0de23cb        8     1                 OUTLINED_FUNCTION_2
c0de23d2 c0de23d2        6     2         build/nanos2/obj/app/src/zknox/ecc/zkn_frost.o:(.text.OUTLINED_FUNCTION_3)
c0de23d2 c0de23d2        0     1                 $t.17
c0de23d3 c0de23d3        6     1                 OUTLINED_FUNCTION_3
c0de23d8 c0de23d8       2a     2         build/nanos2/obj/app/src/zknox/ecc/zkn_tEdwards.o:(.text.tEdwards_alloc)
c0de23d8 c0de23d8        0     1                 $t.0
c0de23d9 c0de23d9       2a     1                 tEdwards_alloc
c0de2402 c0de2402       22     2         build/nanos2/obj/app/src/zknox/ecc/zkn_tEdwards.o:(.text.tEdwards_destroy)
c0de2402 c0de2402        0     1                 $t.1
c0de2403 c0de2403       22     1                 tEdwards_destroy
c0de2424 c0de2424       d6     2         build/nanos2/obj/app/src/zknox/ecc/zkn_tEdwards.o:(.text.tEdwards_double)
c0de2424 c0de2424        0     1                 $t.2
c0de2425 c0de2425       d6     1                 tEdwards_double
c0de24fa c0de24fa      130     2         build/nanos2/obj/app/src/zknox/ecc/zkn_tEdwards.o:(.text.tEdwards_add)
c0de24fa c0de24fa        0     1                 $t.3
c0de24fb c0de24fb      130     1                 tEdwards_add
c0de262a c0de262a       ac     2         build/nanos2/obj/app/src/zknox/ecc/zkn_tEdwards.o:(.text.tEdwards_IsOnCurve)
c0de262a c0de262a        0     1                 $t.4
c0de262b c0de262b       ac     1                 tEdwards_IsOnCurve
c0de26d8 c0de26d8      1e0     4         build/nanos2/obj/app/src/zknox/ecc/zkn_tEdwards.o:(.text.tEdwards_Curve_alloc_init)
c0de26d8 c0de26d8        0     1                 $t.5
c0de26d9 c0de26d9      1e0     1                 tEdwards_Curve_alloc_init
c0de288c c0de288c        0     1                 $d.6
c0de28b8 c0de28b8       7e     2         build/nanos2/obj/app/src/zknox/ecc/zkn_tEdwards.o:(.text.tEdwards_init)
c0de28b8 c0de28b8        0     1                 $t.7
c0de28b9 c0de28b9       7e     1                 tEdwards_init
c0de2936 c0de2936       92     2         build/nanos2/obj/app/src/zknox/ecc/zkn_tEdwards.o:(.text.tEdwards_Curve_partial_destroy)
c0de2936 c0de2936        0     1                 $t.9
c0de2937 c0de2937       92     1                 tEdwards_Curve_partial_destroy
c0de29c8 c0de29c8       26     2         build/nanos2/obj/app/src/zknox/ecc/zkn_tEdwards.o:(.text.tEdwards_SetNeutral)
c0de29c8 c0de29c8        0     1                 $t.11
c0de29c9 c0de29c9       26     1                 tEdwards_SetNeutral
c0de29ee c0de29ee       4c     2         build/nanos2/obj/app/src/zknox/ecc/zkn_tEdwards.o:(.text.tEdwards_export)
c0de29ee c0de29ee        0     1                 $t.12
c0de29ef c0de29ef       4c     1                 tEdwards_export
c0de2a3a c0de2a3a       5a     2         build/nanos2/obj/app/src/zknox/ecc/zkn_tEdwards.o:(.text.tEdwards_normalize)
c0de2a3a c0de2a3a        0     1                 $t.13
c0de2a3b c0de2a3b       5a     1                 tEdwards_normalize
c0de2a94 c0de2a94       26     2         build/nanos2/obj/app/src/zknox/ecc/zkn_tEdwards.o:(.text.tEdwards_copy)
c0de2a94 c0de2a94        0     1                 $t.14
c0de2a95 c0de2a95       26     1                 tEdwards_copy
c0de2aba c0de2aba       3e     2         build/nanos2/obj/app/src/zknox/ecc/zkn_tEdwards.o:(.text.tEdwards_alloc_init)
c0de2aba c0de2aba        0     1                 $t.15
c0de2abb c0de2abb       3e     1                 tEdwards_alloc_init
c0de2af8 c0de2af8       ca     2         build/nanos2/obj/app/src/zknox/ecc/zkn_tEdwards.o:(.text.tEdwards_scalarMul_bn)
c0de2af8 c0de2af8        0     1                 $t.17
c0de2af9 c0de2af9       ca     1                 tEdwards_scalarMul_bn
c0de2bc4 c0de2bc4       40     4         build/nanos2/obj/app/src/zknox/ecc/zkn_tEdwards.o:(.text.tEdwards_scalarMul)
c0de2bc4 c0de2bc4        0     1                 $t.18
c0de2bc5 c0de2bc5       40     1                 tEdwards_scalarMul
c0de2c00 c0de2c00        0     1                 $d.19
c0de2c04 c0de2c04        6     2         build/nanos2/obj/app/src/zknox/ecc/zkn_tEdwards.o:(.text.OUTLINED_FUNCTION_0)
c0de2c04 c0de2c04        0     1                 $t.22
c0de2c05 c0de2c05        6     1                 OUTLINED_FUNCTION_0
c0de2c0a c0de2c0a        6     2         build/nanos2/obj/app/src/zknox/ecc/zkn_tEdwards.o:(.text.OUTLINED_FUNCTION_1)
c0de2c0a c0de2c0a        0     1                 $t.23
c0de2c0b c0de2c0b        6     1                 OUTLINED_FUNCTION_1
c0de2c10 c0de2c10        8     2         build/nanos2/obj/app/src/zknox/ecc/zkn_tEdwards.o:(.text.OUTLINED_FUNCTION_2)
c0de2c10 c0de2c10        0     1                 $t.24
c0de2c11 c0de2c11        8     1                 OUTLINED_FUNCTION_2
c0de2c18 c0de2c18        8     2         build/nanos2/obj/app/src/zknox/ecc/zkn_tEdwards.o:(.text.OUTLINED_FUNCTION_3)
c0de2c18 c0de2c18        0     1                 $t.25
c0de2c19 c0de2c19        8     1                 OUTLINED_FUNCTION_3
c0de2c20 c0de2c20        a     2         build/nanos2/obj/app/src/zknox/ecc/zkn_tEdwards.o:(.text.OUTLINED_FUNCTION_4)
c0de2c20 c0de2c20        0     1                 $t.26
c0de2c21 c0de2c21        a     1                 OUTLINED_FUNCTION_4
c0de2c2a c0de2c2a        a     2         build/nanos2/obj/app/src/zknox/ecc/zkn_tEdwards.o:(.text.OUTLINED_FUNCTION_5)
c0de2c2a c0de2c2a        0     1                 $t.27
c0de2c2b c0de2c2b        a     1                 OUTLINED_FUNCTION_5
c0de2c34 c0de2c34        a     2         build/nanos2/obj/app/src/zknox/ecc/zkn_tEdwards.o:(.text.OUTLINED_FUNCTION_6)
c0de2c34 c0de2c34        0     1                 $t.28
c0de2c35 c0de2c35        a     1                 OUTLINED_FUNCTION_6
c0de2c3e c0de2c3e        a     2         build/nanos2/obj/app/src/zknox/ecc/zkn_tEdwards.o:(.text.OUTLINED_FUNCTION_7)
c0de2c3e c0de2c3e        0     1                 $t.29
c0de2c3f c0de2c3f        a     1                 OUTLINED_FUNCTION_7
c0de2c48 c0de2c48        a     2         build/nanos2/obj/app/src/zknox/ecc/zkn_tEdwards.o:(.text.OUTLINED_FUNCTION_8)
c0de2c48 c0de2c48        0     1                 $t.30
c0de2c49 c0de2c49        a     1                 OUTLINED_FUNCTION_8
c0de2c52 c0de2c52        a     2         build/nanos2/obj/app/src/zknox/ecc/zkn_tEdwards.o:(.text.OUTLINED_FUNCTION_9)
c0de2c52 c0de2c52        0     1                 $t.31
c0de2c53 c0de2c53        a     1                 OUTLINED_FUNCTION_9
c0de2c5c c0de2c5c        a     2         build/nanos2/obj/app/src/zknox/ecc/zkn_tEdwards.o:(.text.OUTLINED_FUNCTION_10)
c0de2c5c c0de2c5c        0     1                 $t.32
c0de2c5d c0de2c5d        a     1                 OUTLINED_FUNCTION_10
c0de2c66 c0de2c66        6     2         build/nanos2/obj/app/src/zknox/ecc/zkn_tEdwards.o:(.text.OUTLINED_FUNCTION_11)
c0de2c66 c0de2c66        0     1                 $t.33
c0de2c67 c0de2c67        6     1                 OUTLINED_FUNCTION_11
c0de2c6c c0de2c6c       80     4         build/nanos2/obj/app/src/zknox/hash/zkn_poseidon_constants.o:(.text.grain_lfsr_advance)
c0de2c6c c0de2c6c        0     1                 $t.0
c0de2c6d c0de2c6d       80     1                 grain_lfsr_advance
c0de2ce4 c0de2ce4        0     1                 $d.1
c0de2cec c0de2cec       4a     2         build/nanos2/obj/app/src/zknox/hash/zkn_poseidon_constants.o:(.text.next64_graingen)
c0de2cec c0de2cec        0     1                 $t.2
c0de2ced c0de2ced       4a     1                 next64_graingen
c0de2d38 c0de2d38       30     4         build/nanos2/obj/app/src/zknox/hash/zkn_poseidon_constants.o:(.text.init_generator)
c0de2d38 c0de2d38        0     1                 $t.3
c0de2d39 c0de2d39       30     1                 init_generator
c0de2d60 c0de2d60        0     1                 $d.4
c0de2d68 c0de2d68       98     4         build/nanos2/obj/app/src/zknox/hash/zkn_poseidon_constants.o:(.text.gen_integer)
c0de2d68 c0de2d68        0     1                 $t.5
c0de2d69 c0de2d69       98     1                 gen_integer
c0de2df0 c0de2df0        0     1                 $d.6
c0de2e00 c0de2e00        8     2         build/nanos2/obj/app/src/zknox/hash/zkn_poseidon_constants.o:(.text.rev64)
c0de2e00 c0de2e00        0     1                 $t.7
c0de2e01 c0de2e01        8     1                 rev64
c0de2e08 c0de2e08        6     2         build/nanos2/obj/app/src/zknox/hash/zkn_poseidon_constants.o:(.text.Poseidon_getNext_RC)
c0de2e08 c0de2e08        0     1                 $t.8
c0de2e09 c0de2e09        6     1                 Poseidon_getNext_RC
c0de2e10 c0de2e10       cc     4         build/nanos2/obj/app/src/zknox/hash/zkn_poseidon_constants.o:(.text.Poseidon_alloc_init)
c0de2e10 c0de2e10        0     1                 $t.9
c0de2e11 c0de2e11       cc     1                 Poseidon_alloc_init
c0de2ed8 c0de2ed8        0     1                 $d.10
c0de2edc c0de2edc      1a0     4         build/nanos2/obj/app/src/zknox/hash/zkn_poseidon_constants.o:(.text.Poseidon)
c0de2edc c0de2edc        0     1                 $t.13
c0de2edd c0de2edd      1a0     1                 Poseidon
c0de3078 c0de3078        0     1                 $d.14
c0de307c c0de307c       98     4         build/nanos2/obj/app/src/zknox/hash/zkn_rfc9591frost.o:(.text.RFC9591_taggedHash)
c0de307c c0de307c        0     1                 $t.0
c0de307d c0de307d       98     1                 RFC9591_taggedHash
c0de3110 c0de3110        0     1                 $d.1
c0de3114 c0de3114       1c     2         build/nanos2/obj/app/src/zknox/hash/zkn_rfc9591frost.o:(.text.Babyfrost_H1)
c0de3114 c0de3114        0     1                 $t.2
c0de3115 c0de3115       1c     1                 Babyfrost_H1
c0de3130 c0de3130       28     4         build/nanos2/obj/app/src/zknox/hash/zkn_rfc9591frost.o:(.text.Babyfrost_H3)
c0de3130 c0de3130        0     1                 $t.3
c0de3131 c0de3131       28     1                 Babyfrost_H3
c0de3154 c0de3154        0     1                 $d.4
c0de3158 c0de3158       1c     2         build/nanos2/obj/app/src/zknox/hash/zkn_rfc9591frost.o:(.text.Babyfrost_H4)
c0de3158 c0de3158        0     1                 $t.5
c0de3159 c0de3159       1c     1                 Babyfrost_H4
c0de3174 c0de3174       1c     2         build/nanos2/obj/app/src/zknox/hash/zkn_rfc9591frost.o:(.text.Babyfrost_H5)
c0de3174 c0de3174        0     1                 $t.6
c0de3175 c0de3175       1c     1                 Babyfrost_H5
c0de3190 c0de3190       2c     2         build/nanos2/obj/app/src/zknox/hash/zkn_rfc9591frost.o:(.text.zkn_frost_hash_init)
c0de3190 c0de3190        0     1                 $t.7
c0de3191 c0de3191       2c     1                 zkn_frost_hash_init
c0de31bc c0de31bc       34     4         build/nanos2/obj/app/src/zknox/hash/zkn_rfc9591frost.o:(.text.zkn_frost_H1_init)
c0de31bc c0de31bc        0     1                 $t.8
c0de31bd c0de31bd       34     1                 zkn_frost_H1_init
c0de31ec c0de31ec        0     1                 $d.9
c0de31f0 c0de31f0       34     4         build/nanos2/obj/app/src/zknox/hash/zkn_rfc9591frost.o:(.text.zkn_frost_H5_init)
c0de31f0 c0de31f0        0     1                 $t.10
c0de31f1 c0de31f1       34     1                 zkn_frost_H5_init
c0de3220 c0de3220        0     1                 $d.11
c0de3224 c0de3224        4     2         build/nanos2/obj/app/src/zknox/hash/zkn_rfc9591frost.o:(.text.zkn_frost_hash_update)
c0de3224 c0de3224        0     1                 $t.12
c0de3225 c0de3225        4     1                 zkn_frost_hash_update
c0de3228 c0de3228       50     2         build/nanos2/obj/app/src/zknox/hash/zkn_rfc9591frost.o:(.text.zkn_frost_hash_final)
c0de3228 c0de3228        0     1                 $t.13
c0de3229 c0de3229       50     1                 zkn_frost_hash_final
c0de3278 c0de3278       14     2         build/nanos2/obj/app/src/zknox/hash/zkn_rfc9591frost.o:(.text.OUTLINED_FUNCTION_0)
c0de3278 c0de3278        0     1                 $t.14
c0de3279 c0de3279       14     1                 OUTLINED_FUNCTION_0
c0de328c c0de328c        e     2         build/nanos2/obj/app/src/zknox/hash/zkn_rfc9591frost.o:(.text.OUTLINED_FUNCTION_1)
c0de328c c0de328c        0     1                 $t.15
c0de328d c0de328d        e     1                 OUTLINED_FUNCTION_1
c0de329a c0de329a        a     2         build/nanos2/obj/app/src/zknox/hash/zkn_rfc9591frost.o:(.text.OUTLINED_FUNCTION_2)
c0de329a c0de329a        0     1                 $t.16
c0de329b c0de329b        a     1                 OUTLINED_FUNCTION_2
c0de32a4 c0de32a4        e     2         build/nanos2/obj/app/src/zknox/hash/zkn_rfc9591frost.o:(.text.OUTLINED_FUNCTION_3)
c0de32a4 c0de32a4        0     1                 $t.17
c0de32a5 c0de32a5        e     1                 OUTLINED_FUNCTION_3
c0de32b4 c0de32b4       c8     4         build/nanos2/obj/sdk/lib_nbgl/src/nbgl_buttons.o:(.text.nbgl_buttonsHandler)
c0de32b4 c0de32b4        0     1                 $t.0
c0de32b5 c0de32b5       c8     1                 nbgl_buttonsHandler
c0de3378 c0de3378        0     1                 $d.1
c0de337c c0de337c      1e4     4         build/nanos2/obj/sdk/lib_nbgl/src/nbgl_draw.o:(.text.nbgl_drawRoundedRect)
c0de337c c0de337c        0     1                 $t.0
c0de337d c0de337d      1e4     1                 nbgl_drawRoundedRect
c0de3558 c0de3558        0     1                 $d.1
c0de3560 c0de3560       b0     4         build/nanos2/obj/sdk/lib_nbgl/src/nbgl_draw.o:(.text.draw_circle_helper)
c0de3560 c0de3560        0     1                 $t.2
c0de3561 c0de3561       b0     1                 draw_circle_helper
c0de35ec c0de35ec        0     1                 $d.3
c0de3610 c0de3610      2f0     4         build/nanos2/obj/sdk/lib_nbgl/src/nbgl_draw.o:(.text.nbgl_drawRoundedBorderedRect)
c0de3610 c0de3610        0     1                 $t.4
c0de3611 c0de3611      2f0     1                 nbgl_drawRoundedBorderedRect
c0de38f8 c0de38f8        0     1                 $d.5
c0de3900 c0de3900       40     4         build/nanos2/obj/sdk/lib_nbgl/src/nbgl_draw.o:(.text.nbgl_drawIcon)
c0de3900 c0de3900        0     1                 $t.6
c0de3901 c0de3901       40     1                 nbgl_drawIcon
c0de393c c0de393c        0     1                 $d.7
c0de3940 c0de3940      1c8     2         build/nanos2/obj/sdk/lib_nbgl/src/nbgl_draw.o:(.text.nbgl_drawText)
c0de3940 c0de3940        0     1                 $t.8
c0de3941 c0de3941      1c8     1                 nbgl_drawText
c0de3b08 c0de3b08       10     2         build/nanos2/obj/sdk/lib_nbgl/src/nbgl_draw.o:(.text.OUTLINED_FUNCTION_0)
c0de3b08 c0de3b08        0     1                 $t.9
c0de3b09 c0de3b09       10     1                 OUTLINED_FUNCTION_0
c0de3b18 c0de3b18       10     2         build/nanos2/obj/sdk/lib_nbgl/src/nbgl_draw.o:(.text.OUTLINED_FUNCTION_1)
c0de3b18 c0de3b18        0     1                 $t.10
c0de3b19 c0de3b19       10     1                 OUTLINED_FUNCTION_1
c0de3b28 c0de3b28        a     2         build/nanos2/obj/sdk/lib_nbgl/src/nbgl_draw.o:(.text.OUTLINED_FUNCTION_2)
c0de3b28 c0de3b28        0     1                 $t.11
c0de3b29 c0de3b29        a     1                 OUTLINED_FUNCTION_2
c0de3b32 c0de3b32        4     2         build/nanos2/obj/sdk/lib_nbgl/src/nbgl_fonts.o:(.text.nbgl_getFont)
c0de3b32 c0de3b32        0     1                 $t.0
c0de3b33 c0de3b33        4     1                 nbgl_getFont
c0de3b36 c0de3b36       8c     2         build/nanos2/obj/sdk/lib_nbgl/src/nbgl_fonts.o:(.text.nbgl_popUnicodeChar)
c0de3b36 c0de3b36        0     1                 $t.1
c0de3b37 c0de3b37       8c     1                 nbgl_popUnicodeChar
c0de3bc2 c0de3bc2        a     2         build/nanos2/obj/sdk/lib_nbgl/src/nbgl_fonts.o:(.text.nbgl_getSingleLineTextWidth)
c0de3bc2 c0de3bc2        0     1                 $t.2
c0de3bc3 c0de3bc3        a     1                 nbgl_getSingleLineTextWidth
c0de3bcc c0de3bcc       9a     2         build/nanos2/obj/sdk/lib_nbgl/src/nbgl_fonts.o:(.text.getTextWidth)
c0de3bcc c0de3bcc        0     1                 $t.3
c0de3bcd c0de3bcd       9a     1                 getTextWidth
c0de3c66 c0de3c66        a     2         build/nanos2/obj/sdk/lib_nbgl/src/nbgl_fonts.o:(.text.nbgl_getTextWidth)
c0de3c66 c0de3c66        0     1                 $t.5
c0de3c67 c0de3c67        a     1                 nbgl_getTextWidth
c0de3c70 c0de3c70       30     2         build/nanos2/obj/sdk/lib_nbgl/src/nbgl_fonts.o:(.text.getCharWidth)
c0de3c70 c0de3c70        0     1                 $t.7
c0de3c71 c0de3c71       30     1                 getCharWidth
c0de3ca0 c0de3ca0        a     2         build/nanos2/obj/sdk/lib_nbgl/src/nbgl_fonts.o:(.text.nbgl_getFontHeight)
c0de3ca0 c0de3ca0        0     1                 $t.8
c0de3ca1 c0de3ca1        a     1                 nbgl_getFontHeight
c0de3caa c0de3caa        a     2         build/nanos2/obj/sdk/lib_nbgl/src/nbgl_fonts.o:(.text.nbgl_getFontLineHeight)
c0de3caa c0de3caa        0     1                 $t.9
c0de3cab c0de3cab        a     1                 nbgl_getFontLineHeight
c0de3cb4 c0de3cb4       20     2         build/nanos2/obj/sdk/lib_nbgl/src/nbgl_fonts.o:(.text.nbgl_getTextLength)
c0de3cb4 c0de3cb4        0     1                 $t.12
c0de3cb5 c0de3cb5       20     1                 nbgl_getTextLength
c0de3cd4 c0de3cd4       fc     2         build/nanos2/obj/sdk/lib_nbgl/src/nbgl_fonts.o:(.text.nbgl_getTextMaxLenAndWidth)
c0de3cd4 c0de3cd4        0     1                 $t.13
c0de3cd5 c0de3cd5       fc     1                 nbgl_getTextMaxLenAndWidth
c0de3dd0 c0de3dd0      124     4         build/nanos2/obj/sdk/lib_nbgl/src/nbgl_fonts.o:(.text.nbgl_getTextMaxLenInNbLines)
c0de3dd0 c0de3dd0        0     1                 $t.14
c0de3dd1 c0de3dd1      124     1                 nbgl_getTextMaxLenInNbLines
c0de3ef0 c0de3ef0        0     1                 $d.15
c0de3ef4 c0de3ef4       84     2         build/nanos2/obj/sdk/lib_nbgl/src/nbgl_fonts.o:(.text.nbgl_getTextMaxLenAndWidthFromEnd)
c0de3ef4 c0de3ef4        0     1                 $t.16
c0de3ef5 c0de3ef5       84     1                 nbgl_getTextMaxLenAndWidthFromEnd
c0de3f78 c0de3f78       fc     4         build/nanos2/obj/sdk/lib_nbgl/src/nbgl_fonts.o:(.text.nbgl_getTextNbLinesInWidth)
c0de3f78 c0de3f78        0     1                 $t.17
c0de3f79 c0de3f79       fc     1                 nbgl_getTextNbLinesInWidth
c0de4070 c0de4070        0     1                 $d.18
c0de4074 c0de4074      128     4         build/nanos2/obj/sdk/lib_nbgl/src/nbgl_fonts.o:(.text.nbgl_getTextNbPagesInWidth)
c0de4074 c0de4074        0     1                 $t.19
c0de4075 c0de4075      128     1                 nbgl_getTextNbPagesInWidth
c0de4198 c0de4198        0     1                 $d.20
c0de419c c0de419c      134     4         build/nanos2/obj/sdk/lib_nbgl/src/nbgl_fonts.o:(.text.nbgl_textReduceOnNbLines)
c0de419c c0de419c        0     1                 $t.24
c0de419d c0de419d      134     1                 nbgl_textReduceOnNbLines
c0de42cc c0de42cc        0     1                 $d.25
c0de42d0 c0de42d0       78     4         build/nanos2/obj/sdk/lib_nbgl/src/nbgl_layout_nanos.o:(.text.nbgl_layoutGet)
c0de42d0 c0de42d0        0     1                 $t.1
c0de42d1 c0de42d1       78     1                 nbgl_layoutGet
c0de4340 c0de4340        0     1                 $d.2
c0de4348 c0de4348       50     4         build/nanos2/obj/sdk/lib_nbgl/src/nbgl_layout_nanos.o:(.text.buttonCallback)
c0de4348 c0de4348        0     1                 $t.3
c0de4349 c0de4349       50     1                 buttonCallback
c0de4394 c0de4394        0     1                 $d.4
c0de4398 c0de4398       bc     4         build/nanos2/obj/sdk/lib_nbgl/src/nbgl_layout_nanos.o:(.text.nbgl_layoutAddNavigation)
c0de4398 c0de4398        0     1                 $t.5
c0de4399 c0de4399       bc     1                 nbgl_layoutAddNavigation
c0de4444 c0de4444        0     1                 $d.6
c0de4454 c0de4454      368     4         build/nanos2/obj/sdk/lib_nbgl/src/nbgl_layout_nanos.o:(.text.nbgl_layoutAddText)
c0de4454 c0de4454        0     1                 $t.7
c0de4455 c0de4455      368     1                 nbgl_layoutAddText
c0de47b8 c0de47b8        0     1                 $d.8
c0de47bc c0de47bc       a8     2         build/nanos2/obj/sdk/lib_nbgl/src/nbgl_layout_nanos.o:(.text.nbgl_layoutAddMenuList)
c0de47bc c0de47bc        0     1                 $t.9
c0de47bd c0de47bd       a8     1                 nbgl_layoutAddMenuList
c0de4864 c0de4864      340     2         build/nanos2/obj/sdk/lib_nbgl/src/nbgl_layout_nanos.o:(.text.nbgl_layoutAddCenteredInfo)
c0de4864 c0de4864        0     1                 $t.10
c0de4865 c0de4865      340     1                 nbgl_layoutAddCenteredInfo
c0de4ba4 c0de4ba4      1d0     4         build/nanos2/obj/sdk/lib_nbgl/src/nbgl_layout_nanos.o:(.text.nbgl_layoutAddSwitch)
c0de4ba4 c0de4ba4        0     1                 $t.13
c0de4ba5 c0de4ba5      1d0     1                 nbgl_layoutAddSwitch
c0de4d64 c0de4d64        0     1                 $d.14
c0de4d74 c0de4d74       10     2         build/nanos2/obj/sdk/lib_nbgl/src/nbgl_layout_nanos.o:(.text.nbgl_layoutDraw)
c0de4d74 c0de4d74        0     1                 $t.15
c0de4d75 c0de4d75       10     1                 nbgl_layoutDraw
c0de4d84 c0de4d84       1a     2         build/nanos2/obj/sdk/lib_nbgl/src/nbgl_layout_nanos.o:(.text.nbgl_layoutRelease)
c0de4d84 c0de4d84        0     1                 $t.16
c0de4d85 c0de4d85       1a     1                 nbgl_layoutRelease
c0de4d9e c0de4d9e       22     2         build/nanos2/obj/sdk/lib_nbgl/src/nbgl_layout_nanos.o:(.text.OUTLINED_FUNCTION_1)
c0de4d9e c0de4d9e        0     1                 $t.18
c0de4d9f c0de4d9f       22     1                 OUTLINED_FUNCTION_1
c0de4dc0 c0de4dc0       1a     2         build/nanos2/obj/sdk/lib_nbgl/src/nbgl_layout_nanos.o:(.text.OUTLINED_FUNCTION_2)
c0de4dc0 c0de4dc0        0     1                 $t.19
c0de4dc1 c0de4dc1       1a     1                 OUTLINED_FUNCTION_2
c0de4dda c0de4dda       1a     2         build/nanos2/obj/sdk/lib_nbgl/src/nbgl_layout_nanos.o:(.text.OUTLINED_FUNCTION_3)
c0de4dda c0de4dda        0     1                 $t.20
c0de4ddb c0de4ddb       1a     1                 OUTLINED_FUNCTION_3
c0de4df4 c0de4df4        a     2         build/nanos2/obj/sdk/lib_nbgl/src/nbgl_layout_nanos.o:(.text.OUTLINED_FUNCTION_4)
c0de4df4 c0de4df4        0     1                 $t.21
c0de4df5 c0de4df5        a     1                 OUTLINED_FUNCTION_4
c0de4dfe c0de4dfe        6     2         build/nanos2/obj/sdk/lib_nbgl/src/nbgl_layout_nanos.o:(.text.OUTLINED_FUNCTION_5)
c0de4dfe c0de4dfe        0     1                 $t.22
c0de4dff c0de4dff        6     1                 OUTLINED_FUNCTION_5
c0de4e04 c0de4e04        8     2         build/nanos2/obj/sdk/lib_nbgl/src/nbgl_layout_nanos.o:(.text.OUTLINED_FUNCTION_6)
c0de4e04 c0de4e04        0     1                 $t.23
c0de4e05 c0de4e05        8     1                 OUTLINED_FUNCTION_6
c0de4e0c c0de4e0c       10     2         build/nanos2/obj/sdk/lib_nbgl/src/nbgl_layout_nanos.o:(.text.OUTLINED_FUNCTION_7)
c0de4e0c c0de4e0c        0     1                 $t.24
c0de4e0d c0de4e0d       10     1                 OUTLINED_FUNCTION_7
c0de4e1c c0de4e1c        6     2         build/nanos2/obj/sdk/lib_nbgl/src/nbgl_layout_nanos.o:(.text.OUTLINED_FUNCTION_8)
c0de4e1c c0de4e1c        0     1                 $t.25
c0de4e1d c0de4e1d        6     1                 OUTLINED_FUNCTION_8
c0de4e22 c0de4e22        e     2         build/nanos2/obj/sdk/lib_nbgl/src/nbgl_layout_nanos.o:(.text.OUTLINED_FUNCTION_9)
c0de4e22 c0de4e22        0     1                 $t.26
c0de4e23 c0de4e23        e     1                 OUTLINED_FUNCTION_9
c0de4e30 c0de4e30       58     4         build/nanos2/obj/sdk/lib_nbgl/src/nbgl_obj.o:(.text.nbgl_objDraw)
c0de4e30 c0de4e30        0     1                 $t.0
c0de4e31 c0de4e31       58     1                 nbgl_objDraw
c0de4e84 c0de4e84        0     1                 $d.1
c0de4e88 c0de4e88      170     4         build/nanos2/obj/sdk/lib_nbgl/src/nbgl_obj.o:(.text.draw_obj_and_chidren)
c0de4e88 c0de4e88        0     1                 $t.2
c0de4e89 c0de4e89      170     1                 draw_obj_and_chidren
c0de4fec c0de4fec        0     1                 $d.3
c0de4ff8 c0de4ff8        6     2         build/nanos2/obj/sdk/lib_nbgl/src/nbgl_obj.o:(.text.nbgl_refresh)
c0de4ff8 c0de4ff8        0     1                 $t.4
c0de4ff9 c0de4ff9        6     1                 nbgl_refresh
c0de5000 c0de5000       3c     4         build/nanos2/obj/sdk/lib_nbgl/src/nbgl_obj.o:(.text.nbgl_refreshSpecial)
c0de5000 c0de5000        0     1                 $t.5
c0de5001 c0de5001       3c     1                 nbgl_refreshSpecial
c0de5038 c0de5038        0     1                 $d.6
c0de503c c0de503c        c     4         build/nanos2/obj/sdk/lib_nbgl/src/nbgl_obj.o:(.text.nbgl_objInit)
c0de503c c0de503c        0     1                 $t.13
c0de503d c0de503d        c     1                 nbgl_objInit
c0de5044 c0de5044        0     1                 $d.14
c0de5048 c0de5048       10     4         build/nanos2/obj/sdk/lib_nbgl/src/nbgl_obj.o:(.text.nbgl_objAllowDrawing)
c0de5048 c0de5048        0     1                 $t.15
c0de5049 c0de5049       10     1                 nbgl_objAllowDrawing
c0de5054 c0de5054        0     1                 $d.16
c0de5058 c0de5058       40     2         build/nanos2/obj/sdk/lib_nbgl/src/nbgl_obj.o:(.text.draw_screen)
c0de5058 c0de5058        0     1                 $t.17
c0de5059 c0de5059       40     1                 draw_screen
c0de5098 c0de5098       28     2         build/nanos2/obj/sdk/lib_nbgl/src/nbgl_obj.o:(.text.draw_container)
c0de5098 c0de5098        0     1                 $t.18
c0de5099 c0de5099       28     1                 draw_container
c0de50c0 c0de50c0       84     2         build/nanos2/obj/sdk/lib_nbgl/src/nbgl_obj.o:(.text.draw_image)
c0de50c0 c0de50c0        0     1                 $t.19
c0de50c1 c0de50c1       84     1                 draw_image
c0de5144 c0de5144      2bc     4         build/nanos2/obj/sdk/lib_nbgl/src/nbgl_obj.o:(.text.draw_textArea)
c0de5144 c0de5144        0     1                 $t.20
c0de5145 c0de5145      2bc     1                 draw_textArea
c0de53fc c0de53fc        0     1                 $d.21
c0de5400 c0de5400      1d2     2         build/nanos2/obj/sdk/lib_nbgl/src/nbgl_obj.o:(.text.draw_button)
c0de5400 c0de5400        0     1                 $t.22
c0de5401 c0de5401      1d2     1                 draw_button
c0de55d2 c0de55d2       9e     2         build/nanos2/obj/sdk/lib_nbgl/src/nbgl_obj.o:(.text.draw_progressBar)
c0de55d2 c0de55d2        0     1                 $t.23
c0de55d3 c0de55d3       9e     1                 draw_progressBar
c0de5670 c0de5670       4c     4         build/nanos2/obj/sdk/lib_nbgl/src/nbgl_obj.o:(.text.draw_image_file)
c0de5670 c0de5670        0     1                 $t.24
c0de5671 c0de5671       4c     1                 draw_image_file
c0de56b8 c0de56b8        0     1                 $d.25
c0de56bc c0de56bc      14c     4         build/nanos2/obj/sdk/lib_nbgl/src/nbgl_obj.o:(.text.draw_textEntry)
c0de56bc c0de56bc        0     1                 $t.26
c0de56bd c0de56bd      14c     1                 draw_textEntry
c0de5804 c0de5804        0     1                 $d.27
c0de5808 c0de5808      56e     2         build/nanos2/obj/sdk/lib_nbgl/src/nbgl_obj.o:(.text.compute_position)
c0de5808 c0de5808        0     1                 $t.28
c0de5809 c0de5809      56e     1                 compute_position
c0de5d76 c0de5d76       14     2         build/nanos2/obj/sdk/lib_nbgl/src/nbgl_obj.o:(.text.OUTLINED_FUNCTION_0)
c0de5d76 c0de5d76        0     1                 $t.29
c0de5d77 c0de5d77       14     1                 OUTLINED_FUNCTION_0
c0de5d8a c0de5d8a       14     2         build/nanos2/obj/sdk/lib_nbgl/src/nbgl_obj.o:(.text.OUTLINED_FUNCTION_1)
c0de5d8a c0de5d8a        0     1                 $t.30
c0de5d8b c0de5d8b       14     1                 OUTLINED_FUNCTION_1
c0de5d9e c0de5d9e       26     2         build/nanos2/obj/sdk/lib_nbgl/src/nbgl_obj.o:(.text.OUTLINED_FUNCTION_2)
c0de5d9e c0de5d9e        0     1                 $t.31
c0de5d9f c0de5d9f       26     1                 OUTLINED_FUNCTION_2
c0de5dc4 c0de5dc4       16     2         build/nanos2/obj/sdk/lib_nbgl/src/nbgl_obj.o:(.text.OUTLINED_FUNCTION_3)
c0de5dc4 c0de5dc4        0     1                 $t.32
c0de5dc5 c0de5dc5       16     1                 OUTLINED_FUNCTION_3
c0de5dda c0de5dda       1c     2         build/nanos2/obj/sdk/lib_nbgl/src/nbgl_obj.o:(.text.OUTLINED_FUNCTION_4)
c0de5dda c0de5dda        0     1                 $t.33
c0de5ddb c0de5ddb       1c     1                 OUTLINED_FUNCTION_4
c0de5df6 c0de5df6       1c     2         build/nanos2/obj/sdk/lib_nbgl/src/nbgl_obj.o:(.text.OUTLINED_FUNCTION_5)
c0de5df6 c0de5df6        0     1                 $t.34
c0de5df7 c0de5df7       1c     1                 OUTLINED_FUNCTION_5
c0de5e12 c0de5e12       18     2         build/nanos2/obj/sdk/lib_nbgl/src/nbgl_obj.o:(.text.OUTLINED_FUNCTION_6)
c0de5e12 c0de5e12        0     1                 $t.35
c0de5e13 c0de5e13       18     1                 OUTLINED_FUNCTION_6
c0de5e2a c0de5e2a       10     2         build/nanos2/obj/sdk/lib_nbgl/src/nbgl_obj.o:(.text.OUTLINED_FUNCTION_7)
c0de5e2a c0de5e2a        0     1                 $t.36
c0de5e2b c0de5e2b       10     1                 OUTLINED_FUNCTION_7
c0de5e3a c0de5e3a       12     2         build/nanos2/obj/sdk/lib_nbgl/src/nbgl_obj.o:(.text.OUTLINED_FUNCTION_8)
c0de5e3a c0de5e3a        0     1                 $t.37
c0de5e3b c0de5e3b       12     1                 OUTLINED_FUNCTION_8
c0de5e4c c0de5e4c        6     2         build/nanos2/obj/sdk/lib_nbgl/src/nbgl_obj.o:(.text.OUTLINED_FUNCTION_9)
c0de5e4c c0de5e4c        0     1                 $t.38
c0de5e4d c0de5e4d        6     1                 OUTLINED_FUNCTION_9
c0de5e52 c0de5e52       10     2         build/nanos2/obj/sdk/lib_nbgl/src/nbgl_obj.o:(.text.OUTLINED_FUNCTION_10)
c0de5e52 c0de5e52        0     1                 $t.39
c0de5e53 c0de5e53       10     1                 OUTLINED_FUNCTION_10
c0de5e62 c0de5e62       10     2         build/nanos2/obj/sdk/lib_nbgl/src/nbgl_obj.o:(.text.OUTLINED_FUNCTION_11)
c0de5e62 c0de5e62        0     1                 $t.40
c0de5e63 c0de5e63       10     1                 OUTLINED_FUNCTION_11
c0de5e72 c0de5e72        e     2         build/nanos2/obj/sdk/lib_nbgl/src/nbgl_obj.o:(.text.OUTLINED_FUNCTION_12)
c0de5e72 c0de5e72        0     1                 $t.41
c0de5e73 c0de5e73        e     1                 OUTLINED_FUNCTION_12
c0de5e80 c0de5e80        e     2         build/nanos2/obj/sdk/lib_nbgl/src/nbgl_obj.o:(.text.OUTLINED_FUNCTION_13)
c0de5e80 c0de5e80        0     1                 $t.42
c0de5e81 c0de5e81        e     1                 OUTLINED_FUNCTION_13
c0de5e8e c0de5e8e        e     2         build/nanos2/obj/sdk/lib_nbgl/src/nbgl_obj.o:(.text.OUTLINED_FUNCTION_14)
c0de5e8e c0de5e8e        0     1                 $t.43
c0de5e8f c0de5e8f        e     1                 OUTLINED_FUNCTION_14
c0de5e9c c0de5e9c       34     4         build/nanos2/obj/sdk/lib_nbgl/src/nbgl_obj_pool.o:(.text.nbgl_objPoolRelease)
c0de5e9c c0de5e9c        0     1                 $t.0
c0de5e9d c0de5e9d       34     1                 nbgl_objPoolRelease
c0de5ecc c0de5ecc        0     1                 $d.1
c0de5ed0 c0de5ed0       78     4         build/nanos2/obj/sdk/lib_nbgl/src/nbgl_obj_pool.o:(.text.nbgl_objPoolGet)
c0de5ed0 c0de5ed0        0     1                 $t.4
c0de5ed1 c0de5ed1       78     1                 nbgl_objPoolGet
c0de5f40 c0de5f40        0     1                 $d.5
c0de5f48 c0de5f48       4c     4         build/nanos2/obj/sdk/lib_nbgl/src/nbgl_obj_pool.o:(.text.nbgl_containerPoolRelease)
c0de5f48 c0de5f48        0     1                 $t.12
c0de5f49 c0de5f49       4c     1                 nbgl_containerPoolRelease
c0de5f8c c0de5f8c        0     1                 $d.13
c0de5f94 c0de5f94       90     4         build/nanos2/obj/sdk/lib_nbgl/src/nbgl_obj_pool.o:(.text.nbgl_containerPoolGet)
c0de5f94 c0de5f94        0     1                 $t.14
c0de5f95 c0de5f95       90     1                 nbgl_containerPoolGet
c0de601c c0de601c        0     1                 $d.15
c0de6024 c0de6024        c     2         build/nanos2/obj/sdk/lib_nbgl/src/nbgl_obj_pool.o:(.text.OUTLINED_FUNCTION_0)
c0de6024 c0de6024        0     1                 $t.18
c0de6025 c0de6025        c     1                 OUTLINED_FUNCTION_0
c0de6030 c0de6030        a     2         build/nanos2/obj/sdk/lib_nbgl/src/nbgl_obj_pool.o:(.text.OUTLINED_FUNCTION_1)
c0de6030 c0de6030        0     1                 $t.19
c0de6031 c0de6031        a     1                 OUTLINED_FUNCTION_1
c0de603c c0de603c       24     4         build/nanos2/obj/sdk/lib_nbgl/src/nbgl_screen.o:(.text.nbgl_screenRedraw)
c0de603c c0de603c        0     1                 $t.0
c0de603d c0de603d       24     1                 nbgl_screenRedraw
c0de605c c0de605c        0     1                 $d.1
c0de6060 c0de6060       18     4         build/nanos2/obj/sdk/lib_nbgl/src/nbgl_screen.o:(.text.nbgl_screenGetTop)
c0de6060 c0de6060        0     1                 $t.4
c0de6061 c0de6061       18     1                 nbgl_screenGetTop
c0de6074 c0de6074        0     1                 $d.5
c0de6078 c0de6078       44     4         build/nanos2/obj/sdk/lib_nbgl/src/nbgl_screen.o:(.text.nbgl_screenSet)
c0de6078 c0de6078        0     1                 $t.10
c0de6079 c0de6079       44     1                 nbgl_screenSet
c0de60b4 c0de60b4        0     1                 $d.11
c0de60bc c0de60bc      12c     4         build/nanos2/obj/sdk/lib_nbgl/src/nbgl_screen.o:(.text.nbgl_screenSetAt)
c0de60bc c0de60bc        0     1                 $t.12
c0de60bd c0de60bd      12c     1                 nbgl_screenSetAt
c0de61e4 c0de61e4        0     1                 $d.13
c0de61e8 c0de61e8      108     4         build/nanos2/obj/sdk/lib_nbgl/src/nbgl_screen.o:(.text.nbgl_screenPush)
c0de61e8 c0de61e8        0     1                 $t.22
c0de61e9 c0de61e9      108     1                 nbgl_screenPush
c0de62e8 c0de62e8        0     1                 $d.23
c0de62f0 c0de62f0      130     4         build/nanos2/obj/sdk/lib_nbgl/src/nbgl_screen.o:(.text.nbgl_screenPop)
c0de62f0 c0de62f0        0     1                 $t.24
c0de62f1 c0de62f1      130     1                 nbgl_screenPop
c0de6418 c0de6418        0     1                 $d.25
c0de6420 c0de6420       88     4         build/nanos2/obj/sdk/lib_nbgl/src/nbgl_screen.o:(.text.nbgl_screenHandler)
c0de6420 c0de6420        0     1                 $t.28
c0de6421 c0de6421       88     1                 nbgl_screenHandler
c0de64a4 c0de64a4        0     1                 $d.29
c0de64a8 c0de64a8       72     2         build/nanos2/obj/sdk/lib_nbgl/src/nbgl_step.o:(.text.nbgl_stepDrawText)
c0de64a8 c0de64a8        0     1                 $t.0
c0de64a9 c0de64a9       72     1                 nbgl_stepDrawText
c0de651c c0de651c       4c     4         build/nanos2/obj/sdk/lib_nbgl/src/nbgl_step.o:(.text.getFreeContext)
c0de651c c0de651c        0     1                 $t.1
c0de651d c0de651d       4c     1                 getFreeContext
c0de6564 c0de6564        0     1                 $d.2
c0de6568 c0de6568      1cc     4         build/nanos2/obj/sdk/lib_nbgl/src/nbgl_step.o:(.text.displayTextPage)
c0de6568 c0de6568        0     1                 $t.3
c0de6569 c0de6569      1cc     1                 displayTextPage
c0de672c c0de672c        0     1                 $d.4
c0de6734 c0de6734       7c     4         build/nanos2/obj/sdk/lib_nbgl/src/nbgl_step.o:(.text.nbgl_stepDrawCenteredInfo)
c0de6734 c0de6734        0     1                 $t.5
c0de6735 c0de6735       7c     1                 nbgl_stepDrawCenteredInfo
c0de67ac c0de67ac        0     1                 $d.6
c0de67b0 c0de67b0       6c     2         build/nanos2/obj/sdk/lib_nbgl/src/nbgl_step.o:(.text.actionCallback)
c0de67b0 c0de67b0        0     1                 $t.7
c0de67b1 c0de67b1       6c     1                 actionCallback
c0de681c c0de681c       38     2         build/nanos2/obj/sdk/lib_nbgl/src/nbgl_step.o:(.text.getNavigationInfo)
c0de681c c0de681c        0     1                 $t.8
c0de681d c0de681d       38     1                 getNavigationInfo
c0de6854 c0de6854       36     2         build/nanos2/obj/sdk/lib_nbgl/src/nbgl_step.o:(.text.nbgl_stepDrawMenuList)
c0de6854 c0de6854        0     1                 $t.9
c0de6855 c0de6855       36     1                 nbgl_stepDrawMenuList
c0de688c c0de688c       78     4         build/nanos2/obj/sdk/lib_nbgl/src/nbgl_step.o:(.text.displayMenuList)
c0de688c c0de688c        0     1                 $t.10
c0de688d c0de688d       78     1                 displayMenuList
c0de6900 c0de6900        0     1                 $d.11
c0de6904 c0de6904       7c     4         build/nanos2/obj/sdk/lib_nbgl/src/nbgl_step.o:(.text.nbgl_stepDrawSwitch)
c0de6904 c0de6904        0     1                 $t.13
c0de6905 c0de6905       7c     1                 nbgl_stepDrawSwitch
c0de697c c0de697c        0     1                 $d.14
c0de6980 c0de6980       18     2         build/nanos2/obj/sdk/lib_nbgl/src/nbgl_step.o:(.text.nbgl_stepRelease)
c0de6980 c0de6980        0     1                 $t.15
c0de6981 c0de6981       18     1                 nbgl_stepRelease
c0de6998 c0de6998       28     4         build/nanos2/obj/sdk/lib_nbgl/src/nbgl_step.o:(.text.getContextFromLayout)
c0de6998 c0de6998        0     1                 $t.16
c0de6999 c0de6999       28     1                 getContextFromLayout
c0de69bc c0de69bc        0     1                 $d.17
c0de69c0 c0de69c0       40     2         build/nanos2/obj/sdk/lib_nbgl/src/nbgl_step.o:(.text.menuListActionCallback)
c0de69c0 c0de69c0        0     1                 $t.18
c0de69c1 c0de69c1       40     1                 menuListActionCallback
c0de6a00 c0de6a00       8e     2         build/nanos2/obj/sdk/lib_nbgl/src/nbgl_step.o:(.text.OUTLINED_FUNCTION_0)
c0de6a00 c0de6a00        0     1                 $t.19
c0de6a01 c0de6a01       8e     1                 OUTLINED_FUNCTION_0
c0de6a8e c0de6a8e       4a     2         build/nanos2/obj/sdk/lib_nbgl/src/nbgl_step.o:(.text.OUTLINED_FUNCTION_1)
c0de6a8e c0de6a8e        0     1                 $t.20
c0de6a8f c0de6a8f       4a     1                 OUTLINED_FUNCTION_1
c0de6ad8 c0de6ad8       12     2         build/nanos2/obj/sdk/lib_nbgl/src/nbgl_step.o:(.text.OUTLINED_FUNCTION_2)
c0de6ad8 c0de6ad8        0     1                 $t.21
c0de6ad9 c0de6ad9       12     1                 OUTLINED_FUNCTION_2
c0de6aea c0de6aea        a     2         build/nanos2/obj/sdk/lib_nbgl/src/nbgl_step.o:(.text.OUTLINED_FUNCTION_3)
c0de6aea c0de6aea        0     1                 $t.22
c0de6aeb c0de6aeb        a     1                 OUTLINED_FUNCTION_3
c0de6af4 c0de6af4        6     2         build/nanos2/obj/sdk/lib_nbgl/src/nbgl_step.o:(.text.OUTLINED_FUNCTION_4)
c0de6af4 c0de6af4        0     1                 $t.23
c0de6af5 c0de6af5        6     1                 OUTLINED_FUNCTION_4
c0de6afa c0de6afa        e     2         build/nanos2/obj/sdk/lib_nbgl/src/nbgl_step.o:(.text.OUTLINED_FUNCTION_5)
c0de6afa c0de6afa        0     1                 $t.24
c0de6afb c0de6afb        e     1                 OUTLINED_FUNCTION_5
c0de6b08 c0de6b08       4c     4         build/nanos2/obj/sdk/lib_nbgl/src/nbgl_use_case_nanos.o:(.text.nbgl_useCaseHomeAndSettings)
c0de6b08 c0de6b08        0     1                 $t.11
c0de6b09 c0de6b09       4c     1                 nbgl_useCaseHomeAndSettings
c0de6b50 c0de6b50        0     1                 $d.12
c0de6b54 c0de6b54       78     4         build/nanos2/obj/sdk/lib_nbgl/src/nbgl_use_case_nanos.o:(.text.startUseCaseSettingsAtPage)
c0de6b54 c0de6b54        0     1                 $t.13
c0de6b55 c0de6b55       78     1                 startUseCaseSettingsAtPage
c0de6bc8 c0de6bc8        0     1                 $d.14
c0de6bcc c0de6bcc       8c     4         build/nanos2/obj/sdk/lib_nbgl/src/nbgl_use_case_nanos.o:(.text.startUseCaseHome)
c0de6bcc c0de6bcc        0     1                 $t.15
c0de6bcd c0de6bcd       8c     1                 startUseCaseHome
c0de6c54 c0de6c54        0     1                 $d.16
c0de6c58 c0de6c58       20     2         build/nanos2/obj/sdk/lib_nbgl/src/nbgl_use_case_nanos.o:(.text.nbgl_useCaseReview)
c0de6c58 c0de6c58        0     1                 $t.20
c0de6c59 c0de6c59       20     1                 nbgl_useCaseReview
c0de6c78 c0de6c78       50     4         build/nanos2/obj/sdk/lib_nbgl/src/nbgl_use_case_nanos.o:(.text.useCaseReview)
c0de6c78 c0de6c78        0     1                 $t.21
c0de6c79 c0de6c79       50     1                 useCaseReview
c0de6cc4 c0de6cc4        0     1                 $d.22
c0de6cc8 c0de6cc8       b0     4         build/nanos2/obj/sdk/lib_nbgl/src/nbgl_use_case_nanos.o:(.text.nbgl_useCaseAdvancedReview)
c0de6cc8 c0de6cc8        0     1                 $t.23
c0de6cc9 c0de6cc9       b0     1                 nbgl_useCaseAdvancedReview
c0de6d74 c0de6d74        0     1                 $d.24
c0de6d78 c0de6d78       14     4         build/nanos2/obj/sdk/lib_nbgl/src/nbgl_use_case_nanos.o:(.text.displayInitialWarning)
c0de6d78 c0de6d78        0     1                 $t.25
c0de6d79 c0de6d79       14     1                 displayInitialWarning
c0de6d88 c0de6d88        0     1                 $d.26
c0de6d8c c0de6d8c       24     4         build/nanos2/obj/sdk/lib_nbgl/src/nbgl_use_case_nanos.o:(.text.nbgl_useCaseReviewBlindSigning)
c0de6d8c c0de6d8c        0     1                 $t.27
c0de6d8d c0de6d8d       24     1                 nbgl_useCaseReviewBlindSigning
c0de6dac c0de6dac        0     1                 $d.28
c0de6db0 c0de6db0       60     4         build/nanos2/obj/sdk/lib_nbgl/src/nbgl_use_case_nanos.o:(.text.nbgl_useCaseAddressReview)
c0de6db0 c0de6db0        0     1                 $t.30
c0de6db1 c0de6db1       60     1                 nbgl_useCaseAddressReview
c0de6e0c c0de6e0c        0     1                 $d.31
c0de6e10 c0de6e10      118     4         build/nanos2/obj/sdk/lib_nbgl/src/nbgl_use_case_nanos.o:(.text.displayReviewPage)
c0de6e10 c0de6e10        0     1                 $t.32
c0de6e11 c0de6e11      118     1                 displayReviewPage
c0de6f18 c0de6f18        0     1                 $d.33
c0de6f28 c0de6f28       40     4         build/nanos2/obj/sdk/lib_nbgl/src/nbgl_use_case_nanos.o:(.text.nbgl_useCaseStatus)
c0de6f28 c0de6f28        0     1                 $t.36
c0de6f29 c0de6f29       40     1                 nbgl_useCaseStatus
c0de6f60 c0de6f60        0     1                 $d.37
c0de6f68 c0de6f68      188     4         build/nanos2/obj/sdk/lib_nbgl/src/nbgl_use_case_nanos.o:(.text.drawStep)
c0de6f68 c0de6f68        0     1                 $t.38
c0de6f69 c0de6f69      188     1                 drawStep
c0de70dc c0de70dc        0     1                 $d.39
c0de70f0 c0de70f0       1c     4         build/nanos2/obj/sdk/lib_nbgl/src/nbgl_use_case_nanos.o:(.text.statusButtonCallback)
c0de70f0 c0de70f0        0     1                 $t.40
c0de70f1 c0de70f1       1c     1                 statusButtonCallback
c0de7108 c0de7108        0     1                 $d.41
c0de710c c0de710c       94     4         build/nanos2/obj/sdk/lib_nbgl/src/nbgl_use_case_nanos.o:(.text.nbgl_useCaseReviewStatus)
c0de710c c0de710c        0     1                 $t.42
c0de710d c0de710d       94     1                 nbgl_useCaseReviewStatus
c0de7180 c0de7180        0     1                 $d.43
c0de71a0 c0de71a0      184     4         build/nanos2/obj/sdk/lib_nbgl/src/nbgl_use_case_nanos.o:(.text.displayStreamingReviewPage)
c0de71a0 c0de71a0        0     1                 $t.46
c0de71a1 c0de71a1      184     1                 displayStreamingReviewPage
c0de7310 c0de7310        0     1                 $d.47
c0de7324 c0de7324       3c     4         build/nanos2/obj/sdk/lib_nbgl/src/nbgl_use_case_nanos.o:(.text.nbgl_useCaseSpinner)
c0de7324 c0de7324        0     1                 $t.57
c0de7325 c0de7325       3c     1                 nbgl_useCaseSpinner
c0de7358 c0de7358        0     1                 $d.58
c0de7360 c0de7360       38     4         build/nanos2/obj/sdk/lib_nbgl/src/nbgl_use_case_nanos.o:(.text.nbgl_useCaseChoice)
c0de7360 c0de7360        0     1                 $t.59
c0de7361 c0de7361       38     1                 nbgl_useCaseChoice
c0de7394 c0de7394        0     1                 $d.60
c0de7398 c0de7398       bc     4         build/nanos2/obj/sdk/lib_nbgl/src/nbgl_use_case_nanos.o:(.text.displayChoicePage)
c0de7398 c0de7398        0     1                 $t.61
c0de7399 c0de7399       bc     1                 displayChoicePage
c0de743c c0de743c        0     1                 $d.62
c0de7454 c0de7454       b4     4         build/nanos2/obj/sdk/lib_nbgl/src/nbgl_use_case_nanos.o:(.text.getContentAtIdx)
c0de7454 c0de7454        0     1                 $t.71
c0de7455 c0de7455       b4     1                 getContentAtIdx
c0de7504 c0de7504        0     1                 $d.72
c0de7508 c0de7508       34     2         build/nanos2/obj/sdk/lib_nbgl/src/nbgl_use_case_nanos.o:(.text.getContentNbElement)
c0de7508 c0de7508        0     1                 $t.73
c0de7509 c0de7509       34     1                 getContentNbElement
c0de753c c0de753c       ac     4         build/nanos2/obj/sdk/lib_nbgl/src/nbgl_use_case_nanos.o:(.text.displayContent)
c0de753c c0de753c        0     1                 $t.74
c0de753d c0de753d       ac     1                 displayContent
c0de75d0 c0de75d0        0     1                 $d.75
c0de75e8 c0de75e8      144     4         build/nanos2/obj/sdk/lib_nbgl/src/nbgl_use_case_nanos.o:(.text.getContentPage)
c0de75e8 c0de75e8        0     1                 $t.76
c0de75e9 c0de75e9      144     1                 getContentPage
c0de7720 c0de7720        0     1                 $d.77
c0de772c c0de772c       50     4         build/nanos2/obj/sdk/lib_nbgl/src/nbgl_use_case_nanos.o:(.text.drawSwitchStep)
c0de772c c0de772c        0     1                 $t.78
c0de772d c0de772d       50     1                 drawSwitchStep
c0de7778 c0de7778        0     1                 $d.79
c0de777c c0de777c       1e     2         build/nanos2/obj/sdk/lib_nbgl/src/nbgl_use_case_nanos.o:(.text.contentCallback)
c0de777c c0de777c        0     1                 $t.80
c0de777d c0de777d       1e     1                 contentCallback
c0de779c c0de779c       88     4         build/nanos2/obj/sdk/lib_nbgl/src/nbgl_use_case_nanos.o:(.text.getContentElemAtIdx)
c0de779c c0de779c        0     1                 $t.81
c0de779d c0de779d       88     1                 getContentElemAtIdx
c0de781c c0de781c        0     1                 $d.82
c0de7824 c0de7824       46     2         build/nanos2/obj/sdk/lib_nbgl/src/nbgl_use_case_nanos.o:(.text.getPairData)
c0de7824 c0de7824        0     1                 $t.83
c0de7825 c0de7825       46     1                 getPairData
c0de786c c0de786c       b0     4         build/nanos2/obj/sdk/lib_nbgl/src/nbgl_use_case_nanos.o:(.text.onSwitchAction)
c0de786c c0de786c        0     1                 $t.84
c0de786d c0de786d       b0     1                 onSwitchAction
c0de7914 c0de7914        0     1                 $d.85
c0de791c c0de791c       9c     4         build/nanos2/obj/sdk/lib_nbgl/src/nbgl_use_case_nanos.o:(.text.displaySettingsPage)
c0de791c c0de791c        0     1                 $t.86
c0de791d c0de791d       9c     1                 displaySettingsPage
c0de79a0 c0de79a0        0     1                 $d.87
c0de79b8 c0de79b8       1e     2         build/nanos2/obj/sdk/lib_nbgl/src/nbgl_use_case_nanos.o:(.text.settingsCallback)
c0de79b8 c0de79b8        0     1                 $t.88
c0de79b9 c0de79b9       1e     1                 settingsCallback
c0de79d8 c0de79d8      120     4         build/nanos2/obj/sdk/lib_nbgl/src/nbgl_use_case_nanos.o:(.text.buttonGenericCallback)
c0de79d8 c0de79d8        0     1                 $t.89
c0de79d9 c0de79d9      120     1                 buttonGenericCallback
c0de7af0 c0de7af0        0     1                 $d.90
c0de7af8 c0de7af8       fc     4         build/nanos2/obj/sdk/lib_nbgl/src/nbgl_use_case_nanos.o:(.text.displayHomePage)
c0de7af8 c0de7af8        0     1                 $t.91
c0de7af9 c0de7af9       fc     1                 displayHomePage
c0de7bc8 c0de7bc8        0     1                 $d.92
c0de7bf4 c0de7bf4        6     2         build/nanos2/obj/sdk/lib_nbgl/src/nbgl_use_case_nanos.o:(.text.startUseCaseSettings)
c0de7bf4 c0de7bf4        0     1                 $t.93
c0de7bf5 c0de7bf5        6     1                 startUseCaseSettings
c0de7bfc c0de7bfc       24     4         build/nanos2/obj/sdk/lib_nbgl/src/nbgl_use_case_nanos.o:(.text.startUseCaseInfo)
c0de7bfc c0de7bfc        0     1                 $t.94
c0de7bfd c0de7bfd       24     1                 startUseCaseInfo
c0de7c1c c0de7c1c        0     1                 $d.95
c0de7c20 c0de7c20       1c     2         build/nanos2/obj/sdk/lib_nbgl/src/nbgl_use_case_nanos.o:(.text.homeCallback)
c0de7c20 c0de7c20        0     1                 $t.96
c0de7c21 c0de7c21       1c     1                 homeCallback
c0de7c3c c0de7c3c       78     4         build/nanos2/obj/sdk/lib_nbgl/src/nbgl_use_case_nanos.o:(.text.displayInfoPage)
c0de7c3c c0de7c3c        0     1                 $t.97
c0de7c3d c0de7c3d       78     1                 displayInfoPage
c0de7c9c c0de7c9c        0     1                 $d.98
c0de7cb4 c0de7cb4       1c     2         build/nanos2/obj/sdk/lib_nbgl/src/nbgl_use_case_nanos.o:(.text.infoCallback)
c0de7cb4 c0de7cb4        0     1                 $t.99
c0de7cb5 c0de7cb5       1c     1                 infoCallback
c0de7cd0 c0de7cd0       80     4         build/nanos2/obj/sdk/lib_nbgl/src/nbgl_use_case_nanos.o:(.text.displayWarningStep)
c0de7cd0 c0de7cd0        0     1                 $t.100
c0de7cd1 c0de7cd1       80     1                 displayWarningStep
c0de7d3c c0de7d3c        0     1                 $d.101
c0de7d50 c0de7d50      128     4         build/nanos2/obj/sdk/lib_nbgl/src/nbgl_use_case_nanos.o:(.text.getLastPageInfo)
c0de7d50 c0de7d50        0     1                 $t.102
c0de7d51 c0de7d51      128     1                 getLastPageInfo
c0de7e1c c0de7e1c        0     1                 $d.103
c0de7e78 c0de7e78       9c     4         build/nanos2/obj/sdk/lib_nbgl/src/nbgl_use_case_nanos.o:(.text.warningNavigate)
c0de7e78 c0de7e78        0     1                 $t.104
c0de7e79 c0de7e79       9c     1                 warningNavigate
c0de7f10 c0de7f10        0     1                 $d.105
c0de7f14 c0de7f14       14     4         build/nanos2/obj/sdk/lib_nbgl/src/nbgl_use_case_nanos.o:(.text.onReviewAccept)
c0de7f14 c0de7f14        0     1                 $t.106
c0de7f15 c0de7f15       14     1                 onReviewAccept
c0de7f24 c0de7f24        0     1                 $d.107
c0de7f28 c0de7f28       14     4         build/nanos2/obj/sdk/lib_nbgl/src/nbgl_use_case_nanos.o:(.text.onReviewReject)
c0de7f28 c0de7f28        0     1                 $t.108
c0de7f29 c0de7f29       14     1                 onReviewReject
c0de7f38 c0de7f38        0     1                 $d.109
c0de7f3c c0de7f3c       68     4         build/nanos2/obj/sdk/lib_nbgl/src/nbgl_use_case_nanos.o:(.text.displayAliasFullValue)
c0de7f3c c0de7f3c        0     1                 $t.110
c0de7f3d c0de7f3d       68     1                 displayAliasFullValue
c0de7fa0 c0de7fa0        0     1                 $d.111
c0de7fa4 c0de7fa4       1c     2         build/nanos2/obj/sdk/lib_nbgl/src/nbgl_use_case_nanos.o:(.text.reviewCallback)
c0de7fa4 c0de7fa4        0     1                 $t.112
c0de7fa5 c0de7fa5       1c     1                 reviewCallback
c0de7fc0 c0de7fc0       bc     4         build/nanos2/obj/sdk/lib_nbgl/src/nbgl_use_case_nanos.o:(.text.displayExtensionStep)
c0de7fc0 c0de7fc0        0     1                 $t.113
c0de7fc1 c0de7fc1       bc     1                 displayExtensionStep
c0de8068 c0de8068        0     1                 $d.114
c0de807c c0de807c       7c     4         build/nanos2/obj/sdk/lib_nbgl/src/nbgl_use_case_nanos.o:(.text.extensionNavigate)
c0de807c c0de807c        0     1                 $t.115
c0de807d c0de807d       7c     1                 extensionNavigate
c0de80f4 c0de80f4        0     1                 $d.116
c0de80f8 c0de80f8       10     4         build/nanos2/obj/sdk/lib_nbgl/src/nbgl_use_case_nanos.o:(.text.statusTickerCallback)
c0de80f8 c0de80f8        0     1                 $t.117
c0de80f9 c0de80f9       10     1                 statusTickerCallback
c0de8104 c0de8104        0     1                 $d.118
c0de8108 c0de8108       64     4         build/nanos2/obj/sdk/lib_nbgl/src/nbgl_use_case_nanos.o:(.text.getChoiceName)
c0de8108 c0de8108        0     1                 $t.119
c0de8109 c0de8109       64     1                 getChoiceName
c0de8164 c0de8164        0     1                 $d.120
c0de816c c0de816c       6c     4         build/nanos2/obj/sdk/lib_nbgl/src/nbgl_use_case_nanos.o:(.text.onChoiceSelected)
c0de816c c0de816c        0     1                 $t.121
c0de816d c0de816d       6c     1                 onChoiceSelected
c0de81d4 c0de81d4        0     1                 $d.122
c0de81d8 c0de81d8       70     4         build/nanos2/obj/sdk/lib_nbgl/src/nbgl_use_case_nanos.o:(.text.buttonSkipCallback)
c0de81d8 c0de81d8        0     1                 $t.123
c0de81d9 c0de81d9       70     1                 buttonSkipCallback
c0de8244 c0de8244        0     1                 $d.124
c0de8248 c0de8248       2c     4         build/nanos2/obj/sdk/lib_nbgl/src/nbgl_use_case_nanos.o:(.text.streamingReviewCallback)
c0de8248 c0de8248        0     1                 $t.125
c0de8249 c0de8249       2c     1                 streamingReviewCallback
c0de8270 c0de8270        0     1                 $d.126
c0de8274 c0de8274       14     4         build/nanos2/obj/sdk/lib_nbgl/src/nbgl_use_case_nanos.o:(.text.onChoiceAccept)
c0de8274 c0de8274        0     1                 $t.127
c0de8275 c0de8275       14     1                 onChoiceAccept
c0de8284 c0de8284        0     1                 $d.128
c0de8288 c0de8288       14     4         build/nanos2/obj/sdk/lib_nbgl/src/nbgl_use_case_nanos.o:(.text.onChoiceReject)
c0de8288 c0de8288        0     1                 $t.129
c0de8289 c0de8289       14     1                 onChoiceReject
c0de8298 c0de8298        0     1                 $d.130
c0de829c c0de829c       1c     2         build/nanos2/obj/sdk/lib_nbgl/src/nbgl_use_case_nanos.o:(.text.genericChoiceCallback)
c0de829c c0de829c        0     1                 $t.131
c0de829d c0de829d       1c     1                 genericChoiceCallback
c0de82b8 c0de82b8       14     2         build/nanos2/obj/sdk/lib_nbgl/src/nbgl_use_case_nanos.o:(.text.OUTLINED_FUNCTION_0)
c0de82b8 c0de82b8        0     1                 $t.137
c0de82b9 c0de82b9       14     1                 OUTLINED_FUNCTION_0
c0de82cc c0de82cc       16     2         build/nanos2/obj/sdk/lib_nbgl/src/nbgl_use_case_nanos.o:(.text.OUTLINED_FUNCTION_2)
c0de82cc c0de82cc        0     1                 $t.139
c0de82cd c0de82cd       16     1                 OUTLINED_FUNCTION_2
c0de82e2 c0de82e2        c     2         build/nanos2/obj/sdk/lib_nbgl/src/nbgl_use_case_nanos.o:(.text.OUTLINED_FUNCTION_3)
c0de82e2 c0de82e2        0     1                 $t.140
c0de82e3 c0de82e3        c     1                 OUTLINED_FUNCTION_3
c0de82ee c0de82ee        8     2         build/nanos2/obj/sdk/lib_nbgl/src/nbgl_use_case_nanos.o:(.text.OUTLINED_FUNCTION_4)
c0de82ee c0de82ee        0     1                 $t.141
c0de82ef c0de82ef        8     1                 OUTLINED_FUNCTION_4
c0de82f6 c0de82f6        c     2         build/nanos2/obj/sdk/lib_nbgl/src/nbgl_use_case_nanos.o:(.text.OUTLINED_FUNCTION_5)
c0de82f6 c0de82f6        0     1                 $t.142
c0de82f7 c0de82f7        c     1                 OUTLINED_FUNCTION_5
c0de8302 c0de8302        6     2         build/nanos2/obj/sdk/lib_nbgl/src/nbgl_use_case_nanos.o:(.text.OUTLINED_FUNCTION_6)
c0de8302 c0de8302        0     1                 $t.143
c0de8303 c0de8303        6     1                 OUTLINED_FUNCTION_6
c0de8308 c0de8308        8     2         build/nanos2/obj/sdk/lib_nbgl/src/nbgl_use_case_nanos.o:(.text.OUTLINED_FUNCTION_7)
c0de8308 c0de8308        0     1                 $t.144
c0de8309 c0de8309        8     1                 OUTLINED_FUNCTION_7
c0de8310 c0de8310        a     2         build/nanos2/obj/sdk/lib_nbgl/src/nbgl_use_case_nanos.o:(.text.OUTLINED_FUNCTION_8)
c0de8310 c0de8310        0     1                 $t.145
c0de8311 c0de8311        a     1                 OUTLINED_FUNCTION_8
c0de831a c0de831a        a     2         build/nanos2/obj/sdk/lib_nbgl/src/nbgl_use_case_nanos.o:(.text.OUTLINED_FUNCTION_9)
c0de831a c0de831a        0     1                 $t.146
c0de831b c0de831b        a     1                 OUTLINED_FUNCTION_9
c0de8324 c0de8324       4e     2         build/nanos2/obj/sdk/lib_standard_app/bip32.o:(.text.bip32_path_read)
c0de8324 c0de8324        0     1                 $t.0
c0de8325 c0de8325       4e     1                 bip32_path_read
c0de8372 c0de8372       16     2         build/nanos2/obj/sdk/lib_standard_app/buffer.o:(.text.buffer_seek_cur)
c0de8372 c0de8372        0     1                 $t.2
c0de8373 c0de8373       16     1                 buffer_seek_cur
c0de8388 c0de8388       2c     2         build/nanos2/obj/sdk/lib_standard_app/buffer.o:(.text.buffer_read_u8)
c0de8388 c0de8388        0     1                 $t.4
c0de8389 c0de8389       2c     1                 buffer_read_u8
c0de83b4 c0de83b4       40     2         build/nanos2/obj/sdk/lib_standard_app/buffer.o:(.text.buffer_read_u64)
c0de83b4 c0de83b4        0     1                 $t.7
c0de83b5 c0de83b5       40     1                 buffer_read_u64
c0de83f4 c0de83f4       3a     2         build/nanos2/obj/sdk/lib_standard_app/buffer.o:(.text.buffer_read_varint)
c0de83f4 c0de83f4        0     1                 $t.8
c0de83f5 c0de83f5       3a     1                 buffer_read_varint
c0de842e c0de842e       2e     2         build/nanos2/obj/sdk/lib_standard_app/buffer.o:(.text.buffer_read_bip32_path)
c0de842e c0de842e        0     1                 $t.9
c0de842f c0de842f       2e     1                 buffer_read_bip32_path
c0de845c c0de845c       26     2         build/nanos2/obj/sdk/lib_standard_app/buffer.o:(.text.buffer_copy)
c0de845c c0de845c        0     1                 $t.10
c0de845d c0de845d       26     1                 buffer_copy
c0de8482 c0de8482       32     2         build/nanos2/obj/sdk/lib_standard_app/buffer.o:(.text.buffer_move)
[...]
c0dec140 c0dec140      480     1                 .L__const.Poseidon_alloc_init.MixColumn
c0dec5c0 c0dec5c0       1d     4         build/nanos2/obj/app/src/zknox/hash/zkn_rfc9591frost.o:(.rodata..L__const.zkn_frost_H5_init.contextString_BabyFROST)
c0dec5c0 c0dec5c0       1d     1                 .L__const.zkn_frost_H5_init.contextString_BabyFROST
c0dec5dd c0dec5dd        2     1         build/nanos2/obj/sdk/lib_nbgl/src/nbgl_draw.o:(.rodata.radiusValues)
c0dec5dd c0dec5dd        2     1                 radiusValues
c0dec5df c0dec5df        2     1         build/nanos2/obj/sdk/lib_nbgl/src/nbgl_draw.o:(.rodata.quarter_disc_3px_180_1bpp)
c0dec5df c0dec5df        2     1                 quarter_disc_3px_180_1bpp
c0dec5e1 c0dec5e1        2     1         build/nanos2/obj/sdk/lib_nbgl/src/nbgl_draw.o:(.rodata.quarter_circle_3px_180_1bpp)
c0dec5e1 c0dec5e1        2     1                 quarter_circle_3px_180_1bpp
c0dec5e3 c0dec5e3        2     1         build/nanos2/obj/sdk/lib_nbgl/src/nbgl_draw.o:(.rodata.quarter_disc_3px_270_1bpp)
c0dec5e3 c0dec5e3        2     1                 quarter_disc_3px_270_1bpp
c0dec5e5 c0dec5e5        2     1         build/nanos2/obj/sdk/lib_nbgl/src/nbgl_draw.o:(.rodata.quarter_circle_3px_270_1bpp)
c0dec5e5 c0dec5e5        2     1                 quarter_circle_3px_270_1bpp
c0dec5e7 c0dec5e7        2     1         build/nanos2/obj/sdk/lib_nbgl/src/nbgl_draw.o:(.rodata.quarter_disc_3px_90_1bpp)
c0dec5e7 c0dec5e7        2     1                 quarter_disc_3px_90_1bpp
c0dec5e9 c0dec5e9        2     1         build/nanos2/obj/sdk/lib_nbgl/src/nbgl_draw.o:(.rodata.quarter_circle_3px_90_1bpp)
c0dec5e9 c0dec5e9        2     1                 quarter_circle_3px_90_1bpp
c0dec5eb c0dec5eb        2     1         build/nanos2/obj/sdk/lib_nbgl/src/nbgl_draw.o:(.rodata.quarter_disc_3px_1bpp)
c0dec5eb c0dec5eb        2     1                 quarter_disc_3px_1bpp
c0dec5ed c0dec5ed        2     1         build/nanos2/obj/sdk/lib_nbgl/src/nbgl_draw.o:(.rodata.quarter_circle_3px_1bpp)
c0dec5ed c0dec5ed        2     1                 quarter_circle_3px_1bpp
c0dec5f0 c0dec5f0       44     4         build/nanos2/obj/sdk/lib_nbgl/src/nbgl_obj.o:(.rodata.draw_functions)
c0dec5f0 c0dec5f0       44     1                 draw_functions
c0dec634 c0dec634       28     4         build/nanos2/obj/sdk/lib_nbgl/src/nbgl_use_case_nanos.o:(.rodata.blindSigningWarning)
c0dec634 c0dec634       28     1                 blindSigningWarning
c0dec65c c0dec65c        9     4         build/nanos2/obj/sdk/lib_stusb_impl/usbd_impl.o:(.rodata.USBD_HID_Desc)
c0dec65c c0dec65c        9     1                 USBD_HID_Desc
c0dec665 c0dec665       22     1         build/nanos2/obj/sdk/lib_stusb_impl/usbd_impl.o:(.rodata.HID_ReportDesc)
c0dec665 c0dec665       22     1                 HID_ReportDesc
c0dec687 c0dec687       39     1         build/nanos2/obj/sdk/lib_stusb_impl/usbd_impl.o:(.rodata.C_usb_bos)
c0dec687 c0dec687       39     1                 C_usb_bos
c0dec6c0 c0dec6c0       20     4         build/nanos2/obj/sdk/lib_stusb_impl/usbd_impl.o:(.rodata.HID_Desc)
c0dec6c0 c0dec6c0       20     1                 HID_Desc
c0dec6e0 c0dec6e0       12     1         build/nanos2/obj/sdk/lib_stusb_impl/usbd_impl.o:(.rodata.C_winusb_string_descriptor)
c0dec6e0 c0dec6e0       12     1                 C_winusb_string_descriptor
c0dec6f2 c0dec6f2       92     1         build/nanos2/obj/sdk/lib_stusb_impl/usbd_impl.o:(.rodata.C_winusb_guid)
c0dec6f2 c0dec6f2       92     1                 C_winusb_guid
c0dec784 c0dec784       b2     1         build/nanos2/obj/sdk/lib_stusb_impl/usbd_impl.o:(.rodata.C_winusb_request_descriptor)
c0dec784 c0dec784       b2     1                 C_winusb_request_descriptor
c0dec838 c0dec838       38     4         build/nanos2/obj/sdk/lib_stusb_impl/usbd_impl.o:(.rodata.USBD_HID)
c0dec838 c0dec838       38     1                 USBD_HID
c0dec870 c0dec870       38     4         build/nanos2/obj/sdk/lib_stusb_impl/usbd_impl.o:(.rodata.USBD_WEBUSB)
c0dec870 c0dec870       38     1                 USBD_WEBUSB
c0dec8a8 c0dec8a8       12     1         build/nanos2/obj/sdk/lib_stusb_impl/usbd_impl.o:(.rodata.USBD_DeviceDesc)
c0dec8a8 c0dec8a8       12     1                 USBD_DeviceDesc
c0dec8ba c0dec8ba        4     1         build/nanos2/obj/sdk/lib_stusb_impl/usbd_impl.o:(.rodata.USBD_LangIDDesc)
c0dec8ba c0dec8ba        4     1                 USBD_LangIDDesc
c0dec8be c0dec8be        e     1         build/nanos2/obj/sdk/lib_stusb_impl/usbd_impl.o:(.rodata.USBD_MANUFACTURER_STRING)
c0dec8be c0dec8be        e     1                 USBD_MANUFACTURER_STRING
c0dec8cc c0dec8cc       18     1         build/nanos2/obj/sdk/lib_stusb_impl/usbd_impl.o:(.rodata.USBD_PRODUCT_FS_STRING)
c0dec8cc c0dec8cc       18     1                 USBD_PRODUCT_FS_STRING
c0dec8e4 c0dec8e4        a     1         build/nanos2/obj/sdk/lib_stusb_impl/usbd_impl.o:(.rodata.USB_SERIAL_STRING)
c0dec8e4 c0dec8e4        a     1                 USB_SERIAL_STRING
c0dec8ee c0dec8ee       28     1         build/nanos2/obj/sdk/lib_stusb_impl/usbd_impl.o:(.rodata.C_winusb_wcid)
c0dec8ee c0dec8ee       28     1                 C_winusb_wcid
c0dec918 c0dec918       40     4         build/nanos2/obj/sdk/lib_stusb_impl/usbd_impl.o:(.rodata.USBD_CfgDesc)
c0dec918 c0dec918       40     1                 USBD_CfgDesc
c0dec958 c0dec958        a     4         build/nanos2/obj/sdk/lib_stusb_impl/usbd_impl.o:(.rodata.USBD_DeviceQualifierDesc)
c0dec958 c0dec958        a     1                 USBD_DeviceQualifierDesc
c0dec962 c0dec962        5     1         build/nanos2/obj/sdk/src/os_io_seproxyhal.o:(.rodata.seph_io_general_status)
c0dec962 c0dec962        5     1                 seph_io_general_status
c0dec967 c0dec967       20     1         <internal>:(.text)
c0dec987 c0dec987        1     1         . = ALIGN ( 4 )
c0dec988 c0dec988        0     1         _etext = .
c0dec988 c0dec988       78     1         . = ALIGN ( PAGE_SIZE )
c0deca00 c0deca00        0     1         _nvram_data = .
c0deca00 c0deca00        3     1         build/nanos2/obj/app/src/app_main.o:(.rodata.N_storage_real)
c0deca00 c0deca00        3     1                 N_storage_real
c0deca03 c0deca03      1fd     1         . = ALIGN ( PAGE_SIZE )
c0decc00 c0decc00        0     1         _envram_data = .
c0decc00 c0decc00        0     1         _install_parameters = .
c0decc00 c0decc00       3f     1         build/nanos2/obj/sdk/src/app_metadata.o:(.install_parameters)
c0decc00 c0decc00       3f     1                 install_parameters
c0decc3f c0decc3f        0     1         _einstall_parameters = .
c0decc3f c0decc3f        0     1         _nvram_end = .
d0000000 d0000000        0     1 .data
d0000000 d0000000        0     1         . = ALIGN ( 4 )
d0000000 d0000000        0     1         _data = .
d0000000 d0000000        0     1         _edata = .
d0000000 d0000000        0     1 
da7a0000 da7a0000     1b34     8 .bss
da7a0000 da7a0000        0     1         _bss = .
da7a0000 da7a0000      2d8     8         build/nanos2/obj/app/src/app_main.o:(.bss.G_context)
da7a0000 da7a0000      2d8     1                 G_context
da7a02d8 da7a02d8       48     8         build/nanos2/obj/app/src/swap/handle_swap_sign_transaction.o:(.bss.G_swap_validated)
da7a02d8 da7a02d8       48     1                 G_swap_validated
da7a0320 da7a0320       1c     4         build/nanos2/obj/app/src/ui/menu_nbgl.o:(.bss..L_MergedGlobals)
da7a0320 da7a0320       1c     1                 .L_MergedGlobals
da7a0320 da7a0320        1     1                 initSettingPage
da7a0324 da7a0324       18     1                 switches
da7a033c da7a033c       2b     4         build/nanos2/obj/app/src/ui/nbgl_display_address.o:(.bss.g_address)
da7a033c da7a033c       2b     1                 g_address
da7a0368 da7a0368       7f     4         build/nanos2/obj/app/src/ui/nbgl_display_transaction.o:(.bss..L_MergedGlobals)
da7a0368 da7a0368       7f     1                 .L_MergedGlobals
da7a0368 da7a0368       14     1                 pairList
da7a037c da7a037c       1e     1                 g_amount
da7a039c da7a039c       20     1                 pairs
da7a03bc da7a03bc       2b     1                 g_address
da7a03e8 da7a03e8        8     4         build/nanos2/obj/sdk/lib_nbgl/src/nbgl_buttons.o:(.bss..L_MergedGlobals)
da7a03e8 da7a03e8        8     1                 .L_MergedGlobals
da7a03e8 da7a03e8        1     1                 gButtonMask
da7a03ec da7a03ec        4     1                 gButtonSameMaskCounter
da7a03f0 da7a03f0       24     4         build/nanos2/obj/sdk/lib_nbgl/src/nbgl_layout_nanos.o:(.bss.gLayout)
da7a03f0 da7a03f0       24     1                 gLayout
da7a0414 da7a0414       14     4         build/nanos2/obj/sdk/lib_nbgl/src/nbgl_layout_nanos.o:(.bss.nbgl_layoutAddText.tmpString)
da7a0414 da7a0414       14     1                 nbgl_layoutAddText.tmpString
da7a0428 da7a0428        1     1         build/nanos2/obj/sdk/lib_nbgl/src/nbgl_obj.o:(.bss.objDrawingDisabled)
da7a0428 da7a0428        1     1                 objDrawingDisabled
da7a042a da7a042a        a     2         build/nanos2/obj/sdk/lib_nbgl/src/nbgl_obj.o:(.bss.refreshArea)
da7a042a da7a042a        a     1                 refreshArea
da7a0434 da7a0434      801     1         build/nanos2/obj/sdk/lib_nbgl/src/nbgl_obj.o:(.bss.ramBuffer)
da7a0434 da7a0434      801     1                 ramBuffer
da7a0c35 da7a0c35      7a8     1         build/nanos2/obj/sdk/lib_nbgl/src/nbgl_obj_pool.o:(.bss.objPool)
da7a0c35 da7a0c35      7a8     1                 objPool
da7a13e0 da7a13e0      100     4         build/nanos2/obj/sdk/lib_nbgl/src/nbgl_obj_pool.o:(.bss.objContainerPool)
da7a13e0 da7a13e0      100     1                 objContainerPool
da7a14e0 da7a14e0       6b     1         build/nanos2/obj/sdk/lib_nbgl/src/nbgl_obj_pool.o:(.bss..L_MergedGlobals)
da7a14e0 da7a14e0       6b     1                 .L_MergedGlobals
da7a14e0 da7a14e0        1     1                 nbUsedObjsInPool
da7a14e1 da7a14e1        1     1                 initialized
da7a14e2 da7a14e2        1     1                 nbUsedObjsInContainerPool
da7a14e3 da7a14e3       28     1                 objPoolLayers
da7a150b da7a150b       40     1                 objPointersPoolLayers
da7a154b da7a154b      100     1         build/nanos2/obj/sdk/lib_nbgl/src/nbgl_screen.o:(.bss.screenStack)
da7a154b da7a154b      100     1                 screenStack
da7a164c da7a164c        8     4         build/nanos2/obj/sdk/lib_nbgl/src/nbgl_screen.o:(.bss..L_MergedGlobals)
da7a164c da7a164c        8     1                 .L_MergedGlobals
da7a164c da7a164c        1     1                 nbScreensOnStack
da7a1650 da7a1650        4     1                 topOfStack
da7a1654 da7a1654       d8     4         build/nanos2/obj/sdk/lib_nbgl/src/nbgl_step.o:(.bss.contexts)
da7a1654 da7a1654       d8     1                 contexts
da7a172c da7a172c       68     4         build/nanos2/obj/sdk/lib_nbgl/src/nbgl_use_case_nanos.o:(.bss..L_MergedGlobals)
da7a172c da7a172c       68     1                 .L_MergedGlobals
da7a172c da7a172c       28     1                 reviewWithWarnCtx
da7a1754 da7a1754       40     1                 context
da7a1794 da7a1794      12c     1         build/nanos2/obj/sdk/lib_standard_app/io.o:(.bss.G_io_seproxyhal_spi_buffer)
da7a1794 da7a1794      12c     1                 G_io_seproxyhal_spi_buffer
da7a18c0 da7a18c0        8     4         build/nanos2/obj/sdk/lib_standard_app/io.o:(.bss..L_MergedGlobals)
da7a18c0 da7a18c0        8     1                 .L_MergedGlobals
da7a18c0 da7a18c0        1     1                 G_io_state
da7a18c4 da7a18c4        4     1                 G_output_len
da7a18c8 da7a18c8        c     4         build/nanos2/obj/sdk/lib_standard_app/main.o:(.bss.G_ux_params)
da7a18c8 da7a18c8        c     1                 G_ux_params
da7a18d4 da7a18d4        1     1         build/nanos2/obj/sdk/lib_standard_app/swap_utils.o:(.bss.G_called_from_swap)
da7a18d4 da7a18d4        1     1                 G_called_from_swap
da7a18d5 da7a18d5        1     1         build/nanos2/obj/sdk/lib_standard_app/swap_utils.o:(.bss.G_swap_response_ready)
da7a18d5 da7a18d5        1     1                 G_swap_response_ready
da7a18d8 da7a18d8        4     4         build/nanos2/obj/sdk/lib_standard_app/swap_utils.o:(.bss.G_swap_signing_return_value_address)
da7a18d8 da7a18d8        4     1                 G_swap_signing_return_value_address
da7a18dc da7a18dc       d4     4         build/nanos2/obj/sdk/lib_stusb/STM32_USB_Device_Library/Core/Src/usbd_core.o:(.bss.USBD_Device)
da7a18dc da7a18dc       d4     1                 USBD_Device
da7a19b0 da7a19b0        4     4         build/nanos2/obj/sdk/lib_stusb/usbd_conf.o:(.bss.ep_in_stall)
da7a19b0 da7a19b0        4     1                 ep_in_stall
da7a19b4 da7a19b4        4     4         build/nanos2/obj/sdk/lib_stusb/usbd_conf.o:(.bss.ep_out_stall)
da7a19b4 da7a19b4        4     1                 ep_out_stall
da7a19b8 da7a19b8        4     4         build/nanos2/obj/sdk/lib_ux_nbgl/ux.o:(.bss.nbTicks)
da7a19b8 da7a19b8        4     1                 nbTicks
da7a19bc da7a19bc      104     1         build/nanos2/obj/sdk/src/os.o:(.bss.G_io_apdu_buffer)
da7a19bc da7a19bc      104     1                 G_io_apdu_buffer
da7a1ac0 da7a1ac0       1c     4         build/nanos2/obj/sdk/src/os_io_seproxyhal.o:(.bss.G_io_app)
da7a1ac0 da7a1ac0       1c     1                 G_io_app
da7a1adc da7a1adc       40     1         build/nanos2/obj/sdk/src/os_io_usb.o:(.bss.G_io_usb_ep_buffer)
da7a1adc da7a1adc       40     1                 G_io_usb_ep_buffer
da7a1b1c da7a1b1c        4     4         build/nanos2/obj/sdk/src/os_io_usb.o:(.bss.G_io_usb_hid_sequence_number)
da7a1b1c da7a1b1c        4     1                 G_io_usb_hid_sequence_number
da7a1b20 da7a1b20        4     4         build/nanos2/obj/sdk/src/os_io_usb.o:(.bss.G_io_usb_hid_total_length)
da7a1b20 da7a1b20        4     1                 G_io_usb_hid_total_length
da7a1b24 da7a1b24        4     4         build/nanos2/obj/sdk/src/os_io_usb.o:(.bss.G_io_usb_hid_remaining_length)
da7a1b24 da7a1b24        4     1                 G_io_usb_hid_remaining_length
da7a1b28 da7a1b28        4     4         build/nanos2/obj/sdk/src/os_io_usb.o:(.bss.G_io_usb_hid_current_buffer)
da7a1b28 da7a1b28        4     1                 G_io_usb_hid_current_buffer
da7a1b2c da7a1b2c        4     4         build/nanos2/obj/sdk/src/os_io_usb.o:(.bss.G_io_usb_hid_channel)
da7a1b2c da7a1b2c        4     1                 G_io_usb_hid_channel
da7a1b30 da7a1b30        0     1         _ebss = .
da7a1b30 da7a1b30        0     1         . = ALIGN ( 4 )
da7a1b30 da7a1b30        0     1         app_stack_canary = .
da7a1b30 da7a1b30        4     1         . += 4
da7a1b34 da7a1b34        0     1         _stack = .
da7a1b34 da7a1b34        0     1         _estack = ABSOLUTE ( END_STACK )
da7a1b34 da7a1b34        0     1 
d0000000 d0000000       10     4 DEBUG
d0000000 d0000000       10     4         <internal>:(.ARM.exidx)
       0        0       37     1 .comment
       0        0       37     1         <internal>:(.comment)
       0        0      270     4 .debug_frame
       0        0       44     4         /opt/nanosplus-secure-sdk/arch/st33k1/lib/libgcc.a(_aeabi_ldivmod.o):(.debug_frame)
      44       44       2c     4         /opt/nanosplus-secure-sdk/arch/st33k1/lib/libgcc.a(_aeabi_uldivmod.o):(.debug_frame)
      70       70       38     4         /opt/nanosplus-secure-sdk/arch/st33k1/lib/libgcc.a(_udivmoddi4.o):(.debug_frame)
      a8       a8       20     4         /opt/nanosplus-secure-sdk/arch/st33k1/lib/libc.a(lib_a-aeabi_memclr.o):(.debug_frame)
      c8       c8       20     4         /opt/nanosplus-secure-sdk/arch/st33k1/lib/libc.a(lib_a-aeabi_memcpy.o):(.debug_frame)
      e8       e8       20     4         /opt/nanosplus-secure-sdk/arch/st33k1/lib/libc.a(lib_a-aeabi_memmove.o):(.debug_frame)
     108      108       20     4         /opt/nanosplus-secure-sdk/arch/st33k1/lib/libc.a(lib_a-aeabi_memset.o):(.debug_frame)
     128      128       20     4         /opt/nanosplus-secure-sdk/arch/st33k1/lib/libc.a(lib_a-explicit_bzero.o):(.debug_frame)
     148      148       20     4         /opt/nanosplus-secure-sdk/arch/st33k1/lib/libc.a(lib_a-bzero.o):(.debug_frame)
     168      168       28     4         /opt/nanosplus-secure-sdk/arch/st33k1/lib/libc.a(lib_a-memcmp.o):(.debug_frame)
     190      190       28     4         /opt/nanosplus-secure-sdk/arch/st33k1/lib/libc.a(lib_a-memcpy-stub.o):(.debug_frame)
     1b8      1b8       28     4         /opt/nanosplus-secure-sdk/arch/st33k1/lib/libc.a(lib_a-memmove.o):(.debug_frame)
     1e0      1e0       20     4         /opt/nanosplus-secure-sdk/arch/st33k1/lib/libc.a(lib_a-memset.o):(.debug_frame)
     200      200       20     4         /opt/nanosplus-secure-sdk/arch/st33k1/lib/libc.a(lib_a-strcmp.o):(.debug_frame)
     220      220       28     4         /opt/nanosplus-secure-sdk/arch/st33k1/lib/libc.a(lib_a-strncmp.o):(.debug_frame)
     248      248       28     4         /opt/nanosplus-secure-sdk/arch/st33k1/lib/libc.a(lib_a-strncpy.o):(.debug_frame)
       0        0        6     1 ledger.target
       0        0        6     1         build/nanos2/obj/sdk/src/app_metadata.o:(ledger.target)
       0        0        6     1                 target
       0        0        d     1 ledger.target_name
       0        0        d     1         build/nanos2/obj/sdk/src/app_metadata.o:(ledger.target_name)
       0        0        d     1                 target_name
       0        0        a     1 ledger.target_id
       0        0        a     1         build/nanos2/obj/sdk/src/app_metadata.o:(ledger.target_id)
       0        0        a     1                 target_id
       0        0        7     1 ledger.app_name
       0        0        7     1         build/nanos2/obj/sdk/src/app_metadata.o:(ledger.app_name)
       0        0        7     1                 app_name
       0        0        5     1 ledger.app_version
       0        0        5     1         build/nanos2/obj/sdk/src/app_metadata.o:(ledger.app_version)
       0        0        5     1                 app_version
       0        0        2     1 ledger.api_level
       0        0        2     1         build/nanos2/obj/sdk/src/app_metadata.o:(ledger.api_level)
       0        0        2     1                 api_level
       0        0       11     1 ledger.sdk_name
       0        0       11     1         build/nanos2/obj/sdk/src/app_metadata.o:(ledger.sdk_name)
       0        0       11     1                 sdk_name
       0        0        8     1 ledger.sdk_version
       0        0        8     1         build/nanos2/obj/sdk/src/app_metadata.o:(ledger.sdk_version)
       0        0        8     1                 sdk_version
       0        0       28     1 ledger.sdk_hash
       0        0       28     1         build/nanos2/obj/sdk/src/app_metadata.o:(ledger.sdk_hash)
       0        0       28     1                 sdk_hash
       0        0        4     1 ledger.sdk_graphics
       0        0        4     1         build/nanos2/obj/sdk/src/app_metadata.o:(ledger.sdk_graphics)
       0        0        4     1                 sdk_graphics
d0000010 d0000010        0     1 PROVIDE ( _nvram = ABSOLUTE ( _nvram_start ) )
d0000010 d0000010        0     1 PROVIDE ( _envram = ABSOLUTE ( _nvram_end ) )
       0        0       45     1 .ARM.attributes
       0        0       45     1         build/nanos2/gen_src/glyphs.o:(.ARM.attributes)
       0        0     6150     4 .symtab
       0        0     6150     4         <internal>:(.symtab)
       0        0      105     1 .shstrtab
       0        0      105     1         <internal>:(.shstrtab)
       0        0     49a4     1 .strtab
       0        0     49a4     1         <internal>:(.strtab)
