     VMA      LMA     Size Align Out     In      Symbol
       0        0        0     1 PAGE_SIZE = 512
       0        0        0     1 STACK_MIN_SIZE = DEFINED ( stack_min_size ) ? stack_min_size : 1500
       0        0        0     1 END_STACK = ORIGIN ( SRAM ) + LENGTH ( SRAM )
c0de0000 c0de0000     903f     8 .text
c0de0000 c0de0000        0     1         _text = .
c0de0000 c0de0000        0     1         _nvram_start = .
c0de0000 c0de0000       14     2         build/nanos2/obj/sdk/lib_standard_app/main.o:(.boot)
c0de0000 c0de0000        0     1                 $t.3
c0de0001 c0de0001       14     1                 main
c0de0014 c0de0014        0     1         _code = .
c0de0014 c0de0014       4a     2         build/nanos2/obj/app/src/address.o:(.text.address_from_pubkey)
c0de0014 c0de0014        0     1                 $t.0
c0de0015 c0de0015       4a     1                 address_from_pubkey
c0de005e c0de005e      33c     2         build/nanos2/obj/app/src/apdu/dispatcher.o:(.text.apdu_dispatcher)
c0de005e c0de005e        0     1                 $t.0
c0de005f c0de005f      33c     1                 apdu_dispatcher
c0de039a c0de039a        e     2         build/nanos2/obj/app/src/apdu/dispatcher.o:(.text.io_send_sw)
c0de039a c0de039a        0     1                 $t.1
c0de039b c0de039b        e     1                 io_send_sw
c0de03a8 c0de03a8        8     2         build/nanos2/obj/app/src/apdu/dispatcher.o:(.text.OUTLINED_FUNCTION_0)
c0de03a8 c0de03a8        0     1                 $t.2
c0de03a9 c0de03a9        8     1                 OUTLINED_FUNCTION_0
c0de03b0 c0de03b0       88     4         build/nanos2/obj/app/src/app_main.o:(.text.app_main)
c0de03b0 c0de03b0        0     1                 $t.0
c0de03b1 c0de03b1       88     1                 app_main
c0de0428 c0de0428        0     1                 $d.1
c0de0438 c0de0438       28     4         build/nanos2/obj/app/src/handler/get_app_name.o:(.text.handler_get_app_name)
c0de0438 c0de0438        0     1                 $t.0
c0de0439 c0de0439       28     1                 handler_get_app_name
c0de045c c0de045c        0     1                 $d.1
c0de0460 c0de0460       98     4         build/nanos2/obj/app/src/handler/get_public_key.o:(.text.handler_get_public_key)
c0de0460 c0de0460        0     1                 $t.0
c0de0461 c0de0461       98     1                 handler_get_public_key
c0de04f4 c0de04f4        0     1                 $d.1
c0de04f8 c0de04f8        e     2         build/nanos2/obj/app/src/handler/get_public_key.o:(.text.io_send_sw)
c0de04f8 c0de04f8        0     1                 $t.2
c0de04f9 c0de04f9        e     1                 io_send_sw
c0de0506 c0de0506       2e     2         build/nanos2/obj/app/src/handler/get_version.o:(.text.handler_get_version)
c0de0506 c0de0506        0     1                 $t.0
c0de0507 c0de0507       2e     1                 handler_get_version
c0de0534 c0de0534      128     4         build/nanos2/obj/app/src/handler/sign_tx.o:(.text.handler_sign_tx)
c0de0534 c0de0534        0     1                 $t.0
c0de0535 c0de0535      128     1                 handler_sign_tx
c0de0654 c0de0654        0     1                 $d.1
c0de065c c0de065c        e     2         build/nanos2/obj/app/src/handler/sign_tx.o:(.text.io_send_sw)
c0de065c c0de065c        0     1                 $t.2
c0de065d c0de065d        e     1                 io_send_sw
c0de066a c0de066a       4e     2         build/nanos2/obj/app/src/handler/zkn_magicbox.o:(.text.handler_cmd_blake2b512)
c0de066a c0de066a        0     1                 $t.0
c0de066b c0de066b       4e     1                 handler_cmd_blake2b512
c0de06b8 c0de06b8       16     2         build/nanos2/obj/app/src/handler/zkn_magicbox.o:(.text.io_send_response_pointer)
c0de06b8 c0de06b8        0     1                 $t.1
c0de06b9 c0de06b9       16     1                 io_send_response_pointer
c0de06ce c0de06ce        e     2         build/nanos2/obj/app/src/handler/zkn_magicbox.o:(.text.io_send_sw)
c0de06ce c0de06ce        0     1                 $t.2
c0de06cf c0de06cf        e     1                 io_send_sw
c0de06dc c0de06dc       3a     2         build/nanos2/obj/app/src/handler/zkn_magicbox.o:(.text.handler_cmd_keccakH)
c0de06dc c0de06dc        0     1                 $t.3
c0de06dd c0de06dd       3a     1                 handler_cmd_keccakH
c0de0718 c0de0718       90     4         build/nanos2/obj/app/src/handler/zkn_magicbox.o:(.text.handler_cmd_bolos_stretch)
c0de0718 c0de0718        0     1                 $t.4
c0de0719 c0de0719       90     1                 handler_cmd_bolos_stretch
c0de079c c0de079c        0     1                 $d.5
c0de07a8 c0de07a8      108     4         build/nanos2/obj/app/src/handler/zkn_magicbox.o:(.text.handler_cmd_Poseidon)
c0de07a8 c0de07a8        0     1                 $t.6
c0de07a9 c0de07a9      108     1                 handler_cmd_Poseidon
c0de08a8 c0de08a8        0     1                 $d.7
c0de08b0 c0de08b0       8c     4         build/nanos2/obj/app/src/handler/zkn_magicbox.o:(.text.handler_cmd_Poseidon_ithRC)
c0de08b0 c0de08b0        0     1                 $t.8
c0de08b1 c0de08b1       8c     1                 handler_cmd_Poseidon_ithRC
c0de0934 c0de0934        0     1                 $d.9
c0de093c c0de093c       82     2         build/nanos2/obj/app/src/handler/zkn_magicbox.o:(.text.handler_cmd_tEddsaPoseidon_Kpub)
c0de093c c0de093c        0     1                 $t.12
c0de093d c0de093d       82     1                 handler_cmd_tEddsaPoseidon_Kpub
c0de09be c0de09be       b2     2         build/nanos2/obj/app/src/handler/zkn_magicbox.o:(.text.handler_cmd_tEddsaPoseidon_Sign)
c0de09be c0de09be        0     1                 $t.13
c0de09bf c0de09bf       b2     1                 handler_cmd_tEddsaPoseidon_Sign
c0de0a70 c0de0a70       e8     4         build/nanos2/obj/app/src/handler/zkn_magicbox.o:(.text.handler_cmd_tEddsaPoseidon)
c0de0a70 c0de0a70        0     1                 $t.14
c0de0a71 c0de0a71       e8     1                 handler_cmd_tEddsaPoseidon
c0de0b50 c0de0b50        0     1                 $d.15
c0de0b58 c0de0b58      16c     4         build/nanos2/obj/app/src/handler/zkn_magicbox.o:(.text.handler_cmd_tEdwards)
c0de0b58 c0de0b58        0     1                 $t.16
c0de0b59 c0de0b59      16c     1                 handler_cmd_tEdwards
c0de0cb4 c0de0cb4        0     1                 $d.17
c0de0cc4 c0de0cc4      16a     2         build/nanos2/obj/app/src/handler/zkn_magicbox.o:(.text.handler_cmd_Interpolate)
c0de0cc4 c0de0cc4        0     1                 $t.20
c0de0cc5 c0de0cc5      16a     1                 handler_cmd_Interpolate
c0de0e2e c0de0e2e      190     2         build/nanos2/obj/app/src/handler/zkn_magicbox.o:(.text.handler_cmd_Split)
c0de0e2e c0de0e2e        0     1                 $t.21
c0de0e2f c0de0e2f      190     1                 handler_cmd_Split
c0de0fbe c0de0fbe       a0     2         build/nanos2/obj/app/src/handler/zkn_magicbox.o:(.text.handler_cmd_frostH)
c0de0fbe c0de0fbe        0     1                 $t.22
c0de0fbf c0de0fbf       a0     1                 handler_cmd_frostH
c0de1060 c0de1060       6c     4         build/nanos2/obj/app/src/handler/zkn_magicbox.o:(.text.handler_cmd_encodeCommitment)
c0de1060 c0de1060        0     1                 $t.23
c0de1061 c0de1061       6c     1                 handler_cmd_encodeCommitment
c0de10c8 c0de10c8        0     1                 $d.24
c0de10cc c0de10cc       88     4         build/nanos2/obj/app/src/handler/zkn_magicbox.o:(.text.handler_cmd_GroupCommitment)
c0de10cc c0de10cc        0     1                 $t.25
c0de10cd c0de10cd       88     1                 handler_cmd_GroupCommitment
c0de114c c0de114c        0     1                 $d.26
c0de1154 c0de1154      284     4         build/nanos2/obj/app/src/handler/zkn_magicbox.o:(.text.handler_cmd_BindingFactors)
c0de1154 c0de1154        0     1                 $t.27
c0de1155 c0de1155      284     1                 handler_cmd_BindingFactors
c0de13ac c0de13ac        0     1                 $d.28
c0de13d8 c0de13d8       e8     4         build/nanos2/obj/app/src/handler/zkn_magicbox.o:(.text.handler_cmd_PartialSig)
c0de13d8 c0de13d8        0     1                 $t.29
c0de13d9 c0de13d9       e8     1                 handler_cmd_PartialSig
c0de14a4 c0de14a4        0     1                 $d.30
c0de14c0 c0de14c0       70     4         build/nanos2/obj/app/src/handler/zkn_magicbox.o:(.text.handler_get_insecure_public)
c0de14c0 c0de14c0        0     1                 $t.31
c0de14c1 c0de14c1       70     1                 handler_get_insecure_public
c0de152c c0de152c        0     1                 $d.32
c0de1530 c0de1530       8c     4         build/nanos2/obj/app/src/handler/zkn_magicbox.o:(.text.handler_cmd_tEddsaPoseidon_Sign_with_secret)
c0de1530 c0de1530        0     1                 $t.33
c0de1531 c0de1531       8c     1                 handler_cmd_tEddsaPoseidon_Sign_with_secret
c0de15b8 c0de15b8        0     1                 $d.34
c0de15bc c0de15bc       54     4         build/nanos2/obj/app/src/handler/zkn_magicbox.o:(.text.handler_cmd_frost_inject)
c0de15bc c0de15bc        0     1                 $t.35
c0de15bd c0de15bd       54     1                 handler_cmd_frost_inject
c0de1604 c0de1604        0     1                 $d.36
c0de1610 c0de1610       8c     4         build/nanos2/obj/app/src/handler/zkn_magicbox.o:(.text.handler_cmd_frost_commit)
c0de1610 c0de1610        0     1                 $t.37
c0de1611 c0de1611       8c     1                 handler_cmd_frost_commit
c0de1694 c0de1694        0     1                 $d.38
c0de169c c0de169c       28     4         build/nanos2/obj/app/src/handler/zkn_magicbox.o:(.text.handler_cmd_frost_inject_com1)
c0de169c c0de169c        0     1                 $t.39
c0de169d c0de169d       28     1                 handler_cmd_frost_inject_com1
c0de16c0 c0de16c0        0     1                 $d.40
c0de16c4 c0de16c4       2c     4         build/nanos2/obj/app/src/handler/zkn_magicbox.o:(.text.handler_cmd_frost_inject_com2)
c0de16c4 c0de16c4        0     1                 $t.41
c0de16c5 c0de16c5       2c     1                 handler_cmd_frost_inject_com2
c0de16ec c0de16ec        0     1                 $d.42
c0de16f0 c0de16f0       a0     4         build/nanos2/obj/app/src/handler/zkn_magicbox.o:(.text.handler_cmd_frost_partial_sign)
c0de16f0 c0de16f0        0     1                 $t.43
c0de16f1 c0de16f1       a0     1                 handler_cmd_frost_partial_sign
c0de1778 c0de1778        0     1                 $d.44
c0de1790 c0de1790       30     4         build/nanos2/obj/app/src/handler/zkn_magicbox.o:(.text.handler_cmd_inject_nonces)
c0de1790 c0de1790        0     1                 $t.45
c0de1791 c0de1791       30     1                 handler_cmd_inject_nonces
c0de17bc c0de17bc        0     1                 $d.46
c0de17c0 c0de17c0        8     2         build/nanos2/obj/app/src/handler/zkn_magicbox.o:(.text.OUTLINED_FUNCTION_0)
c0de17c0 c0de17c0        0     1                 $t.47
c0de17c1 c0de17c1        8     1                 OUTLINED_FUNCTION_0
c0de17c8 c0de17c8        6     2         build/nanos2/obj/app/src/handler/zkn_magicbox.o:(.text.OUTLINED_FUNCTION_1)
c0de17c8 c0de17c8        0     1                 $t.48
c0de17c9 c0de17c9        6     1                 OUTLINED_FUNCTION_1
c0de17ce c0de17ce        8     2         build/nanos2/obj/app/src/handler/zkn_magicbox.o:(.text.OUTLINED_FUNCTION_2)
c0de17ce c0de17ce        0     1                 $t.49
c0de17cf c0de17cf        8     1                 OUTLINED_FUNCTION_2
c0de17d6 c0de17d6        6     2         build/nanos2/obj/app/src/handler/zkn_magicbox.o:(.text.OUTLINED_FUNCTION_3)
c0de17d6 c0de17d6        0     1                 $t.50
c0de17d7 c0de17d7        6     1                 OUTLINED_FUNCTION_3
c0de17dc c0de17dc        6     2         build/nanos2/obj/app/src/handler/zkn_magicbox.o:(.text.OUTLINED_FUNCTION_4)
c0de17dc c0de17dc        0     1                 $t.51
c0de17dd c0de17dd        6     1                 OUTLINED_FUNCTION_4
c0de17e2 c0de17e2        6     2         build/nanos2/obj/app/src/handler/zkn_magicbox.o:(.text.OUTLINED_FUNCTION_5)
c0de17e2 c0de17e2        0     1                 $t.52
c0de17e3 c0de17e3        6     1                 OUTLINED_FUNCTION_5
c0de17e8 c0de17e8        e     2         build/nanos2/obj/app/src/handler/zkn_magicbox.o:(.text.OUTLINED_FUNCTION_6)
c0de17e8 c0de17e8        0     1                 $t.53
c0de17e9 c0de17e9        e     1                 OUTLINED_FUNCTION_6
c0de17f6 c0de17f6        8     2         build/nanos2/obj/app/src/handler/zkn_magicbox.o:(.text.OUTLINED_FUNCTION_7)
c0de17f6 c0de17f6        0     1                 $t.54
c0de17f7 c0de17f7        8     1                 OUTLINED_FUNCTION_7
c0de17fe c0de17fe        8     2         build/nanos2/obj/app/src/handler/zkn_magicbox.o:(.text.OUTLINED_FUNCTION_8)
c0de17fe c0de17fe        0     1                 $t.55
c0de17ff c0de17ff        8     1                 OUTLINED_FUNCTION_8
c0de1806 c0de1806        6     2         build/nanos2/obj/app/src/handler/zkn_magicbox.o:(.text.OUTLINED_FUNCTION_9)
c0de1806 c0de1806        0     1                 $t.56
c0de1807 c0de1807        6     1                 OUTLINED_FUNCTION_9
c0de180c c0de180c        6     2         build/nanos2/obj/app/src/handler/zkn_magicbox.o:(.text.OUTLINED_FUNCTION_10)
c0de180c c0de180c        0     1                 $t.57
c0de180d c0de180d        6     1                 OUTLINED_FUNCTION_10
c0de1812 c0de1812        c     2         build/nanos2/obj/app/src/handler/zkn_magicbox.o:(.text.OUTLINED_FUNCTION_11)
c0de1812 c0de1812        0     1                 $t.58
c0de1813 c0de1813        c     1                 OUTLINED_FUNCTION_11
c0de181e c0de181e        6     2         build/nanos2/obj/app/src/handler/zkn_magicbox.o:(.text.OUTLINED_FUNCTION_12)
c0de181e c0de181e        0     1                 $t.59
c0de181f c0de181f        6     1                 OUTLINED_FUNCTION_12
c0de1824 c0de1824       44     4         build/nanos2/obj/app/src/helper/send_reponse.o:(.text.helper_send_response_pubkey)
c0de1824 c0de1824        0     1                 $t.0
c0de1825 c0de1825       44     1                 helper_send_response_pubkey
c0de1864 c0de1864        0     1                 $d.1
c0de1868 c0de1868       18     2         build/nanos2/obj/app/src/helper/send_reponse.o:(.text.io_send_response_pointer)
c0de1868 c0de1868        0     1                 $t.2
c0de1869 c0de1869       18     1                 io_send_response_pointer
c0de1880 c0de1880       38     4         build/nanos2/obj/app/src/helper/send_reponse.o:(.text.helper_send_response_sig)
c0de1880 c0de1880        0     1                 $t.3
c0de1881 c0de1881       38     1                 helper_send_response_sig
c0de18b4 c0de18b4        0     1                 $d.4
c0de18b8 c0de18b8       12     2         build/nanos2/obj/app/src/helper/send_reponse.o:(.text.OUTLINED_FUNCTION_0)
c0de18b8 c0de18b8        0     1                 $t.7
c0de18b9 c0de18b9       12     1                 OUTLINED_FUNCTION_0
c0de18ca c0de18ca       be     2         build/nanos2/obj/app/src/transaction/deserialize.o:(.text.transaction_deserialize)
c0de18ca c0de18ca        0     1                 $t.0
c0de18cb c0de18cb       be     1                 transaction_deserialize
c0de1988 c0de1988       3a     2         build/nanos2/obj/app/src/transaction/utils.o:(.text.transaction_utils_check_encoding)
c0de1988 c0de1988        0     1                 $t.0
c0de1989 c0de1989       3a     1                 transaction_utils_check_encoding
c0de19c2 c0de19c2        e     2         build/nanos2/obj/app/src/ui/action/validate.o:(.text.validate_pubkey)
c0de19c2 c0de19c2        0     1                 $t.0
c0de19c3 c0de19c3        e     1                 validate_pubkey
c0de19d0 c0de19d0        e     2         build/nanos2/obj/app/src/ui/action/validate.o:(.text.io_send_sw)
c0de19d0 c0de19d0        0     1                 $t.1
c0de19d1 c0de19d1        e     1                 io_send_sw
c0de19e0 c0de19e0       a4     4         build/nanos2/obj/app/src/ui/action/validate.o:(.text.validate_transaction)
c0de19e0 c0de19e0        0     1                 $t.2
c0de19e1 c0de19e1       a4     1                 validate_transaction
c0de1a80 c0de1a80        0     1                 $d.3
c0de1a84 c0de1a84        6     2         build/nanos2/obj/app/src/ui/menu_nbgl.o:(.text.app_quit)
c0de1a84 c0de1a84        0     1                 $t.0
c0de1a85 c0de1a85        6     1                 app_quit
c0de1a8c c0de1a8c       90     4         build/nanos2/obj/app/src/ui/menu_nbgl.o:(.text.ui_menu_main)
c0de1a8c c0de1a8c        0     1                 $t.1
c0de1a8d c0de1a8d       90     1                 ui_menu_main
c0de1af0 c0de1af0        0     1                 $d.2
c0de1b1c c0de1b1c       b4     4         build/nanos2/obj/app/src/ui/menu_nbgl.o:(.text.controls_callback)
c0de1b1c c0de1b1c        0     1                 $t.3
c0de1b1d c0de1b1d       b4     1                 controls_callback
c0de1ba8 c0de1ba8        0     1                 $d.4
c0de1bd0 c0de1bd0       7c     4         build/nanos2/obj/app/src/ui/menu_nbgl.o:(.text.review_warning_choice)
c0de1bd0 c0de1bd0        0     1                 $t.5
c0de1bd1 c0de1bd1       7c     1                 review_warning_choice
c0de1c30 c0de1c30        0     1                 $d.6
c0de1c4c c0de1c4c        6     2         build/nanos2/obj/app/src/ui/menu_nbgl.o:(.text.OUTLINED_FUNCTION_0)
c0de1c4c c0de1c4c        0     1                 $t.7
c0de1c4d c0de1c4d        6     1                 OUTLINED_FUNCTION_0
c0de1c54 c0de1c54       a4     4         build/nanos2/obj/app/src/ui/nbgl_display_address.o:(.text.ui_display_address)
c0de1c54 c0de1c54        0     1                 $t.0
c0de1c55 c0de1c55       a4     1                 ui_display_address
c0de1ce4 c0de1ce4        0     1                 $d.1
c0de1cf8 c0de1cf8        e     2         build/nanos2/obj/app/src/ui/nbgl_display_address.o:(.text.io_send_sw)
c0de1cf8 c0de1cf8        0     1                 $t.2
c0de1cf9 c0de1cf9        e     1                 io_send_sw
c0de1d08 c0de1d08       20     4         build/nanos2/obj/app/src/ui/nbgl_display_address.o:(.text.review_choice)
c0de1d08 c0de1d08        0     1                 $t.3
c0de1d09 c0de1d09       20     1                 review_choice
c0de1d24 c0de1d24        0     1                 $d.4
c0de1d28 c0de1d28       dc     4         build/nanos2/obj/app/src/ui/nbgl_display_transaction.o:(.text.ui_display_transaction_bs_choice)
c0de1d28 c0de1d28        0     1                 $t.0
c0de1d29 c0de1d29       dc     1                 ui_display_transaction_bs_choice
c0de1de4 c0de1de4        0     1                 $d.1
c0de1e04 c0de1e04        e     2         build/nanos2/obj/app/src/ui/nbgl_display_transaction.o:(.text.io_send_sw)
c0de1e04 c0de1e04        0     1                 $t.2
c0de1e05 c0de1e05        e     1                 io_send_sw
c0de1e14 c0de1e14       1c     4         build/nanos2/obj/app/src/ui/nbgl_display_transaction.o:(.text.review_choice)
c0de1e14 c0de1e14        0     1                 $t.3
c0de1e15 c0de1e15       1c     1                 review_choice
c0de1e2c c0de1e2c        0     1                 $d.4
c0de1e30 c0de1e30        6     2         build/nanos2/obj/app/src/ui/nbgl_display_transaction.o:(.text.ui_display_blind_signed_transaction)
c0de1e30 c0de1e30        0     1                 $t.5
c0de1e31 c0de1e31        6     1                 ui_display_blind_signed_transaction
c0de1e36 c0de1e36        6     2         build/nanos2/obj/app/src/ui/nbgl_display_transaction.o:(.text.ui_display_transaction)
c0de1e36 c0de1e36        0     1                 $t.6
c0de1e37 c0de1e37        6     1                 ui_display_transaction
c0de1e3c c0de1e3c       6c     4         build/nanos2/obj/app/src/zknox/ecc/zkn_eddsa.o:(.text.zkn_prv_hash)
c0de1e3c c0de1e3c        0     1                 $t.0
c0de1e3d c0de1e3d       6c     1                 zkn_prv_hash
c0de1ea4 c0de1ea4        0     1                 $d.1
c0de1ea8 c0de1ea8       4e     2         build/nanos2/obj/app/src/zknox/ecc/zkn_eddsa.o:(.text.zkn_prv2pub)
c0de1ea8 c0de1ea8        0     1                 $t.2
c0de1ea9 c0de1ea9       4e     1                 zkn_prv2pub
c0de1ef8 c0de1ef8      29c     4         build/nanos2/obj/app/src/zknox/ecc/zkn_eddsa.o:(.text.EddsaPoseidon_Sign_final)
c0de1ef8 c0de1ef8        0     1                 $t.4
c0de1ef9 c0de1ef9      29c     1                 EddsaPoseidon_Sign_final
c0de218c c0de218c        0     1                 $d.5
c0de2194 c0de2194        8     2         build/nanos2/obj/app/src/zknox/ecc/zkn_eddsa.o:(.text.rev64)
c0de2194 c0de2194        0     1                 $t.6
c0de2195 c0de2195        8     1                 rev64
c0de219c c0de219c        a     2         build/nanos2/obj/app/src/zknox/ecc/zkn_eddsa.o:(.text.OUTLINED_FUNCTION_0)
c0de219c c0de219c        0     1                 $t.7
c0de219d c0de219d        a     1                 OUTLINED_FUNCTION_0
c0de21a6 c0de21a6       c0     2         build/nanos2/obj/app/src/zknox/ecc/zkn_frost.o:(.text.zkn_frost_interpolate)
c0de21a6 c0de21a6        0     1                 $t.0
c0de21a7 c0de21a7       c0     1                 zkn_frost_interpolate
c0de2266 c0de2266       84     2         build/nanos2/obj/app/src/zknox/ecc/zkn_frost.o:(.text.zkn_frost_interpolate_secrets)
c0de2266 c0de2266        0     1                 $t.1
c0de2267 c0de2267       84     1                 zkn_frost_interpolate_secrets
c0de22ea c0de22ea       72     2         build/nanos2/obj/app/src/zknox/ecc/zkn_frost.o:(.text.zkn_evalshare)
c0de22ea c0de22ea        0     1                 $t.3
c0de22eb c0de22eb       72     1                 zkn_evalshare
c0de235c c0de235c       4e     2         build/nanos2/obj/app/src/zknox/ecc/zkn_frost.o:(.text.zkn_frost_nonce_generate)
c0de235c c0de235c        0     1                 $t.4
c0de235d c0de235d       4e     1                 zkn_frost_nonce_generate
c0de23aa c0de23aa       62     2         build/nanos2/obj/app/src/zknox/ecc/zkn_frost.o:(.text.zkn_frost_commit)
c0de23aa c0de23aa        0     1                 $t.5
c0de23ab c0de23ab       62     1                 zkn_frost_commit
c0de240c c0de240c       fa     2         build/nanos2/obj/app/src/zknox/ecc/zkn_frost.o:(.text.zkn_encode_group_commitmentHash)
c0de240c c0de240c        0     1                 $t.6
c0de240d c0de240d       fa     1                 zkn_encode_group_commitmentHash
c0de2506 c0de2506       e2     2         build/nanos2/obj/app/src/zknox/ecc/zkn_frost.o:(.text.zkn_compute_group_commitment)
c0de2506 c0de2506        0     1                 $t.7
c0de2507 c0de2507       e2     1                 zkn_compute_group_commitment
c0de25e8 c0de25e8      106     2         build/nanos2/obj/app/src/zknox/ecc/zkn_frost.o:(.text.zkn_compute_binding_factors)
c0de25e8 c0de25e8        0     1                 $t.8
c0de25e9 c0de25e9      106     1                 zkn_compute_binding_factors
c0de26ee c0de26ee       10     2         build/nanos2/obj/app/src/zknox/ecc/zkn_frost.o:(.text.zkn_serialize_scalar_for_hash)
c0de26ee c0de26ee        0     1                 $t.9
c0de26ef c0de26ef       10     1                 zkn_serialize_scalar_for_hash
c0de2700 c0de2700       b4     4         build/nanos2/obj/app/src/zknox/ecc/zkn_frost.o:(.text.compute_challenge)
c0de2700 c0de2700        0     1                 $t.12
c0de2701 c0de2701       b4     1                 compute_challenge
c0de27b0 c0de27b0        0     1                 $d.13
c0de27b4 c0de27b4      18c     4         build/nanos2/obj/app/src/zknox/ecc/zkn_frost.o:(.text.zkn_partial_sig)
c0de27b4 c0de27b4        0     1                 $t.14
c0de27b5 c0de27b5      18c     1                 zkn_partial_sig
c0de293c c0de293c        0     1                 $d.15
c0de2940 c0de2940       16     2         build/nanos2/obj/app/src/zknox/ecc/zkn_frost.o:(.text.OUTLINED_FUNCTION_0)
c0de2940 c0de2940        0     1                 $t.16
c0de2941 c0de2941       16     1                 OUTLINED_FUNCTION_0
c0de2956 c0de2956        8     2         build/nanos2/obj/app/src/zknox/ecc/zkn_frost.o:(.text.OUTLINED_FUNCTION_1)
c0de2956 c0de2956        0     1                 $t.17
c0de2957 c0de2957        8     1                 OUTLINED_FUNCTION_1
c0de295e c0de295e        6     2         build/nanos2/obj/app/src/zknox/ecc/zkn_frost.o:(.text.OUTLINED_FUNCTION_2)
c0de295e c0de295e        0     1                 $t.18
c0de295f c0de295f        6     1                 OUTLINED_FUNCTION_2
c0de2964 c0de2964        8     2         build/nanos2/obj/app/src/zknox/ecc/zkn_frost.o:(.text.OUTLINED_FUNCTION_3)
c0de2964 c0de2964        0     1                 $t.19
c0de2965 c0de2965        8     1                 OUTLINED_FUNCTION_3
c0de296c c0de296c        8     2         build/nanos2/obj/app/src/zknox/ecc/zkn_frost.o:(.text.OUTLINED_FUNCTION_4)
c0de296c c0de296c        0     1                 $t.20
c0de296d c0de296d        8     1                 OUTLINED_FUNCTION_4
c0de2974 c0de2974        a     2         build/nanos2/obj/app/src/zknox/ecc/zkn_frost.o:(.text.OUTLINED_FUNCTION_5)
c0de2974 c0de2974        0     1                 $t.21
c0de2975 c0de2975        a     1                 OUTLINED_FUNCTION_5
c0de297e c0de297e        6     2         build/nanos2/obj/app/src/zknox/ecc/zkn_frost.o:(.text.OUTLINED_FUNCTION_6)
c0de297e c0de297e        0     1                 $t.22
c0de297f c0de297f        6     1                 OUTLINED_FUNCTION_6
c0de2984 c0de2984       2a     2         build/nanos2/obj/app/src/zknox/ecc/zkn_tEdwards.o:(.text.tEdwards_alloc)
c0de2984 c0de2984        0     1                 $t.0
c0de2985 c0de2985       2a     1                 tEdwards_alloc
c0de29ae c0de29ae       22     2         build/nanos2/obj/app/src/zknox/ecc/zkn_tEdwards.o:(.text.tEdwards_destroy)
c0de29ae c0de29ae        0     1                 $t.1
c0de29af c0de29af       22     1                 tEdwards_destroy
c0de29d0 c0de29d0       d6     2         build/nanos2/obj/app/src/zknox/ecc/zkn_tEdwards.o:(.text.tEdwards_double)
c0de29d0 c0de29d0        0     1                 $t.2
c0de29d1 c0de29d1       d6     1                 tEdwards_double
c0de2aa6 c0de2aa6      130     2         build/nanos2/obj/app/src/zknox/ecc/zkn_tEdwards.o:(.text.tEdwards_add)
c0de2aa6 c0de2aa6        0     1                 $t.3
c0de2aa7 c0de2aa7      130     1                 tEdwards_add
c0de2bd6 c0de2bd6       ac     2         build/nanos2/obj/app/src/zknox/ecc/zkn_tEdwards.o:(.text.tEdwards_IsOnCurve)
c0de2bd6 c0de2bd6        0     1                 $t.4
c0de2bd7 c0de2bd7       ac     1                 tEdwards_IsOnCurve
c0de2c84 c0de2c84      1e0     4         build/nanos2/obj/app/src/zknox/ecc/zkn_tEdwards.o:(.text.tEdwards_Curve_alloc_init)
c0de2c84 c0de2c84        0     1                 $t.5
c0de2c85 c0de2c85      1e0     1                 tEdwards_Curve_alloc_init
c0de2e38 c0de2e38        0     1                 $d.6
c0de2e64 c0de2e64       7e     2         build/nanos2/obj/app/src/zknox/ecc/zkn_tEdwards.o:(.text.tEdwards_init)
c0de2e64 c0de2e64        0     1                 $t.7
c0de2e65 c0de2e65       7e     1                 tEdwards_init
c0de2ee2 c0de2ee2       92     2         build/nanos2/obj/app/src/zknox/ecc/zkn_tEdwards.o:(.text.tEdwards_Curve_partial_destroy)
c0de2ee2 c0de2ee2        0     1                 $t.9
c0de2ee3 c0de2ee3       92     1                 tEdwards_Curve_partial_destroy
c0de2f74 c0de2f74       26     2         build/nanos2/obj/app/src/zknox/ecc/zkn_tEdwards.o:(.text.tEdwards_SetNeutral)
c0de2f74 c0de2f74        0     1                 $t.11
c0de2f75 c0de2f75       26     1                 tEdwards_SetNeutral
c0de2f9a c0de2f9a       4c     2         build/nanos2/obj/app/src/zknox/ecc/zkn_tEdwards.o:(.text.tEdwards_export)
c0de2f9a c0de2f9a        0     1                 $t.12
c0de2f9b c0de2f9b       4c     1                 tEdwards_export
c0de2fe6 c0de2fe6       5a     2         build/nanos2/obj/app/src/zknox/ecc/zkn_tEdwards.o:(.text.tEdwards_normalize)
c0de2fe6 c0de2fe6        0     1                 $t.13
c0de2fe7 c0de2fe7       5a     1                 tEdwards_normalize
c0de3040 c0de3040       26     2         build/nanos2/obj/app/src/zknox/ecc/zkn_tEdwards.o:(.text.tEdwards_copy)
c0de3040 c0de3040        0     1                 $t.14
c0de3041 c0de3041       26     1                 tEdwards_copy
c0de3066 c0de3066       3e     2         build/nanos2/obj/app/src/zknox/ecc/zkn_tEdwards.o:(.text.tEdwards_alloc_init)
c0de3066 c0de3066        0     1                 $t.15
c0de3067 c0de3067       3e     1                 tEdwards_alloc_init
c0de30a4 c0de30a4       ca     2         build/nanos2/obj/app/src/zknox/ecc/zkn_tEdwards.o:(.text.tEdwards_scalarMul_bn)
c0de30a4 c0de30a4        0     1                 $t.17
c0de30a5 c0de30a5       ca     1                 tEdwards_scalarMul_bn
c0de3170 c0de3170       40     4         build/nanos2/obj/app/src/zknox/ecc/zkn_tEdwards.o:(.text.tEdwards_scalarMul)
c0de3170 c0de3170        0     1                 $t.18
c0de3171 c0de3171       40     1                 tEdwards_scalarMul
c0de31ac c0de31ac        0     1                 $d.19
c0de31b0 c0de31b0        6     2         build/nanos2/obj/app/src/zknox/ecc/zkn_tEdwards.o:(.text.OUTLINED_FUNCTION_0)
c0de31b0 c0de31b0        0     1                 $t.22
c0de31b1 c0de31b1        6     1                 OUTLINED_FUNCTION_0
c0de31b6 c0de31b6        6     2         build/nanos2/obj/app/src/zknox/ecc/zkn_tEdwards.o:(.text.OUTLINED_FUNCTION_1)
c0de31b6 c0de31b6        0     1                 $t.23
c0de31b7 c0de31b7        6     1                 OUTLINED_FUNCTION_1
c0de31bc c0de31bc        8     2         build/nanos2/obj/app/src/zknox/ecc/zkn_tEdwards.o:(.text.OUTLINED_FUNCTION_2)
c0de31bc c0de31bc        0     1                 $t.24
c0de31bd c0de31bd        8     1                 OUTLINED_FUNCTION_2
c0de31c4 c0de31c4        8     2         build/nanos2/obj/app/src/zknox/ecc/zkn_tEdwards.o:(.text.OUTLINED_FUNCTION_3)
c0de31c4 c0de31c4        0     1                 $t.25
c0de31c5 c0de31c5        8     1                 OUTLINED_FUNCTION_3
c0de31cc c0de31cc        a     2         build/nanos2/obj/app/src/zknox/ecc/zkn_tEdwards.o:(.text.OUTLINED_FUNCTION_4)
c0de31cc c0de31cc        0     1                 $t.26
c0de31cd c0de31cd        a     1                 OUTLINED_FUNCTION_4
c0de31d6 c0de31d6        a     2         build/nanos2/obj/app/src/zknox/ecc/zkn_tEdwards.o:(.text.OUTLINED_FUNCTION_5)
c0de31d6 c0de31d6        0     1                 $t.27
c0de31d7 c0de31d7        a     1                 OUTLINED_FUNCTION_5
c0de31e0 c0de31e0        a     2         build/nanos2/obj/app/src/zknox/ecc/zkn_tEdwards.o:(.text.OUTLINED_FUNCTION_6)
c0de31e0 c0de31e0        0     1                 $t.28
c0de31e1 c0de31e1        a     1                 OUTLINED_FUNCTION_6
c0de31ea c0de31ea        a     2         build/nanos2/obj/app/src/zknox/ecc/zkn_tEdwards.o:(.text.OUTLINED_FUNCTION_7)
c0de31ea c0de31ea        0     1                 $t.29
c0de31eb c0de31eb        a     1                 OUTLINED_FUNCTION_7
c0de31f4 c0de31f4        a     2         build/nanos2/obj/app/src/zknox/ecc/zkn_tEdwards.o:(.text.OUTLINED_FUNCTION_8)
c0de31f4 c0de31f4        0     1                 $t.30
c0de31f5 c0de31f5        a     1                 OUTLINED_FUNCTION_8
c0de31fe c0de31fe        a     2         build/nanos2/obj/app/src/zknox/ecc/zkn_tEdwards.o:(.text.OUTLINED_FUNCTION_9)
c0de31fe c0de31fe        0     1                 $t.31
c0de31ff c0de31ff        a     1                 OUTLINED_FUNCTION_9
c0de3208 c0de3208        a     2         build/nanos2/obj/app/src/zknox/ecc/zkn_tEdwards.o:(.text.OUTLINED_FUNCTION_10)
c0de3208 c0de3208        0     1                 $t.32
c0de3209 c0de3209        a     1                 OUTLINED_FUNCTION_10
c0de3212 c0de3212        6     2         build/nanos2/obj/app/src/zknox/ecc/zkn_tEdwards.o:(.text.OUTLINED_FUNCTION_11)
c0de3212 c0de3212        0     1                 $t.33
c0de3213 c0de3213        6     1                 OUTLINED_FUNCTION_11
c0de3218 c0de3218       80     4         build/nanos2/obj/app/src/zknox/hash/zkn_poseidon_constants.o:(.text.grain_lfsr_advance)
c0de3218 c0de3218        0     1                 $t.0
c0de3219 c0de3219       80     1                 grain_lfsr_advance
c0de3290 c0de3290        0     1                 $d.1
c0de3298 c0de3298       4a     2         build/nanos2/obj/app/src/zknox/hash/zkn_poseidon_constants.o:(.text.next64_graingen)
c0de3298 c0de3298        0     1                 $t.2
c0de3299 c0de3299       4a     1                 next64_graingen
c0de32e4 c0de32e4       30     4         build/nanos2/obj/app/src/zknox/hash/zkn_poseidon_constants.o:(.text.init_generator)
c0de32e4 c0de32e4        0     1                 $t.3
c0de32e5 c0de32e5       30     1                 init_generator
c0de330c c0de330c        0     1                 $d.4
c0de3314 c0de3314       98     4         build/nanos2/obj/app/src/zknox/hash/zkn_poseidon_constants.o:(.text.gen_integer)
c0de3314 c0de3314        0     1                 $t.5
c0de3315 c0de3315       98     1                 gen_integer
c0de339c c0de339c        0     1                 $d.6
c0de33ac c0de33ac        8     2         build/nanos2/obj/app/src/zknox/hash/zkn_poseidon_constants.o:(.text.rev64)
c0de33ac c0de33ac        0     1                 $t.7
c0de33ad c0de33ad        8     1                 rev64
c0de33b4 c0de33b4        6     2         build/nanos2/obj/app/src/zknox/hash/zkn_poseidon_constants.o:(.text.Poseidon_getNext_RC)
c0de33b4 c0de33b4        0     1                 $t.8
c0de33b5 c0de33b5        6     1                 Poseidon_getNext_RC
c0de33bc c0de33bc       cc     4         build/nanos2/obj/app/src/zknox/hash/zkn_poseidon_constants.o:(.text.Poseidon_alloc_init)
c0de33bc c0de33bc        0     1                 $t.9
c0de33bd c0de33bd       cc     1                 Poseidon_alloc_init
c0de3484 c0de3484        0     1                 $d.10
c0de3488 c0de3488      1a0     4         build/nanos2/obj/app/src/zknox/hash/zkn_poseidon_constants.o:(.text.Poseidon)
c0de3488 c0de3488        0     1                 $t.13
c0de3489 c0de3489      1a0     1                 Poseidon
c0de3624 c0de3624        0     1                 $d.14
c0de3628 c0de3628       98     4         build/nanos2/obj/app/src/zknox/hash/zkn_rfc9591frost.o:(.text.RFC9591_taggedHash)
c0de3628 c0de3628        0     1                 $t.0
c0de3629 c0de3629       98     1                 RFC9591_taggedHash
c0de36bc c0de36bc        0     1                 $d.1
c0de36c0 c0de36c0       1c     2         build/nanos2/obj/app/src/zknox/hash/zkn_rfc9591frost.o:(.text.Babyfrost_H1)
c0de36c0 c0de36c0        0     1                 $t.2
c0de36c1 c0de36c1       1c     1                 Babyfrost_H1
c0de36dc c0de36dc       28     4         build/nanos2/obj/app/src/zknox/hash/zkn_rfc9591frost.o:(.text.Babyfrost_H3)
c0de36dc c0de36dc        0     1                 $t.3
c0de36dd c0de36dd       28     1                 Babyfrost_H3
c0de3700 c0de3700        0     1                 $d.4
c0de3704 c0de3704       1c     2         build/nanos2/obj/app/src/zknox/hash/zkn_rfc9591frost.o:(.text.Babyfrost_H4)
c0de3704 c0de3704        0     1                 $t.5
c0de3705 c0de3705       1c     1                 Babyfrost_H4
c0de3720 c0de3720       1c     2         build/nanos2/obj/app/src/zknox/hash/zkn_rfc9591frost.o:(.text.Babyfrost_H5)
c0de3720 c0de3720        0     1                 $t.6
c0de3721 c0de3721       1c     1                 Babyfrost_H5
c0de373c c0de373c       2c     2         build/nanos2/obj/app/src/zknox/hash/zkn_rfc9591frost.o:(.text.zkn_frost_hash_init)
c0de373c c0de373c        0     1                 $t.7
c0de373d c0de373d       2c     1                 zkn_frost_hash_init
c0de3768 c0de3768       34     4         build/nanos2/obj/app/src/zknox/hash/zkn_rfc9591frost.o:(.text.zkn_frost_H1_init)
c0de3768 c0de3768        0     1                 $t.8
c0de3769 c0de3769       34     1                 zkn_frost_H1_init
c0de3798 c0de3798        0     1                 $d.9
c0de379c c0de379c       34     4         build/nanos2/obj/app/src/zknox/hash/zkn_rfc9591frost.o:(.text.zkn_frost_H5_init)
c0de379c c0de379c        0     1                 $t.10
c0de379d c0de379d       34     1                 zkn_frost_H5_init
c0de37cc c0de37cc        0     1                 $d.11
c0de37d0 c0de37d0        4     2         build/nanos2/obj/app/src/zknox/hash/zkn_rfc9591frost.o:(.text.zkn_frost_hash_update)
c0de37d0 c0de37d0        0     1                 $t.12
c0de37d1 c0de37d1        4     1                 zkn_frost_hash_update
c0de37d4 c0de37d4       50     2         build/nanos2/obj/app/src/zknox/hash/zkn_rfc9591frost.o:(.text.zkn_frost_hash_final)
c0de37d4 c0de37d4        0     1                 $t.13
c0de37d5 c0de37d5       50     1                 zkn_frost_hash_final
c0de3824 c0de3824       14     2         build/nanos2/obj/app/src/zknox/hash/zkn_rfc9591frost.o:(.text.OUTLINED_FUNCTION_0)
c0de3824 c0de3824        0     1                 $t.14
c0de3825 c0de3825       14     1                 OUTLINED_FUNCTION_0
c0de3838 c0de3838        e     2         build/nanos2/obj/app/src/zknox/hash/zkn_rfc9591frost.o:(.text.OUTLINED_FUNCTION_1)
c0de3838 c0de3838        0     1                 $t.15
c0de3839 c0de3839        e     1                 OUTLINED_FUNCTION_1
c0de3846 c0de3846        a     2         build/nanos2/obj/app/src/zknox/hash/zkn_rfc9591frost.o:(.text.OUTLINED_FUNCTION_2)
c0de3846 c0de3846        0     1                 $t.16
c0de3847 c0de3847        a     1                 OUTLINED_FUNCTION_2
c0de3850 c0de3850        e     2         build/nanos2/obj/app/src/zknox/hash/zkn_rfc9591frost.o:(.text.OUTLINED_FUNCTION_3)
c0de3850 c0de3850        0     1                 $t.17
c0de3851 c0de3851        e     1                 OUTLINED_FUNCTION_3
c0de385e c0de385e       d6     2         build/nanos2/obj/sdk/io/src/os_io_default_apdu.o:(.text.os_io_handle_default_apdu)
c0de385e c0de385e        0     1                 $t.0
c0de385f c0de385f       d6     1                 os_io_handle_default_apdu
c0de3934 c0de3934        e     2         build/nanos2/obj/sdk/io/src/os_io_default_apdu.o:(.text.OUTLINED_FUNCTION_0)
c0de3934 c0de3934        0     1                 $t.1
c0de3935 c0de3935        e     1                 OUTLINED_FUNCTION_0
c0de3942 c0de3942       1c     2         build/nanos2/obj/sdk/io/src/os_io_seph_ux.o:(.text.io_process_itc_ux_event)
c0de3942 c0de3942        0     1                 $t.2
c0de3943 c0de3943       1c     1                 io_process_itc_ux_event
c0de3960 c0de3960       28     4         build/nanos2/obj/sdk/io_legacy/src/os_io_legacy.o:(.text.io_legacy_apdu_tx)
c0de3960 c0de3960        0     1                 $t.12
c0de3961 c0de3961       28     1                 io_legacy_apdu_tx
c0de3980 c0de3980        0     1                 $d.13
c0de3988 c0de3988      1b8     4         build/nanos2/obj/sdk/io_legacy/src/os_io_legacy.o:(.text.io_legacy_apdu_rx)
c0de3988 c0de3988        0     1                 $t.14
c0de3989 c0de3989      1b8     1                 io_legacy_apdu_rx
c0de3b24 c0de3b24        0     1                 $d.15
c0de3b40 c0de3b40       38     4         build/nanos2/obj/sdk/io_legacy/src/os_io_legacy.o:(.text.io_seproxyhal_init)
c0de3b40 c0de3b40        0     1                 $t.16
c0de3b41 c0de3b41       38     1                 io_seproxyhal_init
c0de3b74 c0de3b74        0     1                 $d.17
c0de3b78 c0de3b78       78     4         build/nanos2/obj/sdk/lib_nbgl/src/nbgl_layout_nanos.o:(.text.nbgl_layoutGet)
c0de3b78 c0de3b78        0     1                 $t.1
c0de3b79 c0de3b79       78     1                 nbgl_layoutGet
c0de3be8 c0de3be8        0     1                 $d.2
c0de3bf0 c0de3bf0       50     4         build/nanos2/obj/sdk/lib_nbgl/src/nbgl_layout_nanos.o:(.text.buttonCallback)
c0de3bf0 c0de3bf0        0     1                 $t.3
c0de3bf1 c0de3bf1       50     1                 buttonCallback
c0de3c3c c0de3c3c        0     1                 $d.4
c0de3c40 c0de3c40       bc     4         build/nanos2/obj/sdk/lib_nbgl/src/nbgl_layout_nanos.o:(.text.nbgl_layoutAddNavigation)
c0de3c40 c0de3c40        0     1                 $t.5
c0de3c41 c0de3c41       bc     1                 nbgl_layoutAddNavigation
c0de3cec c0de3cec        0     1                 $d.6
c0de3cfc c0de3cfc      380     4         build/nanos2/obj/sdk/lib_nbgl/src/nbgl_layout_nanos.o:(.text.nbgl_layoutAddText)
c0de3cfc c0de3cfc        0     1                 $t.7
c0de3cfd c0de3cfd      380     1                 nbgl_layoutAddText
c0de4078 c0de4078        0     1                 $d.8
c0de407c c0de407c       a8     2         build/nanos2/obj/sdk/lib_nbgl/src/nbgl_layout_nanos.o:(.text.nbgl_layoutAddMenuList)
c0de407c c0de407c        0     1                 $t.9
c0de407d c0de407d       a8     1                 nbgl_layoutAddMenuList
c0de4124 c0de4124      340     2         build/nanos2/obj/sdk/lib_nbgl/src/nbgl_layout_nanos.o:(.text.nbgl_layoutAddCenteredInfo)
c0de4124 c0de4124        0     1                 $t.10
c0de4125 c0de4125      340     1                 nbgl_layoutAddCenteredInfo
c0de4464 c0de4464      1e8     4         build/nanos2/obj/sdk/lib_nbgl/src/nbgl_layout_nanos.o:(.text.nbgl_layoutAddSwitch)
c0de4464 c0de4464        0     1                 $t.13
c0de4465 c0de4465      1e8     1                 nbgl_layoutAddSwitch
c0de463c c0de463c        0     1                 $d.14
c0de464c c0de464c       10     2         build/nanos2/obj/sdk/lib_nbgl/src/nbgl_layout_nanos.o:(.text.nbgl_layoutDraw)
c0de464c c0de464c        0     1                 $t.15
c0de464d c0de464d       10     1                 nbgl_layoutDraw
c0de465c c0de465c       1a     2         build/nanos2/obj/sdk/lib_nbgl/src/nbgl_layout_nanos.o:(.text.nbgl_layoutRelease)
c0de465c c0de465c        0     1                 $t.16
c0de465d c0de465d       1a     1                 nbgl_layoutRelease
c0de4676 c0de4676       26     2         build/nanos2/obj/sdk/lib_nbgl/src/nbgl_layout_nanos.o:(.text.OUTLINED_FUNCTION_0)
c0de4676 c0de4676        0     1                 $t.17
c0de4677 c0de4677       26     1                 OUTLINED_FUNCTION_0
c0de469c c0de469c       1a     2         build/nanos2/obj/sdk/lib_nbgl/src/nbgl_layout_nanos.o:(.text.OUTLINED_FUNCTION_2)
c0de469c c0de469c        0     1                 $t.19
c0de469d c0de469d       1a     1                 OUTLINED_FUNCTION_2
c0de46b6 c0de46b6       12     2         build/nanos2/obj/sdk/lib_nbgl/src/nbgl_layout_nanos.o:(.text.OUTLINED_FUNCTION_3)
c0de46b6 c0de46b6        0     1                 $t.20
c0de46b7 c0de46b7       12     1                 OUTLINED_FUNCTION_3
c0de46c8 c0de46c8        a     2         build/nanos2/obj/sdk/lib_nbgl/src/nbgl_layout_nanos.o:(.text.OUTLINED_FUNCTION_4)
c0de46c8 c0de46c8        0     1                 $t.21
c0de46c9 c0de46c9        a     1                 OUTLINED_FUNCTION_4
c0de46d2 c0de46d2        6     2         build/nanos2/obj/sdk/lib_nbgl/src/nbgl_layout_nanos.o:(.text.OUTLINED_FUNCTION_5)
c0de46d2 c0de46d2        0     1                 $t.22
c0de46d3 c0de46d3        6     1                 OUTLINED_FUNCTION_5
c0de46d8 c0de46d8        8     2         build/nanos2/obj/sdk/lib_nbgl/src/nbgl_layout_nanos.o:(.text.OUTLINED_FUNCTION_6)
c0de46d8 c0de46d8        0     1                 $t.23
c0de46d9 c0de46d9        8     1                 OUTLINED_FUNCTION_6
c0de46e0 c0de46e0       10     2         build/nanos2/obj/sdk/lib_nbgl/src/nbgl_layout_nanos.o:(.text.OUTLINED_FUNCTION_7)
c0de46e0 c0de46e0        0     1                 $t.24
c0de46e1 c0de46e1       10     1                 OUTLINED_FUNCTION_7
c0de46f0 c0de46f0        6     2         build/nanos2/obj/sdk/lib_nbgl/src/nbgl_layout_nanos.o:(.text.OUTLINED_FUNCTION_8)
c0de46f0 c0de46f0        0     1                 $t.25
c0de46f1 c0de46f1        6     1                 OUTLINED_FUNCTION_8
c0de46f6 c0de46f6        e     2         build/nanos2/obj/sdk/lib_nbgl/src/nbgl_layout_nanos.o:(.text.OUTLINED_FUNCTION_9)
c0de46f6 c0de46f6        0     1                 $t.26
c0de46f7 c0de46f7        e     1                 OUTLINED_FUNCTION_9
c0de4704 c0de4704       72     2         build/nanos2/obj/sdk/lib_nbgl/src/nbgl_step.o:(.text.nbgl_stepDrawText)
c0de4704 c0de4704        0     1                 $t.0
c0de4705 c0de4705       72     1                 nbgl_stepDrawText
c0de4778 c0de4778       4c     4         build/nanos2/obj/sdk/lib_nbgl/src/nbgl_step.o:(.text.getFreeContext)
c0de4778 c0de4778        0     1                 $t.1
c0de4779 c0de4779       4c     1                 getFreeContext
c0de47c0 c0de47c0        0     1                 $d.2
c0de47c4 c0de47c4      1cc     4         build/nanos2/obj/sdk/lib_nbgl/src/nbgl_step.o:(.text.displayTextPage)
c0de47c4 c0de47c4        0     1                 $t.3
c0de47c5 c0de47c5      1cc     1                 displayTextPage
c0de4988 c0de4988        0     1                 $d.4
c0de4990 c0de4990       7c     4         build/nanos2/obj/sdk/lib_nbgl/src/nbgl_step.o:(.text.nbgl_stepDrawCenteredInfo)
c0de4990 c0de4990        0     1                 $t.5
c0de4991 c0de4991       7c     1                 nbgl_stepDrawCenteredInfo
c0de4a08 c0de4a08        0     1                 $d.6
c0de4a0c c0de4a0c       6c     2         build/nanos2/obj/sdk/lib_nbgl/src/nbgl_step.o:(.text.actionCallback)
c0de4a0c c0de4a0c        0     1                 $t.7
c0de4a0d c0de4a0d       6c     1                 actionCallback
c0de4a78 c0de4a78       38     2         build/nanos2/obj/sdk/lib_nbgl/src/nbgl_step.o:(.text.getNavigationInfo)
c0de4a78 c0de4a78        0     1                 $t.8
c0de4a79 c0de4a79       38     1                 getNavigationInfo
c0de4ab0 c0de4ab0       36     2         build/nanos2/obj/sdk/lib_nbgl/src/nbgl_step.o:(.text.nbgl_stepDrawMenuList)
c0de4ab0 c0de4ab0        0     1                 $t.9
c0de4ab1 c0de4ab1       36     1                 nbgl_stepDrawMenuList
c0de4ae8 c0de4ae8       78     4         build/nanos2/obj/sdk/lib_nbgl/src/nbgl_step.o:(.text.displayMenuList)
c0de4ae8 c0de4ae8        0     1                 $t.10
c0de4ae9 c0de4ae9       78     1                 displayMenuList
c0de4b5c c0de4b5c        0     1                 $d.11
c0de4b60 c0de4b60       7c     4         build/nanos2/obj/sdk/lib_nbgl/src/nbgl_step.o:(.text.nbgl_stepDrawSwitch)
c0de4b60 c0de4b60        0     1                 $t.13
c0de4b61 c0de4b61       7c     1                 nbgl_stepDrawSwitch
c0de4bd8 c0de4bd8        0     1                 $d.14
c0de4bdc c0de4bdc       18     2         build/nanos2/obj/sdk/lib_nbgl/src/nbgl_step.o:(.text.nbgl_stepRelease)
c0de4bdc c0de4bdc        0     1                 $t.15
c0de4bdd c0de4bdd       18     1                 nbgl_stepRelease
c0de4bf4 c0de4bf4       28     4         build/nanos2/obj/sdk/lib_nbgl/src/nbgl_step.o:(.text.getContextFromLayout)
c0de4bf4 c0de4bf4        0     1                 $t.16
c0de4bf5 c0de4bf5       28     1                 getContextFromLayout
c0de4c18 c0de4c18        0     1                 $d.17
c0de4c1c c0de4c1c       40     2         build/nanos2/obj/sdk/lib_nbgl/src/nbgl_step.o:(.text.menuListActionCallback)
c0de4c1c c0de4c1c        0     1                 $t.18
c0de4c1d c0de4c1d       40     1                 menuListActionCallback
c0de4c5c c0de4c5c       8e     2         build/nanos2/obj/sdk/lib_nbgl/src/nbgl_step.o:(.text.OUTLINED_FUNCTION_0)
c0de4c5c c0de4c5c        0     1                 $t.19
c0de4c5d c0de4c5d       8e     1                 OUTLINED_FUNCTION_0
c0de4cea c0de4cea       4a     2         build/nanos2/obj/sdk/lib_nbgl/src/nbgl_step.o:(.text.OUTLINED_FUNCTION_1)
c0de4cea c0de4cea        0     1                 $t.20
c0de4ceb c0de4ceb       4a     1                 OUTLINED_FUNCTION_1
c0de4d34 c0de4d34       12     2         build/nanos2/obj/sdk/lib_nbgl/src/nbgl_step.o:(.text.OUTLINED_FUNCTION_2)
c0de4d34 c0de4d34        0     1                 $t.21
c0de4d35 c0de4d35       12     1                 OUTLINED_FUNCTION_2
c0de4d46 c0de4d46        a     2         build/nanos2/obj/sdk/lib_nbgl/src/nbgl_step.o:(.text.OUTLINED_FUNCTION_3)
c0de4d46 c0de4d46        0     1                 $t.22
c0de4d47 c0de4d47        a     1                 OUTLINED_FUNCTION_3
c0de4d50 c0de4d50        6     2         build/nanos2/obj/sdk/lib_nbgl/src/nbgl_step.o:(.text.OUTLINED_FUNCTION_4)
c0de4d50 c0de4d50        0     1                 $t.23
c0de4d51 c0de4d51        6     1                 OUTLINED_FUNCTION_4
c0de4d56 c0de4d56        e     2         build/nanos2/obj/sdk/lib_nbgl/src/nbgl_step.o:(.text.OUTLINED_FUNCTION_5)
c0de4d56 c0de4d56        0     1                 $t.24
c0de4d57 c0de4d57        e     1                 OUTLINED_FUNCTION_5
c0de4d64 c0de4d64       4c     4         build/nanos2/obj/sdk/lib_nbgl/src/nbgl_use_case_nanos.o:(.text.nbgl_useCaseHomeAndSettings)
c0de4d64 c0de4d64        0     1                 $t.11
c0de4d65 c0de4d65       4c     1                 nbgl_useCaseHomeAndSettings
c0de4dac c0de4dac        0     1                 $d.12
c0de4db0 c0de4db0       78     4         build/nanos2/obj/sdk/lib_nbgl/src/nbgl_use_case_nanos.o:(.text.startUseCaseSettingsAtPage)
c0de4db0 c0de4db0        0     1                 $t.13
c0de4db1 c0de4db1       78     1                 startUseCaseSettingsAtPage
c0de4e24 c0de4e24        0     1                 $d.14
c0de4e28 c0de4e28       8c     4         build/nanos2/obj/sdk/lib_nbgl/src/nbgl_use_case_nanos.o:(.text.startUseCaseHome)
c0de4e28 c0de4e28        0     1                 $t.15
c0de4e29 c0de4e29       8c     1                 startUseCaseHome
c0de4eb0 c0de4eb0        0     1                 $d.16
c0de4eb4 c0de4eb4       20     2         build/nanos2/obj/sdk/lib_nbgl/src/nbgl_use_case_nanos.o:(.text.nbgl_useCaseReview)
c0de4eb4 c0de4eb4        0     1                 $t.20
c0de4eb5 c0de4eb5       20     1                 nbgl_useCaseReview
c0de4ed4 c0de4ed4       50     4         build/nanos2/obj/sdk/lib_nbgl/src/nbgl_use_case_nanos.o:(.text.useCaseReview)
c0de4ed4 c0de4ed4        0     1                 $t.21
c0de4ed5 c0de4ed5       50     1                 useCaseReview
c0de4f20 c0de4f20        0     1                 $d.22
c0de4f24 c0de4f24       e0     4         build/nanos2/obj/sdk/lib_nbgl/src/nbgl_use_case_nanos.o:(.text.nbgl_useCaseAdvancedReview)
c0de4f24 c0de4f24        0     1                 $t.23
c0de4f25 c0de4f25       e0     1                 nbgl_useCaseAdvancedReview
c0de5000 c0de5000        0     1                 $d.24
c0de5004 c0de5004       18     4         build/nanos2/obj/sdk/lib_nbgl/src/nbgl_use_case_nanos.o:(.text.displayPrelude)
c0de5004 c0de5004        0     1                 $t.25
c0de5005 c0de5005       18     1                 displayPrelude
c0de5018 c0de5018        0     1                 $d.26
c0de501c c0de501c       18     4         build/nanos2/obj/sdk/lib_nbgl/src/nbgl_use_case_nanos.o:(.text.displayInitialWarning)
c0de501c c0de501c        0     1                 $t.27
c0de501d c0de501d       18     1                 displayInitialWarning
c0de5030 c0de5030        0     1                 $d.28
c0de5034 c0de5034       24     4         build/nanos2/obj/sdk/lib_nbgl/src/nbgl_use_case_nanos.o:(.text.nbgl_useCaseReviewBlindSigning)
c0de5034 c0de5034        0     1                 $t.29
c0de5035 c0de5035       24     1                 nbgl_useCaseReviewBlindSigning
c0de5054 c0de5054        0     1                 $d.30
c0de5058 c0de5058       68     4         build/nanos2/obj/sdk/lib_nbgl/src/nbgl_use_case_nanos.o:(.text.nbgl_useCaseAddressReview)
c0de5058 c0de5058        0     1                 $t.32
c0de5059 c0de5059       68     1                 nbgl_useCaseAddressReview
c0de50bc c0de50bc        0     1                 $d.33
c0de50c0 c0de50c0      198     4         build/nanos2/obj/sdk/lib_nbgl/src/nbgl_use_case_nanos.o:(.text.displayReviewPage)
c0de50c0 c0de50c0        0     1                 $t.34
c0de50c1 c0de50c1      198     1                 displayReviewPage
c0de523c c0de523c        0     1                 $d.35
c0de5258 c0de5258       40     4         build/nanos2/obj/sdk/lib_nbgl/src/nbgl_use_case_nanos.o:(.text.nbgl_useCaseStatus)
c0de5258 c0de5258        0     1                 $t.38
c0de5259 c0de5259       40     1                 nbgl_useCaseStatus
c0de5290 c0de5290        0     1                 $d.39
c0de5298 c0de5298      188     4         build/nanos2/obj/sdk/lib_nbgl/src/nbgl_use_case_nanos.o:(.text.drawStep)
c0de5298 c0de5298        0     1                 $t.40
c0de5299 c0de5299      188     1                 drawStep
c0de540c c0de540c        0     1                 $d.41
c0de5420 c0de5420       1c     4         build/nanos2/obj/sdk/lib_nbgl/src/nbgl_use_case_nanos.o:(.text.statusButtonCallback)
c0de5420 c0de5420        0     1                 $t.42
c0de5421 c0de5421       1c     1                 statusButtonCallback
c0de5438 c0de5438        0     1                 $d.43
c0de543c c0de543c       94     4         build/nanos2/obj/sdk/lib_nbgl/src/nbgl_use_case_nanos.o:(.text.nbgl_useCaseReviewStatus)
c0de543c c0de543c        0     1                 $t.44
c0de543d c0de543d       94     1                 nbgl_useCaseReviewStatus
c0de54b0 c0de54b0        0     1                 $d.45
c0de54d0 c0de54d0      184     4         build/nanos2/obj/sdk/lib_nbgl/src/nbgl_use_case_nanos.o:(.text.displayStreamingReviewPage)
c0de54d0 c0de54d0        0     1                 $t.48
c0de54d1 c0de54d1      184     1                 displayStreamingReviewPage
c0de5640 c0de5640        0     1                 $d.49
c0de5654 c0de5654       14     2         build/nanos2/obj/sdk/lib_nbgl/src/nbgl_use_case_nanos.o:(.text.nbgl_useCaseChoice)
c0de5654 c0de5654        0     1                 $t.61
c0de5655 c0de5655       14     1                 nbgl_useCaseChoice
c0de5668 c0de5668       78     4         build/nanos2/obj/sdk/lib_nbgl/src/nbgl_use_case_nanos.o:(.text.nbgl_useCaseChoiceWithDetails)
c0de5668 c0de5668        0     1                 $t.62
c0de5669 c0de5669       78     1                 nbgl_useCaseChoiceWithDetails
c0de56dc c0de56dc        0     1                 $d.63
c0de56e0 c0de56e0       e8     4         build/nanos2/obj/sdk/lib_nbgl/src/nbgl_use_case_nanos.o:(.text.displayChoicePage)
c0de56e0 c0de56e0        0     1                 $t.64
c0de56e1 c0de56e1       e8     1                 displayChoicePage
c0de57b0 c0de57b0        0     1                 $d.65
c0de57c8 c0de57c8       b4     4         build/nanos2/obj/sdk/lib_nbgl/src/nbgl_use_case_nanos.o:(.text.getContentAtIdx)
c0de57c8 c0de57c8        0     1                 $t.74
c0de57c9 c0de57c9       b4     1                 getContentAtIdx
c0de5878 c0de5878        0     1                 $d.75
c0de587c c0de587c       34     2         build/nanos2/obj/sdk/lib_nbgl/src/nbgl_use_case_nanos.o:(.text.getContentNbElement)
c0de587c c0de587c        0     1                 $t.76
c0de587d c0de587d       34     1                 getContentNbElement
c0de58b0 c0de58b0       ac     4         build/nanos2/obj/sdk/lib_nbgl/src/nbgl_use_case_nanos.o:(.text.displayContent)
c0de58b0 c0de58b0        0     1                 $t.77
c0de58b1 c0de58b1       ac     1                 displayContent
c0de5944 c0de5944        0     1                 $d.78
c0de595c c0de595c      144     4         build/nanos2/obj/sdk/lib_nbgl/src/nbgl_use_case_nanos.o:(.text.getContentPage)
c0de595c c0de595c        0     1                 $t.79
c0de595d c0de595d      144     1                 getContentPage
c0de5a94 c0de5a94        0     1                 $d.80
c0de5aa0 c0de5aa0       50     4         build/nanos2/obj/sdk/lib_nbgl/src/nbgl_use_case_nanos.o:(.text.drawSwitchStep)
c0de5aa0 c0de5aa0        0     1                 $t.81
c0de5aa1 c0de5aa1       50     1                 drawSwitchStep
c0de5aec c0de5aec        0     1                 $d.82
c0de5af0 c0de5af0       1e     2         build/nanos2/obj/sdk/lib_nbgl/src/nbgl_use_case_nanos.o:(.text.contentCallback)
c0de5af0 c0de5af0        0     1                 $t.83
c0de5af1 c0de5af1       1e     1                 contentCallback
c0de5b10 c0de5b10       88     4         build/nanos2/obj/sdk/lib_nbgl/src/nbgl_use_case_nanos.o:(.text.getContentElemAtIdx)
c0de5b10 c0de5b10        0     1                 $t.84
c0de5b11 c0de5b11       88     1                 getContentElemAtIdx
c0de5b90 c0de5b90        0     1                 $d.85
c0de5b98 c0de5b98       46     2         build/nanos2/obj/sdk/lib_nbgl/src/nbgl_use_case_nanos.o:(.text.getPairData)
c0de5b98 c0de5b98        0     1                 $t.86
c0de5b99 c0de5b99       46     1                 getPairData
c0de5be0 c0de5be0       b0     4         build/nanos2/obj/sdk/lib_nbgl/src/nbgl_use_case_nanos.o:(.text.onSwitchAction)
c0de5be0 c0de5be0        0     1                 $t.87
c0de5be1 c0de5be1       b0     1                 onSwitchAction
c0de5c88 c0de5c88        0     1                 $d.88
c0de5c90 c0de5c90       9c     4         build/nanos2/obj/sdk/lib_nbgl/src/nbgl_use_case_nanos.o:(.text.displaySettingsPage)
c0de5c90 c0de5c90        0     1                 $t.89
c0de5c91 c0de5c91       9c     1                 displaySettingsPage
c0de5d14 c0de5d14        0     1                 $d.90
c0de5d2c c0de5d2c       1e     2         build/nanos2/obj/sdk/lib_nbgl/src/nbgl_use_case_nanos.o:(.text.settingsCallback)
c0de5d2c c0de5d2c        0     1                 $t.91
c0de5d2d c0de5d2d       1e     1                 settingsCallback
c0de5d4c c0de5d4c      124     4         build/nanos2/obj/sdk/lib_nbgl/src/nbgl_use_case_nanos.o:(.text.buttonGenericCallback)
c0de5d4c c0de5d4c        0     1                 $t.92
c0de5d4d c0de5d4d      124     1                 buttonGenericCallback
c0de5e68 c0de5e68        0     1                 $d.93
c0de5e70 c0de5e70       fc     4         build/nanos2/obj/sdk/lib_nbgl/src/nbgl_use_case_nanos.o:(.text.displayHomePage)
c0de5e70 c0de5e70        0     1                 $t.94
c0de5e71 c0de5e71       fc     1                 displayHomePage
c0de5f40 c0de5f40        0     1                 $d.95
c0de5f6c c0de5f6c        6     2         build/nanos2/obj/sdk/lib_nbgl/src/nbgl_use_case_nanos.o:(.text.startUseCaseSettings)
c0de5f6c c0de5f6c        0     1                 $t.96
c0de5f6d c0de5f6d        6     1                 startUseCaseSettings
c0de5f74 c0de5f74       24     4         build/nanos2/obj/sdk/lib_nbgl/src/nbgl_use_case_nanos.o:(.text.startUseCaseInfo)
c0de5f74 c0de5f74        0     1                 $t.97
c0de5f75 c0de5f75       24     1                 startUseCaseInfo
c0de5f94 c0de5f94        0     1                 $d.98
c0de5f98 c0de5f98       1c     2         build/nanos2/obj/sdk/lib_nbgl/src/nbgl_use_case_nanos.o:(.text.homeCallback)
c0de5f98 c0de5f98        0     1                 $t.99
c0de5f99 c0de5f99       1c     1                 homeCallback
c0de5fb4 c0de5fb4       78     4         build/nanos2/obj/sdk/lib_nbgl/src/nbgl_use_case_nanos.o:(.text.displayInfoPage)
c0de5fb4 c0de5fb4        0     1                 $t.100
c0de5fb5 c0de5fb5       78     1                 displayInfoPage
c0de6014 c0de6014        0     1                 $d.101
c0de602c c0de602c       1c     2         build/nanos2/obj/sdk/lib_nbgl/src/nbgl_use_case_nanos.o:(.text.infoCallback)
c0de602c c0de602c        0     1                 $t.102
c0de602d c0de602d       1c     1                 infoCallback
c0de6048 c0de6048      10c     4         build/nanos2/obj/sdk/lib_nbgl/src/nbgl_use_case_nanos.o:(.text.displayWarningStep)
c0de6048 c0de6048        0     1                 $t.103
c0de6049 c0de6049      10c     1                 displayWarningStep
c0de613c c0de613c        0     1                 $d.104
c0de6154 c0de6154       8c     4         build/nanos2/obj/sdk/lib_nbgl/src/nbgl_use_case_nanos.o:(.text.warningNavigate)
c0de6154 c0de6154        0     1                 $t.105
c0de6155 c0de6155       8c     1                 warningNavigate
c0de61dc c0de61dc        0     1                 $d.106
c0de61e0 c0de61e0      128     4         build/nanos2/obj/sdk/lib_nbgl/src/nbgl_use_case_nanos.o:(.text.getLastPageInfo)
c0de61e0 c0de61e0        0     1                 $t.107
c0de61e1 c0de61e1      128     1                 getLastPageInfo
c0de62ac c0de62ac        0     1                 $d.108
c0de6308 c0de6308       38     4         build/nanos2/obj/sdk/lib_nbgl/src/nbgl_use_case_nanos.o:(.text.launchReviewAfterWarning)
c0de6308 c0de6308        0     1                 $t.109
c0de6309 c0de6309       38     1                 launchReviewAfterWarning
c0de633c c0de633c        0     1                 $d.110
c0de6340 c0de6340       14     4         build/nanos2/obj/sdk/lib_nbgl/src/nbgl_use_case_nanos.o:(.text.onReviewAccept)
c0de6340 c0de6340        0     1                 $t.111
c0de6341 c0de6341       14     1                 onReviewAccept
c0de6350 c0de6350        0     1                 $d.112
c0de6354 c0de6354       14     4         build/nanos2/obj/sdk/lib_nbgl/src/nbgl_use_case_nanos.o:(.text.onReviewReject)
c0de6354 c0de6354        0     1                 $t.113
c0de6355 c0de6355       14     1                 onReviewReject
c0de6364 c0de6364        0     1                 $d.114
c0de6368 c0de6368       b8     4         build/nanos2/obj/sdk/lib_nbgl/src/nbgl_use_case_nanos.o:(.text.buttonSkipCallback)
c0de6368 c0de6368        0     1                 $t.115
c0de6369 c0de6369       b8     1                 buttonSkipCallback
c0de641c c0de641c        0     1                 $d.116
c0de6420 c0de6420       74     4         build/nanos2/obj/sdk/lib_nbgl/src/nbgl_use_case_nanos.o:(.text.displayAliasFullValue)
c0de6420 c0de6420        0     1                 $t.117
c0de6421 c0de6421       74     1                 displayAliasFullValue
c0de6490 c0de6490        0     1                 $d.118
c0de6494 c0de6494       24     4         build/nanos2/obj/sdk/lib_nbgl/src/nbgl_use_case_nanos.o:(.text.reviewCallback)
c0de6494 c0de6494        0     1                 $t.119
c0de6495 c0de6495       24     1                 reviewCallback
c0de64b4 c0de64b4        0     1                 $d.120
c0de64b8 c0de64b8       f4     4         build/nanos2/obj/sdk/lib_nbgl/src/nbgl_use_case_nanos.o:(.text.displayExtensionStep)
c0de64b8 c0de64b8        0     1                 $t.121
c0de64b9 c0de64b9       f4     1                 displayExtensionStep
c0de6598 c0de6598        0     1                 $d.122
c0de65ac c0de65ac       74     4         build/nanos2/obj/sdk/lib_nbgl/src/nbgl_use_case_nanos.o:(.text.extensionNavigate)
c0de65ac c0de65ac        0     1                 $t.123
c0de65ad c0de65ad       74     1                 extensionNavigate
c0de661c c0de661c        0     1                 $d.124
c0de6620 c0de6620       10     4         build/nanos2/obj/sdk/lib_nbgl/src/nbgl_use_case_nanos.o:(.text.statusTickerCallback)
c0de6620 c0de6620        0     1                 $t.125
c0de6621 c0de6621       10     1                 statusTickerCallback
c0de662c c0de662c        0     1                 $d.126
c0de6630 c0de6630       64     4         build/nanos2/obj/sdk/lib_nbgl/src/nbgl_use_case_nanos.o:(.text.getChoiceName)
c0de6630 c0de6630        0     1                 $t.127
c0de6631 c0de6631       64     1                 getChoiceName
c0de668c c0de668c        0     1                 $d.128
c0de6694 c0de6694       6c     4         build/nanos2/obj/sdk/lib_nbgl/src/nbgl_use_case_nanos.o:(.text.onChoiceSelected)
c0de6694 c0de6694        0     1                 $t.129
c0de6695 c0de6695       6c     1                 onChoiceSelected
c0de66fc c0de66fc        0     1                 $d.130
c0de6700 c0de6700       24     4         build/nanos2/obj/sdk/lib_nbgl/src/nbgl_use_case_nanos.o:(.text.streamingReviewCallback)
c0de6700 c0de6700        0     1                 $t.131
c0de6701 c0de6701       24     1                 streamingReviewCallback
c0de6720 c0de6720        0     1                 $d.132
c0de6724 c0de6724       14     4         build/nanos2/obj/sdk/lib_nbgl/src/nbgl_use_case_nanos.o:(.text.onChoiceAccept)
c0de6724 c0de6724        0     1                 $t.133
c0de6725 c0de6725       14     1                 onChoiceAccept
c0de6734 c0de6734        0     1                 $d.134
c0de6738 c0de6738       14     4         build/nanos2/obj/sdk/lib_nbgl/src/nbgl_use_case_nanos.o:(.text.onChoiceReject)
c0de6738 c0de6738        0     1                 $t.135
c0de6739 c0de6739       14     1                 onChoiceReject
c0de6748 c0de6748        0     1                 $d.136
c0de674c c0de674c       1c     2         build/nanos2/obj/sdk/lib_nbgl/src/nbgl_use_case_nanos.o:(.text.genericChoiceCallback)
c0de674c c0de674c        0     1                 $t.137
c0de674d c0de674d       1c     1                 genericChoiceCallback
c0de6768 c0de6768       16     2         build/nanos2/obj/sdk/lib_nbgl/src/nbgl_use_case_nanos.o:(.text.OUTLINED_FUNCTION_1)
c0de6768 c0de6768        0     1                 $t.144
c0de6769 c0de6769       16     1                 OUTLINED_FUNCTION_1
c0de677e c0de677e        c     2         build/nanos2/obj/sdk/lib_nbgl/src/nbgl_use_case_nanos.o:(.text.OUTLINED_FUNCTION_2)
c0de677e c0de677e        0     1                 $t.145
c0de677f c0de677f        c     1                 OUTLINED_FUNCTION_2
c0de678a c0de678a       14     2         build/nanos2/obj/sdk/lib_nbgl/src/nbgl_use_case_nanos.o:(.text.OUTLINED_FUNCTION_3)
c0de678a c0de678a        0     1                 $t.146
c0de678b c0de678b       14     1                 OUTLINED_FUNCTION_3
c0de679e c0de679e        8     2         build/nanos2/obj/sdk/lib_nbgl/src/nbgl_use_case_nanos.o:(.text.OUTLINED_FUNCTION_4)
c0de679e c0de679e        0     1                 $t.147
c0de679f c0de679f        8     1                 OUTLINED_FUNCTION_4
c0de67a6 c0de67a6        6     2         build/nanos2/obj/sdk/lib_nbgl/src/nbgl_use_case_nanos.o:(.text.OUTLINED_FUNCTION_5)
c0de67a6 c0de67a6        0     1                 $t.148
c0de67a7 c0de67a7        6     1                 OUTLINED_FUNCTION_5
c0de67ac c0de67ac        8     2         build/nanos2/obj/sdk/lib_nbgl/src/nbgl_use_case_nanos.o:(.text.OUTLINED_FUNCTION_6)
c0de67ac c0de67ac        0     1                 $t.149
c0de67ad c0de67ad        8     1                 OUTLINED_FUNCTION_6
c0de67b4 c0de67b4        e     2         build/nanos2/obj/sdk/lib_nbgl/src/nbgl_use_case_nanos.o:(.text.OUTLINED_FUNCTION_7)
c0de67b4 c0de67b4        0     1                 $t.150
c0de67b5 c0de67b5        e     1                 OUTLINED_FUNCTION_7
c0de67c2 c0de67c2        e     2         build/nanos2/obj/sdk/lib_nbgl/src/nbgl_use_case_nanos.o:(.text.OUTLINED_FUNCTION_8)
c0de67c2 c0de67c2        0     1                 $t.151
c0de67c3 c0de67c3        e     1                 OUTLINED_FUNCTION_8
c0de67d0 c0de67d0        a     2         build/nanos2/obj/sdk/lib_nbgl/src/nbgl_use_case_nanos.o:(.text.OUTLINED_FUNCTION_9)
c0de67d0 c0de67d0        0     1                 $t.152
c0de67d1 c0de67d1        a     1                 OUTLINED_FUNCTION_9
c0de67da c0de67da        a     2         build/nanos2/obj/sdk/lib_nbgl/src/nbgl_use_case_nanos.o:(.text.OUTLINED_FUNCTION_10)
c0de67da c0de67da        0     1                 $t.153
c0de67db c0de67db        a     1                 OUTLINED_FUNCTION_10
c0de67e4 c0de67e4       4e     2         build/nanos2/obj/sdk/lib_standard_app/bip32.o:(.text.bip32_path_read)
c0de67e4 c0de67e4        0     1                 $t.0
c0de67e5 c0de67e5       4e     1                 bip32_path_read
c0de6832 c0de6832       16     2         build/nanos2/obj/sdk/lib_standard_app/buffer.o:(.text.buffer_seek_cur)
c0de6832 c0de6832        0     1                 $t.2
c0de6833 c0de6833       16     1                 buffer_seek_cur
c0de6848 c0de6848       2c     2         build/nanos2/obj/sdk/lib_standard_app/buffer.o:(.text.buffer_read_u8)
c0de6848 c0de6848        0     1                 $t.4
c0de6849 c0de6849       2c     1                 buffer_read_u8
c0de6874 c0de6874       40     2         build/nanos2/obj/sdk/lib_standard_app/buffer.o:(.text.buffer_read_u64)
c0de6874 c0de6874        0     1                 $t.7
c0de6875 c0de6875       40     1                 buffer_read_u64
c0de68b4 c0de68b4       3a     2         build/nanos2/obj/sdk/lib_standard_app/buffer.o:(.text.buffer_read_varint)
c0de68b4 c0de68b4        0     1                 $t.8
c0de68b5 c0de68b5       3a     1                 buffer_read_varint
c0de68ee c0de68ee       2e     2         build/nanos2/obj/sdk/lib_standard_app/buffer.o:(.text.buffer_read_bip32_path)
c0de68ee c0de68ee        0     1                 $t.9
c0de68ef c0de68ef       2e     1                 buffer_read_bip32_path
c0de691c c0de691c       26     2         build/nanos2/obj/sdk/lib_standard_app/buffer.o:(.text.buffer_copy)
c0de691c c0de691c        0     1                 $t.10
c0de691d c0de691d       26     1                 buffer_copy
c0de6942 c0de6942       32     2         build/nanos2/obj/sdk/lib_standard_app/buffer.o:(.text.buffer_move)
c0de6942 c0de6942        0     1                 $t.11
c0de6943 c0de6943       32     1                 buffer_move
c0de6974 c0de6974        c     2         build/nanos2/obj/sdk/lib_standard_app/buffer.o:(.text.OUTLINED_FUNCTION_0)
c0de6974 c0de6974        0     1                 $t.12
c0de6975 c0de6975        c     1                 OUTLINED_FUNCTION_0
c0de6980 c0de6980       70     2         build/nanos2/obj/sdk/lib_standard_app/crypto_helpers.o:(.text.bip32_derive_with_seed_init_privkey_256)
c0de6980 c0de6980        0     1                 $t.0
c0de6981 c0de6981       70     1                 bip32_derive_with_seed_init_privkey_256
c0de69f0 c0de69f0       80     2         build/nanos2/obj/sdk/lib_standard_app/crypto_helpers.o:(.text.os_derive_bip32_with_seed_no_throw)
c0de69f0 c0de69f0        0     1                 $t.1
c0de69f1 c0de69f1       80     1                 os_derive_bip32_with_seed_no_throw
c0de6a70 c0de6a70       68     2         build/nanos2/obj/sdk/lib_standard_app/crypto_helpers.o:(.text.bip32_derive_with_seed_get_pubkey_256)
c0de6a70 c0de6a70        0     1                 $t.2
c0de6a71 c0de6a71       68     1                 bip32_derive_with_seed_get_pubkey_256
c0de6ad8 c0de6ad8       4e     2         build/nanos2/obj/sdk/lib_standard_app/crypto_helpers.o:(.text.bip32_derive_with_seed_ecdsa_sign_hash_256)
c0de6ad8 c0de6ad8        0     1                 $t.3
c0de6ad9 c0de6ad9       4e     1                 bip32_derive_with_seed_ecdsa_sign_hash_256
c0de6b26 c0de6b26        6     2         build/nanos2/obj/sdk/lib_standard_app/crypto_helpers.o:(.text.OUTLINED_FUNCTION_0)
c0de6b26 c0de6b26        0     1                 $t.6
c0de6b27 c0de6b27        6     1                 OUTLINED_FUNCTION_0
c0de6b2c c0de6b2c       50     4         build/nanos2/obj/sdk/lib_standard_app/format.o:(.text.format_hex)
c0de6b2c c0de6b2c        0     1                 $t.5
c0de6b2d c0de6b2d       50     1                 format_hex
c0de6b78 c0de6b78        0     1                 $d.6
c0de6b7c c0de6b7c        2     2         build/nanos2/obj/sdk/lib_standard_app/io.o:(.text.app_ticker_event_callback)
c0de6b7c c0de6b7c        0     1                 $t.0
c0de6b7d c0de6b7d        2     1                 app_ticker_event_callback
c0de6b80 c0de6b80       30     4         build/nanos2/obj/sdk/lib_standard_app/io.o:(.text.io_event)
c0de6b80 c0de6b80        0     1                 $t.1
c0de6b81 c0de6b81       30     1                 io_event
c0de6bac c0de6bac        0     1                 $d.2
c0de6bb0 c0de6bb0       10     4         build/nanos2/obj/sdk/lib_standard_app/io.o:(.text.io_init)
c0de6bb0 c0de6bb0        0     1                 $t.3
c0de6bb1 c0de6bb1       10     1                 io_init
c0de6bbc c0de6bbc        0     1                 $d.4
c0de6bc0 c0de6bc0       2c     4         build/nanos2/obj/sdk/lib_standard_app/io.o:(.text.io_recv_command)
c0de6bc0 c0de6bc0        0     1                 $t.5
c0de6bc1 c0de6bc1       2c     1                 io_recv_command
c0de6be8 c0de6be8        0     1                 $d.6
c0de6bec c0de6bec       6c     4         build/nanos2/obj/sdk/lib_standard_app/io.o:(.text.io_send_response_buffers)
c0de6bec c0de6bec        0     1                 $t.7
c0de6bed c0de6bed       6c     1                 io_send_response_buffers
c0de6c54 c0de6c54        0     1                 $d.8
c0de6c58 c0de6c58        6     2         build/nanos2/obj/sdk/lib_standard_app/main.o:(.text.app_exit)
c0de6c58 c0de6c58        0     1                 $t.0
c0de6c59 c0de6c59        6     1                 app_exit
c0de6c5e c0de6c5e        e     2         build/nanos2/obj/sdk/lib_standard_app/main.o:(.text.common_app_init)
c0de6c5e c0de6c5e        0     1                 $t.1
c0de6c5f c0de6c5f        e     1                 common_app_init
c0de6c6c c0de6c6c       4e     2         build/nanos2/obj/sdk/lib_standard_app/main.o:(.text.standalone_app_main)
c0de6c6c c0de6c6c        0     1                 $t.2
c0de6c6d c0de6c6d       4e     1                 standalone_app_main
c0de6cba c0de6cba       36     2         build/nanos2/obj/sdk/lib_standard_app/parser.o:(.text.apdu_parser)
c0de6cba c0de6cba        0     1                 $t.0
c0de6cbb c0de6cbb       36     1                 apdu_parser
c0de6cf0 c0de6cf0       18     2         build/nanos2/obj/sdk/lib_standard_app/read.o:(.text.read_u32_be)
c0de6cf0 c0de6cf0        0     1                 $t.1
c0de6cf1 c0de6cf1       18     1                 read_u32_be
c0de6d08 c0de6d08       30     2         build/nanos2/obj/sdk/lib_standard_app/read.o:(.text.read_u64_be)
c0de6d08 c0de6d08        0     1                 $t.2
c0de6d09 c0de6d09       30     1                 read_u64_be
c0de6d38 c0de6d38        e     2         build/nanos2/obj/sdk/lib_standard_app/read.o:(.text.read_u16_le)
c0de6d38 c0de6d38        0     1                 $t.3
c0de6d39 c0de6d39        e     1                 read_u16_le
c0de6d46 c0de6d46       18     2         build/nanos2/obj/sdk/lib_standard_app/read.o:(.text.read_u32_le)
c0de6d46 c0de6d46        0     1                 $t.4
c0de6d47 c0de6d47       18     1                 read_u32_le
c0de6d5e c0de6d5e       2e     2         build/nanos2/obj/sdk/lib_standard_app/read.o:(.text.read_u64_le)
c0de6d5e c0de6d5e        0     1                 $t.5
c0de6d5f c0de6d5f       2e     1                 read_u64_le
c0de6d8c c0de6d8c       5c     2         build/nanos2/obj/sdk/lib_standard_app/varint.o:(.text.varint_read)
c0de6d8c c0de6d8c        0     1                 $t.1
c0de6d8d c0de6d8d       5c     1                 varint_read
c0de6de8 c0de6de8        a     2         build/nanos2/obj/sdk/lib_standard_app/write.o:(.text.write_u16_be)
c0de6de8 c0de6de8        0     1                 $t.0
c0de6de9 c0de6de9        a     1                 write_u16_be
c0de6df4 c0de6df4       34     4         build/nanos2/obj/sdk/lib_ux_nbgl/ux.o:(.text.ux_process_button_event)
c0de6df4 c0de6df4        0     1                 $t.0
c0de6df5 c0de6df5       34     1                 ux_process_button_event
c0de6e24 c0de6e24        0     1                 $d.1
c0de6e28 c0de6e28       54     4         build/nanos2/obj/sdk/lib_ux_nbgl/ux.o:(.text.ux_forward_event)
c0de6e28 c0de6e28        0     1                 $t.2
c0de6e29 c0de6e29       54     1                 ux_forward_event
c0de6e78 c0de6e78        0     1                 $d.3
c0de6e7c c0de6e7c       30     4         build/nanos2/obj/sdk/lib_ux_nbgl/ux.o:(.text.ux_process_ticker_event)
c0de6e7c c0de6e7c        0     1                 $t.4
c0de6e7d c0de6e7d       30     1                 ux_process_ticker_event
c0de6ea8 c0de6ea8        0     1                 $d.5
c0de6eac c0de6eac        6     2         build/nanos2/obj/sdk/lib_ux_nbgl/ux.o:(.text.ux_process_default_event)
c0de6eac c0de6eac        0     1                 $t.6
c0de6ead c0de6ead        6     1                 ux_process_default_event
c0de6eb2 c0de6eb2       4e     2         build/nanos2/obj/sdk/src/cx_hash_iovec.o:(.text.hash_iovec_ex)
c0de6eb2 c0de6eb2        0     1                 $t.7
c0de6eb3 c0de6eb3       4e     1                 hash_iovec_ex
c0de6f00 c0de6f00       1a     2         build/nanos2/obj/sdk/src/cx_hash_iovec.o:(.text.cx_keccak_256_hash_iovec)
c0de6f00 c0de6f00        0     1                 $t.12
c0de6f01 c0de6f01       1a     1                 cx_keccak_256_hash_iovec
c0de6f1a c0de6f1a       1a     2         build/nanos2/obj/sdk/src/cx_hash_iovec.o:(.text.cx_blake2b_512_hash_iovec)
c0de6f1a c0de6f1a        0     1                 $t.18
c0de6f1b c0de6f1b       1a     1                 cx_blake2b_512_hash_iovec
c0de6f34 c0de6f34        a     1         build/nanos2/obj/sdk/src/cx_stubs.o:(.text.cx_ecdsa_sign_no_throw)
c0de6f34 c0de6f34        0     1                 $t.44
c0de6f35 c0de6f35        0     1                 cx_ecdsa_sign_no_throw
c0de6f3e c0de6f3e        a     1         build/nanos2/obj/sdk/src/cx_stubs.o:(.text.cx_ecfp_generate_pair2_no_throw)
c0de6f3e c0de6f3e        0     1                 $t.49
c0de6f3f c0de6f3f        0     1                 cx_ecfp_generate_pair2_no_throw
c0de6f48 c0de6f48        a     1         build/nanos2/obj/sdk/src/cx_stubs.o:(.text.cx_ecfp_init_private_key_no_throw)
c0de6f48 c0de6f48        0     1                 $t.51
c0de6f49 c0de6f49        0     1                 cx_ecfp_init_private_key_no_throw
c0de6f52 c0de6f52        a     1         build/nanos2/obj/sdk/src/cx_stubs.o:(.text.cx_hash_final)
c0de6f52 c0de6f52        0     1                 $t.63
c0de6f53 c0de6f53        0     1                 cx_hash_final
c0de6f5c c0de6f5c        a     1         build/nanos2/obj/sdk/src/cx_stubs.o:(.text.cx_hash_init_ex)
c0de6f5c c0de6f5c        0     1                 $t.67
c0de6f5d c0de6f5d        0     1                 cx_hash_init_ex
c0de6f66 c0de6f66        a     1         build/nanos2/obj/sdk/src/cx_stubs.o:(.text.cx_hash_update)
c0de6f66 c0de6f66        0     1                 $t.72
c0de6f67 c0de6f67        0     1                 cx_hash_update
c0de6f70 c0de6f70        a     1         build/nanos2/obj/sdk/src/cx_stubs.o:(.text.cx_rng_no_throw)
c0de6f70 c0de6f70        0     1                 $t.106
c0de6f71 c0de6f71        0     1                 cx_rng_no_throw
c0de6f7c c0de6f7c       10     4         build/nanos2/obj/sdk/src/cx_stubs.o:(.text.cx_aes_siv_reset)
c0de6f7c c0de6f7c        0     1                 $t.144
c0de6f7d c0de6f7d        0     1                 cx_aes_siv_reset
c0de6f85 c0de6f85        0     1                 cx_trampoline_helper
c0de6f88 c0de6f88        0     1                 $d.145
c0de6f8c c0de6f8c        6     2         build/nanos2/obj/sdk/src/ledger_assert.o:(.text.assert_exit)
c0de6f8c c0de6f8c        0     1                 $t.0
c0de6f8d c0de6f8d        6     1                 assert_exit
c0de6f92 c0de6f92        a     1         build/nanos2/obj/sdk/src/nbgl_stubs.o:(.text.nbgl_refresh)
c0de6f92 c0de6f92        0     1                 $t.0
c0de6f93 c0de6f93        0     1                 nbgl_refresh
c0de6f9c c0de6f9c        a     1         build/nanos2/obj/sdk/src/nbgl_stubs.o:(.text.nbgl_objInit)
c0de6f9c c0de6f9c        0     1                 $t.5
c0de6f9d c0de6f9d        0     1                 nbgl_objInit
c0de6fa6 c0de6fa6        a     1         build/nanos2/obj/sdk/src/nbgl_stubs.o:(.text.nbgl_objAllowDrawing)
c0de6fa6 c0de6fa6        0     1                 $t.7
c0de6fa7 c0de6fa7        0     1                 nbgl_objAllowDrawing
c0de6fb0 c0de6fb0        a     1         build/nanos2/obj/sdk/src/nbgl_stubs.o:(.text.nbgl_screenSet)
[...]
c0de77c5 c0de77c5        4     1                 __aeabi_memcpy4
c0de77c5 c0de77c5        4     1                 __aeabi_memcpy8
c0de77c8 c0de77c8        4     4         /opt/nanosplus-secure-sdk/arch/st33k1/lib/libclang_rt.builtins.a(aeabi_memmove.S.o):(.text)
c0de77c8 c0de77c8        0     1                 $t.0
c0de77c9 c0de77c9        4     1                 __aeabi_memmove
c0de77c9 c0de77c9        4     1                 __aeabi_memmove4
c0de77c9 c0de77c9        4     1                 __aeabi_memmove8
c0de77cc c0de77cc       14     4         /opt/nanosplus-secure-sdk/arch/st33k1/lib/libclang_rt.builtins.a(aeabi_memset.S.o):(.text)
c0de77cc c0de77cc        0     1                 $t.0
c0de77cd c0de77cd        a     1                 __aeabi_memset
c0de77cd c0de77cd        a     1                 __aeabi_memset4
c0de77cd c0de77cd        a     1                 __aeabi_memset8
c0de77d9 c0de77d9        8     1                 __aeabi_memclr
c0de77d9 c0de77d9        8     1                 __aeabi_memclr4
c0de77d9 c0de77d9        8     1                 __aeabi_memclr8
c0de77e0 c0de77e0        4     2         /opt/nanosplus-secure-sdk/arch/st33k1/lib/libc.a(lib_a-explicit_bzero.o):(.text.explicit_bzero)
c0de77e0 c0de77e0        0     1                 $t
c0de77e1 c0de77e1        4     1                 explicit_bzero
c0de77e4 c0de77e4        8     2         /opt/nanosplus-secure-sdk/arch/st33k1/lib/libc.a(lib_a-bzero.o):(.text.bzero)
c0de77e4 c0de77e4        0     1                 $t
c0de77e5 c0de77e5        8     1                 bzero
c0de77ec c0de77ec       1c     2         /opt/nanosplus-secure-sdk/arch/st33k1/lib/libc.a(lib_a-memcpy-stub.o):(.text.memcpy)
c0de77ec c0de77ec        0     1                 $t
c0de77ed c0de77ed       1c     1                 memcpy
c0de7808 c0de7808       34     2         /opt/nanosplus-secure-sdk/arch/st33k1/lib/libc.a(lib_a-memmove.o):(.text.memmove)
c0de7808 c0de7808        0     1                 $t
c0de7809 c0de7809       34     1                 memmove
c0de783c c0de783c       10     2         /opt/nanosplus-secure-sdk/arch/st33k1/lib/libc.a(lib_a-memset.o):(.text.memset)
c0de783c c0de783c        0     1                 $t
c0de783d c0de783d       10     1                 memset
c0de784c c0de784c       1c     4         /opt/nanosplus-secure-sdk/arch/st33k1/lib/libc.a(lib_a-setjmp.o):(.text)
c0de784c c0de784c        0     1                 $t
c0de784d c0de784d        c     1                 setjmp
c0de7859 c0de7859        e     1                 longjmp
c0de7868 c0de7868       14     2         /opt/nanosplus-secure-sdk/arch/st33k1/lib/libc.a(lib_a-strcmp.o):(.text)
c0de7868 c0de7868        0     1                 $t
c0de7869 c0de7869       14     1                 strcmp
c0de787c c0de787c        0     1         _ecode = .
c0de787c c0de787c       19     1         build/nanos2/gen_src/glyphs.o:(.rodata.C_home_boilerplate_14px_bitmap)
c0de787c c0de787c       19     1                 C_home_boilerplate_14px_bitmap
c0de7895 c0de7895        a     1         build/nanos2/gen_src/glyphs.o:(.rodata.C_home_boilerplate_14px)
c0de7895 c0de7895        a     1                 C_home_boilerplate_14px
c0de789f c0de789f       19     1         build/nanos2/gen_src/glyphs.o:(.rodata.C_Information_circle_14px_bitmap)
c0de789f c0de789f       19     1                 C_Information_circle_14px_bitmap
c0de78b8 c0de78b8        a     1         build/nanos2/gen_src/glyphs.o:(.rodata.C_Information_circle_14px)
c0de78b8 c0de78b8        a     1                 C_Information_circle_14px
c0de78c2 c0de78c2       19     1         build/nanos2/gen_src/glyphs.o:(.rodata.C_Quit_14px_bitmap)
c0de78c2 c0de78c2       19     1                 C_Quit_14px_bitmap
c0de78db c0de78db        a     1         build/nanos2/gen_src/glyphs.o:(.rodata.C_Quit_14px)
c0de78db c0de78db        a     1                 C_Quit_14px
c0de78e5 c0de78e5        c     1         build/nanos2/gen_src/glyphs.o:(.rodata.C_Switch_Off_8px_bitmap)
c0de78e5 c0de78e5        c     1                 C_Switch_Off_8px_bitmap
c0de78f1 c0de78f1        a     1         build/nanos2/gen_src/glyphs.o:(.rodata.C_Switch_Off_8px)
c0de78f1 c0de78f1        a     1                 C_Switch_Off_8px
c0de78fb c0de78fb        c     1         build/nanos2/gen_src/glyphs.o:(.rodata.C_Switch_On_8px_bitmap)
c0de78fb c0de78fb        c     1                 C_Switch_On_8px_bitmap
c0de7907 c0de7907        a     1         build/nanos2/gen_src/glyphs.o:(.rodata.C_Switch_On_8px)
c0de7907 c0de7907        a     1                 C_Switch_On_8px
c0de7911 c0de7911       19     1         build/nanos2/gen_src/glyphs.o:(.rodata.C_icon_back_x_bitmap)
c0de7911 c0de7911       19     1                 C_icon_back_x_bitmap
c0de792a c0de792a        a     1         build/nanos2/gen_src/glyphs.o:(.rodata.C_icon_back_x)
c0de792a c0de792a        a     1                 C_icon_back_x
c0de7934 c0de7934       19     1         build/nanos2/gen_src/glyphs.o:(.rodata.C_icon_coggle_bitmap)
c0de7934 c0de7934       19     1                 C_icon_coggle_bitmap
c0de794d c0de794d        a     1         build/nanos2/gen_src/glyphs.o:(.rodata.C_icon_coggle)
c0de794d c0de794d        a     1                 C_icon_coggle
c0de7957 c0de7957       19     1         build/nanos2/gen_src/glyphs.o:(.rodata.C_icon_crossmark_bitmap)
c0de7957 c0de7957       19     1                 C_icon_crossmark_bitmap
c0de7970 c0de7970        a     1         build/nanos2/gen_src/glyphs.o:(.rodata.C_icon_crossmark)
c0de7970 c0de7970        a     1                 C_icon_crossmark
c0de797a c0de797a        4     1         build/nanos2/gen_src/glyphs.o:(.rodata.C_icon_down_bitmap)
c0de797a c0de797a        4     1                 C_icon_down_bitmap
c0de797e c0de797e        a     1         build/nanos2/gen_src/glyphs.o:(.rodata.C_icon_down)
c0de797e c0de797e        a     1                 C_icon_down
c0de7988 c0de7988        4     1         build/nanos2/gen_src/glyphs.o:(.rodata.C_icon_left_bitmap)
c0de7988 c0de7988        4     1                 C_icon_left_bitmap
c0de798c c0de798c        a     1         build/nanos2/gen_src/glyphs.o:(.rodata.C_icon_left)
c0de798c c0de798c        a     1                 C_icon_left
c0de7996 c0de7996        4     1         build/nanos2/gen_src/glyphs.o:(.rodata.C_icon_right_bitmap)
c0de7996 c0de7996        4     1                 C_icon_right_bitmap
c0de799a c0de799a        a     1         build/nanos2/gen_src/glyphs.o:(.rodata.C_icon_right)
c0de799a c0de799a        a     1                 C_icon_right
c0de79a4 c0de79a4        4     1         build/nanos2/gen_src/glyphs.o:(.rodata.C_icon_up_bitmap)
c0de79a4 c0de79a4        4     1                 C_icon_up_bitmap
c0de79a8 c0de79a8        a     1         build/nanos2/gen_src/glyphs.o:(.rodata.C_icon_up)
c0de79a8 c0de79a8        a     1                 C_icon_up
c0de79b2 c0de79b2       17     1         build/nanos2/gen_src/glyphs.o:(.rodata.C_icon_validate_14_bitmap)
c0de79b2 c0de79b2       17     1                 C_icon_validate_14_bitmap
c0de79c9 c0de79c9        a     1         build/nanos2/gen_src/glyphs.o:(.rodata.C_icon_validate_14)
c0de79c9 c0de79c9        a     1                 C_icon_validate_14
c0de79d3 c0de79d3       19     1         build/nanos2/gen_src/glyphs.o:(.rodata.C_icon_warning_bitmap)
c0de79d3 c0de79d3       19     1                 C_icon_warning_bitmap
c0de79ec c0de79ec        a     1         build/nanos2/gen_src/glyphs.o:(.rodata.C_icon_warning)
c0de79ec c0de79ec        a     1                 C_icon_warning
c0de79f6 c0de79f6       19     1         build/nanos2/gen_src/glyphs.o:(.rodata.C_app_boilerplate_14px_bitmap)
c0de79f6 c0de79f6       19     1                 C_app_boilerplate_14px_bitmap
c0de7a0f c0de7a0f        a     1         build/nanos2/gen_src/glyphs.o:(.rodata.C_app_boilerplate_14px)
c0de7a0f c0de7a0f        a     1                 C_app_boilerplate_14px
c0de7a19 c0de7a19      345     1         <internal>:(.text)
c0de7d60 c0de7d60      320     8         <internal>:(.text)
c0de8080 c0de8080       a0     4         build/nanos2/obj/app/src/handler/zkn_magicbox.o:(.rodata..L__const.handler_cmd_Poseidon.input)
c0de8080 c0de8080       a0     1                 .L__const.handler_cmd_Poseidon.input
c0de8120 c0de8120      1e0     4         build/nanos2/obj/app/src/handler/zkn_magicbox.o:(.rodata..L__const.handler_cmd_encodeCommitment.commitmentlist_be)
c0de8120 c0de8120      1e0     1                 .L__const.handler_cmd_encodeCommitment.commitmentlist_be
c0de8300 c0de8300      1e0     4         build/nanos2/obj/app/src/handler/zkn_magicbox.o:(.rodata..L__const.handler_cmd_GroupCommitment.commitmentlist_be)
c0de8300 c0de8300      1e0     1                 .L__const.handler_cmd_GroupCommitment.commitmentlist_be
c0de84e0 c0de84e0       60     4         build/nanos2/obj/app/src/handler/zkn_magicbox.o:(.rodata..L__const.handler_cmd_GroupCommitment.binding_factors)
c0de84e0 c0de84e0       60     1                 .L__const.handler_cmd_GroupCommitment.binding_factors
c0de8540 c0de8540      1e0     4         build/nanos2/obj/app/src/handler/zkn_magicbox.o:(.rodata..L__const.handler_cmd_PartialSig.commitmentlist_be)
c0de8540 c0de8540      1e0     1                 .L__const.handler_cmd_PartialSig.commitmentlist_be
c0de8720 c0de8720       40     4         build/nanos2/obj/app/src/handler/zkn_magicbox.o:(.rodata..L__const.handler_cmd_PartialSig.groupkey_be)
c0de8720 c0de8720       40     1                 .L__const.handler_cmd_PartialSig.groupkey_be
c0de8760 c0de8760        c     4         build/nanos2/obj/app/src/ui/menu_nbgl.o:(.rodata.settingContents)
c0de8760 c0de8760        c     1                 settingContents
c0de876c c0de876c       10     4         build/nanos2/obj/app/src/ui/menu_nbgl.o:(.rodata.infoList)
c0de876c c0de876c       10     1                 infoList
c0de877c c0de877c       38     4         build/nanos2/obj/app/src/ui/menu_nbgl.o:(.rodata.contents)
c0de877c c0de877c       38     1                 contents
c0de87b4 c0de87b4        8     4         build/nanos2/obj/app/src/ui/menu_nbgl.o:(.rodata.INFO_TYPES)
c0de87b4 c0de87b4        8     1                 INFO_TYPES
c0de87bc c0de87bc        8     4         build/nanos2/obj/app/src/ui/menu_nbgl.o:(.rodata.INFO_CONTENTS)
c0de87bc c0de87bc        8     1                 INFO_CONTENTS
c0de87c4 c0de87c4       40     4         build/nanos2/obj/app/src/zknox/ecc/zkn_eddsa.o:(.rodata..L__const.EddsaPoseidon_Sign_final.big_n)
c0de87c4 c0de87c4       40     1                 .L__const.EddsaPoseidon_Sign_final.big_n
c0de8804 c0de8804      480     4         build/nanos2/obj/app/src/zknox/hash/zkn_poseidon_constants.o:(.rodata..L__const.Poseidon_alloc_init.MixColumn)
c0de8804 c0de8804      480     1                 .L__const.Poseidon_alloc_init.MixColumn
c0de8c84 c0de8c84       1d     4         build/nanos2/obj/app/src/zknox/hash/zkn_rfc9591frost.o:(.rodata..L__const.zkn_frost_H5_init.contextString_BabyFROST)
c0de8c84 c0de8c84       1d     1                 .L__const.zkn_frost_H5_init.contextString_BabyFROST
c0de8ca4 c0de8ca4       2c     4         build/nanos2/obj/sdk/lib_nbgl/src/nbgl_use_case_nanos.o:(.rodata.blindSigningWarning)
c0de8ca4 c0de8ca4       2c     1                 blindSigningWarning
c0de8cd0 c0de8cd0       20     1         <internal>:(.text)
c0de8cf0 c0de8cf0        0     1         . = ALIGN ( 4 )
c0de8cf0 c0de8cf0        0     1         _etext = .
c0de8cf0 c0de8cf0      110     1         . = ALIGN ( PAGE_SIZE )
c0de8e00 c0de8e00        0     1         _nvram_data = .
c0de8e00 c0de8e00        3     1         build/nanos2/obj/app/src/app_main.o:(.rodata.N_storage_real)
c0de8e00 c0de8e00        3     1                 N_storage_real
c0de8e03 c0de8e03      1fd     1         . = ALIGN ( PAGE_SIZE )
c0de9000 c0de9000        0     1         _envram_data = .
c0de9000 c0de9000        0     1         _install_parameters = .
c0de9000 c0de9000       3f     1         build/nanos2/obj/sdk/src/app_metadata.o:(.install_parameters)
c0de9000 c0de9000       3f     1                 install_parameters
c0de903f c0de903f        0     1         _einstall_parameters = .
c0de903f c0de903f        0     1         _nvram_end = .
d0000000 d0000000        0     1 .data
d0000000 d0000000        0     1         . = ALIGN ( 4 )
d0000000 d0000000        0     1         _data = .
d0000000 d0000000        0     1         _edata = .
d0000000 d0000000        0     1 
da7a0000 da7a0000      b1c     8 .bss
da7a0000 da7a0000        0     1         _bss = .
da7a0000 da7a0000      2f0     8         build/nanos2/obj/app/src/app_main.o:(.bss.G_context)
da7a0000 da7a0000      2f0     1                 G_context
da7a02f0 da7a02f0       40     1         build/nanos2/obj/app/src/app_main.o:(.bss.g_frost_group_key)
da7a02f0 da7a02f0       40     1                 g_frost_group_key
da7a0330 da7a0330       20     1         build/nanos2/obj/app/src/app_main.o:(.bss.g_frost_identifier)
da7a0330 da7a0330       20     1                 g_frost_identifier
da7a0350 da7a0350       20     1         build/nanos2/obj/app/src/app_main.o:(.bss.g_frost_secret)
da7a0350 da7a0350       20     1                 g_frost_secret
da7a0370 da7a0370       40     1         build/nanos2/obj/app/src/app_main.o:(.bss.g_frost_nonces)
da7a0370 da7a0370       40     1                 g_frost_nonces
da7a03b0 da7a03b0      1e0     1         build/nanos2/obj/app/src/app_main.o:(.bss.g_frost_com)
da7a03b0 da7a03b0      1e0     1                 g_frost_com
da7a0590 da7a0590       1c     4         build/nanos2/obj/app/src/ui/menu_nbgl.o:(.bss..L_MergedGlobals)
da7a0590 da7a0590       1c     1                 .L_MergedGlobals
da7a0590 da7a0590        1     1                 initSettingPage
da7a0594 da7a0594       18     1                 switches
da7a05ac da7a05ac       2b     4         build/nanos2/obj/app/src/ui/nbgl_display_address.o:(.bss.g_address)
da7a05ac da7a05ac       2b     1                 g_address
da7a05d8 da7a05d8       74     4         build/nanos2/obj/app/src/ui/nbgl_display_transaction.o:(.bss..L_MergedGlobals)
da7a05d8 da7a05d8       74     1                 .L_MergedGlobals
da7a05d8 da7a05d8       14     1                 pairList
da7a05ec da7a05ec       20     1                 pairs
da7a060c da7a060c       40     1                 g_tx_hash
da7a064c da7a064c      111     1         build/nanos2/obj/sdk/io/src/os_io.o:(.bss.G_io_tx_buffer)
da7a064c da7a064c      111     1                 G_io_tx_buffer
da7a075d da7a075d      111     1         build/nanos2/obj/sdk/io/src/os_io.o:(.bss.G_io_rx_buffer)
da7a075d da7a075d      111     1                 G_io_rx_buffer
da7a086e da7a086e        8     2         build/nanos2/obj/sdk/io_legacy/src/os_io_legacy.o:(.bss.G_io_app)
da7a086e da7a086e        8     1                 G_io_app
da7a0876 da7a0876        2     1         build/nanos2/obj/sdk/io_legacy/src/os_io_legacy.o:(.bss..L_MergedGlobals)
da7a0876 da7a0876        2     1                 .L_MergedGlobals
da7a0876 da7a0876        1     1                 need_to_start_io
da7a0877 da7a0877        1     1                 io_os_legacy_apdu_type
da7a0878 da7a0878       24     4         build/nanos2/obj/sdk/lib_nbgl/src/nbgl_layout_nanos.o:(.bss.gLayout)
da7a0878 da7a0878       24     1                 gLayout
da7a089c da7a089c       14     4         build/nanos2/obj/sdk/lib_nbgl/src/nbgl_layout_nanos.o:(.bss.nbgl_layoutAddText.tmpString)
da7a089c da7a089c       14     1                 nbgl_layoutAddText.tmpString
da7a08b0 da7a08b0       d8     4         build/nanos2/obj/sdk/lib_nbgl/src/nbgl_step.o:(.bss.contexts)
da7a08b0 da7a08b0       d8     1                 contexts
da7a0988 da7a0988       6c     4         build/nanos2/obj/sdk/lib_nbgl/src/nbgl_use_case_nanos.o:(.bss..L_MergedGlobals)
da7a0988 da7a0988       6c     1                 .L_MergedGlobals
da7a0988 da7a0988       2c     1                 reviewWithWarnCtx
da7a09b4 da7a09b4       40     1                 context
da7a09f4 da7a09f4      110     1         build/nanos2/obj/sdk/lib_standard_app/io.o:(.bss.G_io_seproxyhal_spi_buffer)
da7a09f4 da7a09f4      110     1                 G_io_seproxyhal_spi_buffer
da7a0b04 da7a0b04        1     1         build/nanos2/obj/sdk/lib_standard_app/io.o:(.bss.need_to_start_io)
da7a0b04 da7a0b04        1     1                 need_to_start_io
da7a0b08 da7a0b08        c     4         build/nanos2/obj/sdk/lib_standard_app/main.o:(.bss.G_ux_params)
da7a0b08 da7a0b08        c     1                 G_ux_params
da7a0b14 da7a0b14        4     4         build/nanos2/obj/sdk/lib_ux_nbgl/ux.o:(.bss.nbTicks)
da7a0b14 da7a0b14        4     1                 nbTicks
da7a0b18 da7a0b18        0     1         _ebss = .
da7a0b18 da7a0b18        0     1         . = ALIGN ( 4 )
da7a0b18 da7a0b18        0     1         app_stack_canary = .
da7a0b18 da7a0b18        4     1         . += 4
da7a0b1c da7a0b1c        0     1         _stack = .
da7a0b1c da7a0b1c        0     1         _estack = ABSOLUTE ( END_STACK )
da7a0b1c da7a0b1c        0     1 
d0000000 d0000000       10     4 DEBUG
d0000000 d0000000       10     4         <internal>:(.ARM.exidx)
       0        0       5d     1 .comment
       0        0       5d     1         <internal>:(.comment)
       0        0        6     1 ledger.target
       0        0        6     1         build/nanos2/obj/sdk/src/app_metadata.o:(ledger.target)
       0        0        6     1                 target
       0        0        d     1 ledger.target_name
       0        0        d     1         build/nanos2/obj/sdk/src/app_metadata.o:(ledger.target_name)
       0        0        d     1                 target_name
       0        0        a     1 ledger.target_id
       0        0        a     1         build/nanos2/obj/sdk/src/app_metadata.o:(ledger.target_id)
       0        0        a     1                 target_id
       0        0        7     1 ledger.app_name
       0        0        7     1         build/nanos2/obj/sdk/src/app_metadata.o:(ledger.app_name)
       0        0        7     1                 app_name
       0        0        5     1 ledger.app_version
       0        0        5     1         build/nanos2/obj/sdk/src/app_metadata.o:(ledger.app_version)
       0        0        5     1                 app_version
       0        0        2     1 ledger.api_level
       0        0        2     1         build/nanos2/obj/sdk/src/app_metadata.o:(ledger.api_level)
       0        0        2     1                 api_level
       0        0       11     1 ledger.sdk_name
       0        0       11     1         build/nanos2/obj/sdk/src/app_metadata.o:(ledger.sdk_name)
       0        0       11     1                 sdk_name
       0        0        7     1 ledger.sdk_version
       0        0        7     1         build/nanos2/obj/sdk/src/app_metadata.o:(ledger.sdk_version)
       0        0        7     1                 sdk_version
       0        0       28     1 ledger.sdk_hash
       0        0       28     1         build/nanos2/obj/sdk/src/app_metadata.o:(ledger.sdk_hash)
       0        0       28     1                 sdk_hash
       0        0        4     1 ledger.sdk_graphics
       0        0        4     1         build/nanos2/obj/sdk/src/app_metadata.o:(ledger.sdk_graphics)
       0        0        4     1                 sdk_graphics
d0000010 d0000010        0     1 PROVIDE ( _nvram = ABSOLUTE ( _nvram_start ) )
d0000010 d0000010        0     1 PROVIDE ( _envram = ABSOLUTE ( _nvram_end ) )
       0        0       45     1 .ARM.attributes
       0        0       45     1         build/nanos2/gen_src/glyphs.o:(.ARM.attributes)
       0        0     4660     4 .symtab
       0        0     4660     4         <internal>:(.symtab)
       0        0       f8     1 .shstrtab
       0        0       f8     1         <internal>:(.shstrtab)
       0        0     357a     1 .strtab
       0        0     357a     1         <internal>:(.strtab)
