     VMA      LMA     Size Align Out     In      Symbol
       0        0        0     1 PAGE_SIZE = 512
       0        0        0     1 STACK_MIN_SIZE = DEFINED ( stack_min_size ) ? stack_min_size : 1500
       0        0        0     1 END_STACK = ORIGIN ( SRAM ) + LENGTH ( SRAM )
c0de0000 c0de0000     f70b     8 .text
c0de0000 c0de0000        0     1         _text = .
c0de0000 c0de0000        0     1         _nvram_start = .
c0de0000 c0de0000       28     2         build/flex/obj/sdk/lib_standard_app/main.o:(.boot)
c0de0000 c0de0000        0     1                 $t.6
c0de0001 c0de0001       28     1                 main
c0de0028 c0de0028        0     1         _code = .
c0de0028 c0de0028       4a     2         build/flex/obj/app/src/address.o:(.text.address_from_pubkey)
c0de0028 c0de0028        0     1                 $t.0
c0de0029 c0de0029       4a     1                 address_from_pubkey
c0de0072 c0de0072      2d0     2         build/flex/obj/app/src/apdu/dispatcher.o:(.text.apdu_dispatcher)
c0de0072 c0de0072        0     1                 $t.0
c0de0073 c0de0073      2d0     1                 apdu_dispatcher
c0de0342 c0de0342        e     2         build/flex/obj/app/src/apdu/dispatcher.o:(.text.io_send_sw)
c0de0342 c0de0342        0     1                 $t.1
c0de0343 c0de0343        e     1                 io_send_sw
c0de0350 c0de0350        8     2         build/flex/obj/app/src/apdu/dispatcher.o:(.text.OUTLINED_FUNCTION_0)
c0de0350 c0de0350        0     1                 $t.2
c0de0351 c0de0351        8     1                 OUTLINED_FUNCTION_0
c0de0358 c0de0358       94     4         build/flex/obj/app/src/app_main.o:(.text.app_main)
c0de0358 c0de0358        0     1                 $t.0
c0de0359 c0de0359       94     1                 app_main
c0de03d8 c0de03d8        0     1                 $d.1
c0de03ec c0de03ec       28     4         build/flex/obj/app/src/handler/get_app_name.o:(.text.handler_get_app_name)
c0de03ec c0de03ec        0     1                 $t.0
c0de03ed c0de03ed       28     1                 handler_get_app_name
c0de0410 c0de0410        0     1                 $d.1
c0de0414 c0de0414       98     4         build/flex/obj/app/src/handler/get_public_key.o:(.text.handler_get_public_key)
c0de0414 c0de0414        0     1                 $t.0
c0de0415 c0de0415       98     1                 handler_get_public_key
c0de04a8 c0de04a8        0     1                 $d.1
c0de04ac c0de04ac        e     2         build/flex/obj/app/src/handler/get_public_key.o:(.text.io_send_sw)
c0de04ac c0de04ac        0     1                 $t.2
c0de04ad c0de04ad        e     1                 io_send_sw
c0de04ba c0de04ba       2e     2         build/flex/obj/app/src/handler/get_version.o:(.text.handler_get_version)
c0de04ba c0de04ba        0     1                 $t.0
c0de04bb c0de04bb       2e     1                 handler_get_version
c0de04e8 c0de04e8      168     4         build/flex/obj/app/src/handler/sign_tx.o:(.text.handler_sign_tx)
c0de04e8 c0de04e8        0     1                 $t.0
c0de04e9 c0de04e9      168     1                 handler_sign_tx
c0de0640 c0de0640        0     1                 $d.1
c0de0650 c0de0650        e     2         build/flex/obj/app/src/handler/sign_tx.o:(.text.io_send_sw)
c0de0650 c0de0650        0     1                 $t.2
c0de0651 c0de0651        e     1                 io_send_sw
c0de065e c0de065e       4e     2         build/flex/obj/app/src/handler/zkn_magicbox.o:(.text.handler_cmd_blake2b512)
c0de065e c0de065e        0     1                 $t.0
c0de065f c0de065f       4e     1                 handler_cmd_blake2b512
c0de06ac c0de06ac       16     2         build/flex/obj/app/src/handler/zkn_magicbox.o:(.text.io_send_response_pointer)
c0de06ac c0de06ac        0     1                 $t.1
c0de06ad c0de06ad       16     1                 io_send_response_pointer
c0de06c2 c0de06c2        e     2         build/flex/obj/app/src/handler/zkn_magicbox.o:(.text.io_send_sw)
c0de06c2 c0de06c2        0     1                 $t.2
c0de06c3 c0de06c3        e     1                 io_send_sw
c0de06d0 c0de06d0       3a     2         build/flex/obj/app/src/handler/zkn_magicbox.o:(.text.handler_cmd_keccakH)
c0de06d0 c0de06d0        0     1                 $t.3
c0de06d1 c0de06d1       3a     1                 handler_cmd_keccakH
c0de070c c0de070c       90     4         build/flex/obj/app/src/handler/zkn_magicbox.o:(.text.handler_cmd_bolos_stretch)
c0de070c c0de070c        0     1                 $t.4
c0de070d c0de070d       90     1                 handler_cmd_bolos_stretch
c0de0790 c0de0790        0     1                 $d.5
c0de079c c0de079c      108     4         build/flex/obj/app/src/handler/zkn_magicbox.o:(.text.handler_cmd_Poseidon)
c0de079c c0de079c        0     1                 $t.6
c0de079d c0de079d      108     1                 handler_cmd_Poseidon
c0de089c c0de089c        0     1                 $d.7
c0de08a4 c0de08a4       8c     4         build/flex/obj/app/src/handler/zkn_magicbox.o:(.text.handler_cmd_Poseidon_ithRC)
c0de08a4 c0de08a4        0     1                 $t.8
c0de08a5 c0de08a5       8c     1                 handler_cmd_Poseidon_ithRC
c0de0928 c0de0928        0     1                 $d.9
c0de0930 c0de0930       82     2         build/flex/obj/app/src/handler/zkn_magicbox.o:(.text.handler_cmd_tEddsaPoseidon_Kpub)
c0de0930 c0de0930        0     1                 $t.12
c0de0931 c0de0931       82     1                 handler_cmd_tEddsaPoseidon_Kpub
c0de09b2 c0de09b2       b2     2         build/flex/obj/app/src/handler/zkn_magicbox.o:(.text.handler_cmd_tEddsaPoseidon_Sign)
c0de09b2 c0de09b2        0     1                 $t.13
c0de09b3 c0de09b3       b2     1                 handler_cmd_tEddsaPoseidon_Sign
c0de0a64 c0de0a64       e8     4         build/flex/obj/app/src/handler/zkn_magicbox.o:(.text.handler_cmd_tEddsaPoseidon)
c0de0a64 c0de0a64        0     1                 $t.14
c0de0a65 c0de0a65       e8     1                 handler_cmd_tEddsaPoseidon
c0de0b44 c0de0b44        0     1                 $d.15
c0de0b4c c0de0b4c      16c     4         build/flex/obj/app/src/handler/zkn_magicbox.o:(.text.handler_cmd_tEdwards)
c0de0b4c c0de0b4c        0     1                 $t.16
c0de0b4d c0de0b4d      16c     1                 handler_cmd_tEdwards
c0de0ca8 c0de0ca8        0     1                 $d.17
c0de0cb8 c0de0cb8      16a     2         build/flex/obj/app/src/handler/zkn_magicbox.o:(.text.handler_cmd_Interpolate)
c0de0cb8 c0de0cb8        0     1                 $t.20
c0de0cb9 c0de0cb9      16a     1                 handler_cmd_Interpolate
c0de0e22 c0de0e22      190     2         build/flex/obj/app/src/handler/zkn_magicbox.o:(.text.handler_cmd_Split)
c0de0e22 c0de0e22        0     1                 $t.21
c0de0e23 c0de0e23      190     1                 handler_cmd_Split
c0de0fb2 c0de0fb2       a0     2         build/flex/obj/app/src/handler/zkn_magicbox.o:(.text.handler_cmd_frostH)
c0de0fb2 c0de0fb2        0     1                 $t.22
c0de0fb3 c0de0fb3       a0     1                 handler_cmd_frostH
c0de1054 c0de1054       6c     4         build/flex/obj/app/src/handler/zkn_magicbox.o:(.text.handler_cmd_encodeCommitment)
c0de1054 c0de1054        0     1                 $t.23
c0de1055 c0de1055       6c     1                 handler_cmd_encodeCommitment
c0de10bc c0de10bc        0     1                 $d.24
c0de10c0 c0de10c0       88     4         build/flex/obj/app/src/handler/zkn_magicbox.o:(.text.handler_cmd_GroupCommitment)
c0de10c0 c0de10c0        0     1                 $t.25
c0de10c1 c0de10c1       88     1                 handler_cmd_GroupCommitment
c0de1140 c0de1140        0     1                 $d.26
c0de1148 c0de1148      284     4         build/flex/obj/app/src/handler/zkn_magicbox.o:(.text.handler_cmd_BindingFactors)
c0de1148 c0de1148        0     1                 $t.27
c0de1149 c0de1149      284     1                 handler_cmd_BindingFactors
c0de13a0 c0de13a0        0     1                 $d.28
c0de13cc c0de13cc       e8     4         build/flex/obj/app/src/handler/zkn_magicbox.o:(.text.handler_cmd_PartialSig)
c0de13cc c0de13cc        0     1                 $t.29
c0de13cd c0de13cd       e8     1                 handler_cmd_PartialSig
c0de1498 c0de1498        0     1                 $d.30
c0de14b4 c0de14b4       70     4         build/flex/obj/app/src/handler/zkn_magicbox.o:(.text.handler_get_insecure_public)
c0de14b4 c0de14b4        0     1                 $t.31
c0de14b5 c0de14b5       70     1                 handler_get_insecure_public
c0de1520 c0de1520        0     1                 $d.32
c0de1524 c0de1524       8c     4         build/flex/obj/app/src/handler/zkn_magicbox.o:(.text.handler_cmd_tEddsaPoseidon_Sign_with_secret)
c0de1524 c0de1524        0     1                 $t.33
c0de1525 c0de1525       8c     1                 handler_cmd_tEddsaPoseidon_Sign_with_secret
c0de15ac c0de15ac        0     1                 $d.34
c0de15b0 c0de15b0       8c     4         build/flex/obj/app/src/handler/zkn_magicbox.o:(.text.handler_cmd_frost_commit)
c0de15b0 c0de15b0        0     1                 $t.35
c0de15b1 c0de15b1       8c     1                 handler_cmd_frost_commit
c0de1634 c0de1634        0     1                 $d.36
c0de163c c0de163c       44     4         build/flex/obj/app/src/handler/zkn_magicbox.o:(.text.handler_cmd_frost_inject)
c0de163c c0de163c        0     1                 $t.37
c0de163d c0de163d       44     1                 handler_cmd_frost_inject
c0de1674 c0de1674        0     1                 $d.38
c0de1680 c0de1680        8     2         build/flex/obj/app/src/handler/zkn_magicbox.o:(.text.OUTLINED_FUNCTION_0)
c0de1680 c0de1680        0     1                 $t.39
c0de1681 c0de1681        8     1                 OUTLINED_FUNCTION_0
c0de1688 c0de1688        6     2         build/flex/obj/app/src/handler/zkn_magicbox.o:(.text.OUTLINED_FUNCTION_1)
c0de1688 c0de1688        0     1                 $t.40
c0de1689 c0de1689        6     1                 OUTLINED_FUNCTION_1
c0de168e c0de168e        8     2         build/flex/obj/app/src/handler/zkn_magicbox.o:(.text.OUTLINED_FUNCTION_2)
c0de168e c0de168e        0     1                 $t.41
c0de168f c0de168f        8     1                 OUTLINED_FUNCTION_2
c0de1696 c0de1696        6     2         build/flex/obj/app/src/handler/zkn_magicbox.o:(.text.OUTLINED_FUNCTION_3)
c0de1696 c0de1696        0     1                 $t.42
c0de1697 c0de1697        6     1                 OUTLINED_FUNCTION_3
c0de169c c0de169c        6     2         build/flex/obj/app/src/handler/zkn_magicbox.o:(.text.OUTLINED_FUNCTION_4)
c0de169c c0de169c        0     1                 $t.43
c0de169d c0de169d        6     1                 OUTLINED_FUNCTION_4
c0de16a2 c0de16a2        6     2         build/flex/obj/app/src/handler/zkn_magicbox.o:(.text.OUTLINED_FUNCTION_5)
c0de16a2 c0de16a2        0     1                 $t.44
c0de16a3 c0de16a3        6     1                 OUTLINED_FUNCTION_5
c0de16a8 c0de16a8        e     2         build/flex/obj/app/src/handler/zkn_magicbox.o:(.text.OUTLINED_FUNCTION_6)
c0de16a8 c0de16a8        0     1                 $t.45
c0de16a9 c0de16a9        e     1                 OUTLINED_FUNCTION_6
c0de16b6 c0de16b6        8     2         build/flex/obj/app/src/handler/zkn_magicbox.o:(.text.OUTLINED_FUNCTION_7)
c0de16b6 c0de16b6        0     1                 $t.46
c0de16b7 c0de16b7        8     1                 OUTLINED_FUNCTION_7
c0de16be c0de16be        6     2         build/flex/obj/app/src/handler/zkn_magicbox.o:(.text.OUTLINED_FUNCTION_8)
c0de16be c0de16be        0     1                 $t.47
c0de16bf c0de16bf        6     1                 OUTLINED_FUNCTION_8
c0de16c4 c0de16c4        6     2         build/flex/obj/app/src/handler/zkn_magicbox.o:(.text.OUTLINED_FUNCTION_9)
c0de16c4 c0de16c4        0     1                 $t.48
c0de16c5 c0de16c5        6     1                 OUTLINED_FUNCTION_9
c0de16ca c0de16ca        6     2         build/flex/obj/app/src/handler/zkn_magicbox.o:(.text.OUTLINED_FUNCTION_10)
c0de16ca c0de16ca        0     1                 $t.49
c0de16cb c0de16cb        6     1                 OUTLINED_FUNCTION_10
c0de16d0 c0de16d0       44     4         build/flex/obj/app/src/helper/send_reponse.o:(.text.helper_send_response_pubkey)
c0de16d0 c0de16d0        0     1                 $t.0
c0de16d1 c0de16d1       44     1                 helper_send_response_pubkey
c0de1710 c0de1710        0     1                 $d.1
c0de1714 c0de1714       18     2         build/flex/obj/app/src/helper/send_reponse.o:(.text.io_send_response_pointer)
c0de1714 c0de1714        0     1                 $t.2
c0de1715 c0de1715       18     1                 io_send_response_pointer
c0de172c c0de172c       38     4         build/flex/obj/app/src/helper/send_reponse.o:(.text.helper_send_response_sig)
c0de172c c0de172c        0     1                 $t.3
c0de172d c0de172d       38     1                 helper_send_response_sig
c0de1760 c0de1760        0     1                 $d.4
c0de1764 c0de1764       12     2         build/flex/obj/app/src/helper/send_reponse.o:(.text.OUTLINED_FUNCTION_0)
c0de1764 c0de1764        0     1                 $t.7
c0de1765 c0de1765       12     1                 OUTLINED_FUNCTION_0
c0de1776 c0de1776       b4     2         build/flex/obj/app/src/swap/handle_check_address.o:(.text.swap_handle_check_address)
c0de1776 c0de1776        0     1                 $t.0
c0de1777 c0de1777       b4     1                 swap_handle_check_address
c0de182c c0de182c       58     4         build/flex/obj/app/src/swap/handle_get_printable_amount.o:(.text.swap_handle_get_printable_amount)
c0de182c c0de182c        0     1                 $t.0
c0de182d c0de182d       58     1                 swap_handle_get_printable_amount
c0de1880 c0de1880        0     1                 $d.1
c0de1884 c0de1884       80     4         build/flex/obj/app/src/swap/handle_swap_sign_transaction.o:(.text.swap_copy_transaction_parameters)
c0de1884 c0de1884        0     1                 $t.0
c0de1885 c0de1885       80     1                 swap_copy_transaction_parameters
c0de1900 c0de1900        0     1                 $d.1
c0de1904 c0de1904       80     4         build/flex/obj/app/src/swap/handle_swap_sign_transaction.o:(.text.swap_check_validity)
c0de1904 c0de1904        0     1                 $t.2
c0de1905 c0de1905       80     1                 swap_check_validity
c0de1980 c0de1980        0     1                 $d.3
c0de1984 c0de1984       be     2         build/flex/obj/app/src/transaction/deserialize.o:(.text.transaction_deserialize)
c0de1984 c0de1984        0     1                 $t.0
c0de1985 c0de1985       be     1                 transaction_deserialize
c0de1a42 c0de1a42       3a     2         build/flex/obj/app/src/transaction/utils.o:(.text.transaction_utils_check_encoding)
c0de1a42 c0de1a42        0     1                 $t.0
c0de1a43 c0de1a43       3a     1                 transaction_utils_check_encoding
c0de1a7c c0de1a7c        e     2         build/flex/obj/app/src/ui/action/validate.o:(.text.validate_pubkey)
c0de1a7c c0de1a7c        0     1                 $t.0
c0de1a7d c0de1a7d        e     1                 validate_pubkey
c0de1a8a c0de1a8a        e     2         build/flex/obj/app/src/ui/action/validate.o:(.text.io_send_sw)
c0de1a8a c0de1a8a        0     1                 $t.1
c0de1a8b c0de1a8b        e     1                 io_send_sw
c0de1a98 c0de1a98       a4     4         build/flex/obj/app/src/ui/action/validate.o:(.text.validate_transaction)
c0de1a98 c0de1a98        0     1                 $t.2
c0de1a99 c0de1a99       a4     1                 validate_transaction
c0de1b38 c0de1b38        0     1                 $d.3
c0de1b3c c0de1b3c        6     2         build/flex/obj/app/src/ui/menu_nbgl.o:(.text.app_quit)
c0de1b3c c0de1b3c        0     1                 $t.0
c0de1b3d c0de1b3d        6     1                 app_quit
c0de1b44 c0de1b44       98     4         build/flex/obj/app/src/ui/menu_nbgl.o:(.text.ui_menu_main)
c0de1b44 c0de1b44        0     1                 $t.1
c0de1b45 c0de1b45       98     1                 ui_menu_main
c0de1bb0 c0de1bb0        0     1                 $d.2
c0de1bdc c0de1bdc       b4     4         build/flex/obj/app/src/ui/menu_nbgl.o:(.text.controls_callback)
c0de1bdc c0de1bdc        0     1                 $t.3
c0de1bdd c0de1bdd       b4     1                 controls_callback
c0de1c68 c0de1c68        0     1                 $d.4
c0de1c90 c0de1c90       7c     4         build/flex/obj/app/src/ui/menu_nbgl.o:(.text.review_warning_choice)
c0de1c90 c0de1c90        0     1                 $t.5
c0de1c91 c0de1c91       7c     1                 review_warning_choice
c0de1cf0 c0de1cf0        0     1                 $d.6
c0de1d0c c0de1d0c        6     2         build/flex/obj/app/src/ui/menu_nbgl.o:(.text.OUTLINED_FUNCTION_0)
c0de1d0c c0de1d0c        0     1                 $t.7
c0de1d0d c0de1d0d        6     1                 OUTLINED_FUNCTION_0
c0de1d14 c0de1d14       a4     4         build/flex/obj/app/src/ui/nbgl_display_address.o:(.text.ui_display_address)
c0de1d14 c0de1d14        0     1                 $t.0
c0de1d15 c0de1d15       a4     1                 ui_display_address
c0de1da4 c0de1da4        0     1                 $d.1
c0de1db8 c0de1db8        e     2         build/flex/obj/app/src/ui/nbgl_display_address.o:(.text.io_send_sw)
c0de1db8 c0de1db8        0     1                 $t.2
c0de1db9 c0de1db9        e     1                 io_send_sw
c0de1dc8 c0de1dc8       20     4         build/flex/obj/app/src/ui/nbgl_display_address.o:(.text.review_choice)
c0de1dc8 c0de1dc8        0     1                 $t.3
c0de1dc9 c0de1dc9       20     1                 review_choice
c0de1de4 c0de1de4        0     1                 $d.4
c0de1de8 c0de1de8       f0     4         build/flex/obj/app/src/ui/nbgl_display_transaction.o:(.text.ui_display_transaction_bs_choice)
c0de1de8 c0de1de8        0     1                 $t.0
c0de1de9 c0de1de9       f0     1                 ui_display_transaction_bs_choice
c0de1eb0 c0de1eb0        0     1                 $d.1
c0de1ed8 c0de1ed8        e     2         build/flex/obj/app/src/ui/nbgl_display_transaction.o:(.text.io_send_sw)
c0de1ed8 c0de1ed8        0     1                 $t.2
c0de1ed9 c0de1ed9        e     1                 io_send_sw
c0de1ee8 c0de1ee8       1c     4         build/flex/obj/app/src/ui/nbgl_display_transaction.o:(.text.review_choice)
c0de1ee8 c0de1ee8        0     1                 $t.3
c0de1ee9 c0de1ee9       1c     1                 review_choice
c0de1f00 c0de1f00        0     1                 $d.4
c0de1f04 c0de1f04        6     2         build/flex/obj/app/src/ui/nbgl_display_transaction.o:(.text.ui_display_blind_signed_transaction)
c0de1f04 c0de1f04        0     1                 $t.5
c0de1f05 c0de1f05        6     1                 ui_display_blind_signed_transaction
c0de1f0a c0de1f0a        6     2         build/flex/obj/app/src/ui/nbgl_display_transaction.o:(.text.ui_display_transaction)
c0de1f0a c0de1f0a        0     1                 $t.6
c0de1f0b c0de1f0b        6     1                 ui_display_transaction
c0de1f10 c0de1f10       6c     4         build/flex/obj/app/src/zknox/ecc/zkn_eddsa.o:(.text.zkn_prv_hash)
c0de1f10 c0de1f10        0     1                 $t.0
c0de1f11 c0de1f11       6c     1                 zkn_prv_hash
c0de1f78 c0de1f78        0     1                 $d.1
c0de1f7c c0de1f7c       4e     2         build/flex/obj/app/src/zknox/ecc/zkn_eddsa.o:(.text.zkn_prv2pub)
c0de1f7c c0de1f7c        0     1                 $t.2
c0de1f7d c0de1f7d       4e     1                 zkn_prv2pub
c0de1fcc c0de1fcc      29c     4         build/flex/obj/app/src/zknox/ecc/zkn_eddsa.o:(.text.EddsaPoseidon_Sign_final)
c0de1fcc c0de1fcc        0     1                 $t.4
c0de1fcd c0de1fcd      29c     1                 EddsaPoseidon_Sign_final
c0de2260 c0de2260        0     1                 $d.5
c0de2268 c0de2268        8     2         build/flex/obj/app/src/zknox/ecc/zkn_eddsa.o:(.text.rev64)
c0de2268 c0de2268        0     1                 $t.6
c0de2269 c0de2269        8     1                 rev64
c0de2270 c0de2270        a     2         build/flex/obj/app/src/zknox/ecc/zkn_eddsa.o:(.text.OUTLINED_FUNCTION_0)
c0de2270 c0de2270        0     1                 $t.7
c0de2271 c0de2271        a     1                 OUTLINED_FUNCTION_0
c0de227a c0de227a       c0     2         build/flex/obj/app/src/zknox/ecc/zkn_frost.o:(.text.zkn_frost_interpolate)
c0de227a c0de227a        0     1                 $t.0
c0de227b c0de227b       c0     1                 zkn_frost_interpolate
c0de233a c0de233a       84     2         build/flex/obj/app/src/zknox/ecc/zkn_frost.o:(.text.zkn_frost_interpolate_secrets)
c0de233a c0de233a        0     1                 $t.1
c0de233b c0de233b       84     1                 zkn_frost_interpolate_secrets
c0de23be c0de23be       72     2         build/flex/obj/app/src/zknox/ecc/zkn_frost.o:(.text.zkn_evalshare)
c0de23be c0de23be        0     1                 $t.3
c0de23bf c0de23bf       72     1                 zkn_evalshare
c0de2430 c0de2430       4e     2         build/flex/obj/app/src/zknox/ecc/zkn_frost.o:(.text.zkn_frost_nonce_generate)
c0de2430 c0de2430        0     1                 $t.4
c0de2431 c0de2431       4e     1                 zkn_frost_nonce_generate
c0de247e c0de247e       62     2         build/flex/obj/app/src/zknox/ecc/zkn_frost.o:(.text.zkn_frost_commit)
c0de247e c0de247e        0     1                 $t.5
c0de247f c0de247f       62     1                 zkn_frost_commit
c0de24e0 c0de24e0       fa     2         build/flex/obj/app/src/zknox/ecc/zkn_frost.o:(.text.zkn_encode_group_commitmentHash)
c0de24e0 c0de24e0        0     1                 $t.6
c0de24e1 c0de24e1       fa     1                 zkn_encode_group_commitmentHash
c0de25da c0de25da       e2     2         build/flex/obj/app/src/zknox/ecc/zkn_frost.o:(.text.zkn_compute_group_commitment)
c0de25da c0de25da        0     1                 $t.7
c0de25db c0de25db       e2     1                 zkn_compute_group_commitment
c0de26bc c0de26bc      106     2         build/flex/obj/app/src/zknox/ecc/zkn_frost.o:(.text.zkn_compute_binding_factors)
c0de26bc c0de26bc        0     1                 $t.8
c0de26bd c0de26bd      106     1                 zkn_compute_binding_factors
c0de27c2 c0de27c2       10     2         build/flex/obj/app/src/zknox/ecc/zkn_frost.o:(.text.zkn_serialize_scalar_for_hash)
c0de27c2 c0de27c2        0     1                 $t.9
c0de27c3 c0de27c3       10     1                 zkn_serialize_scalar_for_hash
c0de27d4 c0de27d4       b4     4         build/flex/obj/app/src/zknox/ecc/zkn_frost.o:(.text.compute_challenge)
c0de27d4 c0de27d4        0     1                 $t.12
c0de27d5 c0de27d5       b4     1                 compute_challenge
c0de2884 c0de2884        0     1                 $d.13
c0de2888 c0de2888      18c     4         build/flex/obj/app/src/zknox/ecc/zkn_frost.o:(.text.zkn_partial_sig)
c0de2888 c0de2888        0     1                 $t.14
c0de2889 c0de2889      18c     1                 zkn_partial_sig
c0de2a10 c0de2a10        0     1                 $d.15
c0de2a14 c0de2a14       16     2         build/flex/obj/app/src/zknox/ecc/zkn_frost.o:(.text.OUTLINED_FUNCTION_0)
c0de2a14 c0de2a14        0     1                 $t.16
c0de2a15 c0de2a15       16     1                 OUTLINED_FUNCTION_0
c0de2a2a c0de2a2a        8     2         build/flex/obj/app/src/zknox/ecc/zkn_frost.o:(.text.OUTLINED_FUNCTION_1)
c0de2a2a c0de2a2a        0     1                 $t.17
c0de2a2b c0de2a2b        8     1                 OUTLINED_FUNCTION_1
c0de2a32 c0de2a32        6     2         build/flex/obj/app/src/zknox/ecc/zkn_frost.o:(.text.OUTLINED_FUNCTION_2)
c0de2a32 c0de2a32        0     1                 $t.18
c0de2a33 c0de2a33        6     1                 OUTLINED_FUNCTION_2
c0de2a38 c0de2a38        8     2         build/flex/obj/app/src/zknox/ecc/zkn_frost.o:(.text.OUTLINED_FUNCTION_3)
c0de2a38 c0de2a38        0     1                 $t.19
c0de2a39 c0de2a39        8     1                 OUTLINED_FUNCTION_3
c0de2a40 c0de2a40        8     2         build/flex/obj/app/src/zknox/ecc/zkn_frost.o:(.text.OUTLINED_FUNCTION_4)
c0de2a40 c0de2a40        0     1                 $t.20
c0de2a41 c0de2a41        8     1                 OUTLINED_FUNCTION_4
c0de2a48 c0de2a48        a     2         build/flex/obj/app/src/zknox/ecc/zkn_frost.o:(.text.OUTLINED_FUNCTION_5)
c0de2a48 c0de2a48        0     1                 $t.21
c0de2a49 c0de2a49        a     1                 OUTLINED_FUNCTION_5
c0de2a52 c0de2a52        6     2         build/flex/obj/app/src/zknox/ecc/zkn_frost.o:(.text.OUTLINED_FUNCTION_6)
c0de2a52 c0de2a52        0     1                 $t.22
c0de2a53 c0de2a53        6     1                 OUTLINED_FUNCTION_6
c0de2a58 c0de2a58       2a     2         build/flex/obj/app/src/zknox/ecc/zkn_tEdwards.o:(.text.tEdwards_alloc)
c0de2a58 c0de2a58        0     1                 $t.0
c0de2a59 c0de2a59       2a     1                 tEdwards_alloc
c0de2a82 c0de2a82       22     2         build/flex/obj/app/src/zknox/ecc/zkn_tEdwards.o:(.text.tEdwards_destroy)
c0de2a82 c0de2a82        0     1                 $t.1
c0de2a83 c0de2a83       22     1                 tEdwards_destroy
c0de2aa4 c0de2aa4       d6     2         build/flex/obj/app/src/zknox/ecc/zkn_tEdwards.o:(.text.tEdwards_double)
c0de2aa4 c0de2aa4        0     1                 $t.2
c0de2aa5 c0de2aa5       d6     1                 tEdwards_double
c0de2b7a c0de2b7a      130     2         build/flex/obj/app/src/zknox/ecc/zkn_tEdwards.o:(.text.tEdwards_add)
c0de2b7a c0de2b7a        0     1                 $t.3
c0de2b7b c0de2b7b      130     1                 tEdwards_add
c0de2caa c0de2caa       ac     2         build/flex/obj/app/src/zknox/ecc/zkn_tEdwards.o:(.text.tEdwards_IsOnCurve)
c0de2caa c0de2caa        0     1                 $t.4
c0de2cab c0de2cab       ac     1                 tEdwards_IsOnCurve
c0de2d58 c0de2d58      1e0     4         build/flex/obj/app/src/zknox/ecc/zkn_tEdwards.o:(.text.tEdwards_Curve_alloc_init)
c0de2d58 c0de2d58        0     1                 $t.5
c0de2d59 c0de2d59      1e0     1                 tEdwards_Curve_alloc_init
c0de2f0c c0de2f0c        0     1                 $d.6
c0de2f38 c0de2f38       7e     2         build/flex/obj/app/src/zknox/ecc/zkn_tEdwards.o:(.text.tEdwards_init)
c0de2f38 c0de2f38        0     1                 $t.7
c0de2f39 c0de2f39       7e     1                 tEdwards_init
c0de2fb6 c0de2fb6       92     2         build/flex/obj/app/src/zknox/ecc/zkn_tEdwards.o:(.text.tEdwards_Curve_partial_destroy)
c0de2fb6 c0de2fb6        0     1                 $t.9
c0de2fb7 c0de2fb7       92     1                 tEdwards_Curve_partial_destroy
c0de3048 c0de3048       26     2         build/flex/obj/app/src/zknox/ecc/zkn_tEdwards.o:(.text.tEdwards_SetNeutral)
c0de3048 c0de3048        0     1                 $t.11
c0de3049 c0de3049       26     1                 tEdwards_SetNeutral
c0de306e c0de306e       4c     2         build/flex/obj/app/src/zknox/ecc/zkn_tEdwards.o:(.text.tEdwards_export)
c0de306e c0de306e        0     1                 $t.12
c0de306f c0de306f       4c     1                 tEdwards_export
c0de30ba c0de30ba       5a     2         build/flex/obj/app/src/zknox/ecc/zkn_tEdwards.o:(.text.tEdwards_normalize)
c0de30ba c0de30ba        0     1                 $t.13
c0de30bb c0de30bb       5a     1                 tEdwards_normalize
c0de3114 c0de3114       26     2         build/flex/obj/app/src/zknox/ecc/zkn_tEdwards.o:(.text.tEdwards_copy)
c0de3114 c0de3114        0     1                 $t.14
c0de3115 c0de3115       26     1                 tEdwards_copy
c0de313a c0de313a       3e     2         build/flex/obj/app/src/zknox/ecc/zkn_tEdwards.o:(.text.tEdwards_alloc_init)
c0de313a c0de313a        0     1                 $t.15
c0de313b c0de313b       3e     1                 tEdwards_alloc_init
c0de3178 c0de3178       ca     2         build/flex/obj/app/src/zknox/ecc/zkn_tEdwards.o:(.text.tEdwards_scalarMul_bn)
c0de3178 c0de3178        0     1                 $t.17
c0de3179 c0de3179       ca     1                 tEdwards_scalarMul_bn
c0de3244 c0de3244       40     4         build/flex/obj/app/src/zknox/ecc/zkn_tEdwards.o:(.text.tEdwards_scalarMul)
c0de3244 c0de3244        0     1                 $t.18
c0de3245 c0de3245       40     1                 tEdwards_scalarMul
c0de3280 c0de3280        0     1                 $d.19
c0de3284 c0de3284        6     2         build/flex/obj/app/src/zknox/ecc/zkn_tEdwards.o:(.text.OUTLINED_FUNCTION_0)
c0de3284 c0de3284        0     1                 $t.22
c0de3285 c0de3285        6     1                 OUTLINED_FUNCTION_0
c0de328a c0de328a        6     2         build/flex/obj/app/src/zknox/ecc/zkn_tEdwards.o:(.text.OUTLINED_FUNCTION_1)
c0de328a c0de328a        0     1                 $t.23
c0de328b c0de328b        6     1                 OUTLINED_FUNCTION_1
c0de3290 c0de3290        8     2         build/flex/obj/app/src/zknox/ecc/zkn_tEdwards.o:(.text.OUTLINED_FUNCTION_2)
c0de3290 c0de3290        0     1                 $t.24
c0de3291 c0de3291        8     1                 OUTLINED_FUNCTION_2
c0de3298 c0de3298        8     2         build/flex/obj/app/src/zknox/ecc/zkn_tEdwards.o:(.text.OUTLINED_FUNCTION_3)
c0de3298 c0de3298        0     1                 $t.25
c0de3299 c0de3299        8     1                 OUTLINED_FUNCTION_3
c0de32a0 c0de32a0        a     2         build/flex/obj/app/src/zknox/ecc/zkn_tEdwards.o:(.text.OUTLINED_FUNCTION_4)
c0de32a0 c0de32a0        0     1                 $t.26
c0de32a1 c0de32a1        a     1                 OUTLINED_FUNCTION_4
c0de32aa c0de32aa        a     2         build/flex/obj/app/src/zknox/ecc/zkn_tEdwards.o:(.text.OUTLINED_FUNCTION_5)
c0de32aa c0de32aa        0     1                 $t.27
c0de32ab c0de32ab        a     1                 OUTLINED_FUNCTION_5
c0de32b4 c0de32b4        a     2         build/flex/obj/app/src/zknox/ecc/zkn_tEdwards.o:(.text.OUTLINED_FUNCTION_6)
c0de32b4 c0de32b4        0     1                 $t.28
c0de32b5 c0de32b5        a     1                 OUTLINED_FUNCTION_6
c0de32be c0de32be        a     2         build/flex/obj/app/src/zknox/ecc/zkn_tEdwards.o:(.text.OUTLINED_FUNCTION_7)
c0de32be c0de32be        0     1                 $t.29
c0de32bf c0de32bf        a     1                 OUTLINED_FUNCTION_7
c0de32c8 c0de32c8        a     2         build/flex/obj/app/src/zknox/ecc/zkn_tEdwards.o:(.text.OUTLINED_FUNCTION_8)
c0de32c8 c0de32c8        0     1                 $t.30
c0de32c9 c0de32c9        a     1                 OUTLINED_FUNCTION_8
c0de32d2 c0de32d2        a     2         build/flex/obj/app/src/zknox/ecc/zkn_tEdwards.o:(.text.OUTLINED_FUNCTION_9)
c0de32d2 c0de32d2        0     1                 $t.31
c0de32d3 c0de32d3        a     1                 OUTLINED_FUNCTION_9
c0de32dc c0de32dc        a     2         build/flex/obj/app/src/zknox/ecc/zkn_tEdwards.o:(.text.OUTLINED_FUNCTION_10)
c0de32dc c0de32dc        0     1                 $t.32
c0de32dd c0de32dd        a     1                 OUTLINED_FUNCTION_10
c0de32e6 c0de32e6        6     2         build/flex/obj/app/src/zknox/ecc/zkn_tEdwards.o:(.text.OUTLINED_FUNCTION_11)
c0de32e6 c0de32e6        0     1                 $t.33
c0de32e7 c0de32e7        6     1                 OUTLINED_FUNCTION_11
c0de32ec c0de32ec       80     4         build/flex/obj/app/src/zknox/hash/zkn_poseidon_constants.o:(.text.grain_lfsr_advance)
c0de32ec c0de32ec        0     1                 $t.0
c0de32ed c0de32ed       80     1                 grain_lfsr_advance
c0de3364 c0de3364        0     1                 $d.1
c0de336c c0de336c       4a     2         build/flex/obj/app/src/zknox/hash/zkn_poseidon_constants.o:(.text.next64_graingen)
c0de336c c0de336c        0     1                 $t.2
c0de336d c0de336d       4a     1                 next64_graingen
c0de33b8 c0de33b8       30     4         build/flex/obj/app/src/zknox/hash/zkn_poseidon_constants.o:(.text.init_generator)
c0de33b8 c0de33b8        0     1                 $t.3
c0de33b9 c0de33b9       30     1                 init_generator
c0de33e0 c0de33e0        0     1                 $d.4
c0de33e8 c0de33e8       98     4         build/flex/obj/app/src/zknox/hash/zkn_poseidon_constants.o:(.text.gen_integer)
c0de33e8 c0de33e8        0     1                 $t.5
c0de33e9 c0de33e9       98     1                 gen_integer
c0de3470 c0de3470        0     1                 $d.6
c0de3480 c0de3480        8     2         build/flex/obj/app/src/zknox/hash/zkn_poseidon_constants.o:(.text.rev64)
c0de3480 c0de3480        0     1                 $t.7
c0de3481 c0de3481        8     1                 rev64
c0de3488 c0de3488        6     2         build/flex/obj/app/src/zknox/hash/zkn_poseidon_constants.o:(.text.Poseidon_getNext_RC)
c0de3488 c0de3488        0     1                 $t.8
c0de3489 c0de3489        6     1                 Poseidon_getNext_RC
c0de3490 c0de3490       cc     4         build/flex/obj/app/src/zknox/hash/zkn_poseidon_constants.o:(.text.Poseidon_alloc_init)
c0de3490 c0de3490        0     1                 $t.9
c0de3491 c0de3491       cc     1                 Poseidon_alloc_init
c0de3558 c0de3558        0     1                 $d.10
c0de355c c0de355c      1a0     4         build/flex/obj/app/src/zknox/hash/zkn_poseidon_constants.o:(.text.Poseidon)
c0de355c c0de355c        0     1                 $t.13
c0de355d c0de355d      1a0     1                 Poseidon
c0de36f8 c0de36f8        0     1                 $d.14
c0de36fc c0de36fc       98     4         build/flex/obj/app/src/zknox/hash/zkn_rfc9591frost.o:(.text.RFC9591_taggedHash)
c0de36fc c0de36fc        0     1                 $t.0
c0de36fd c0de36fd       98     1                 RFC9591_taggedHash
c0de3790 c0de3790        0     1                 $d.1
c0de3794 c0de3794       1c     2         build/flex/obj/app/src/zknox/hash/zkn_rfc9591frost.o:(.text.Babyfrost_H1)
c0de3794 c0de3794        0     1                 $t.2
c0de3795 c0de3795       1c     1                 Babyfrost_H1
c0de37b0 c0de37b0       28     4         build/flex/obj/app/src/zknox/hash/zkn_rfc9591frost.o:(.text.Babyfrost_H3)
c0de37b0 c0de37b0        0     1                 $t.3
c0de37b1 c0de37b1       28     1                 Babyfrost_H3
c0de37d4 c0de37d4        0     1                 $d.4
c0de37d8 c0de37d8       1c     2         build/flex/obj/app/src/zknox/hash/zkn_rfc9591frost.o:(.text.Babyfrost_H4)
c0de37d8 c0de37d8        0     1                 $t.5
c0de37d9 c0de37d9       1c     1                 Babyfrost_H4
c0de37f4 c0de37f4       1c     2         build/flex/obj/app/src/zknox/hash/zkn_rfc9591frost.o:(.text.Babyfrost_H5)
c0de37f4 c0de37f4        0     1                 $t.6
c0de37f5 c0de37f5       1c     1                 Babyfrost_H5
c0de3810 c0de3810       2c     2         build/flex/obj/app/src/zknox/hash/zkn_rfc9591frost.o:(.text.zkn_frost_hash_init)
c0de3810 c0de3810        0     1                 $t.7
c0de3811 c0de3811       2c     1                 zkn_frost_hash_init
c0de383c c0de383c       34     4         build/flex/obj/app/src/zknox/hash/zkn_rfc9591frost.o:(.text.zkn_frost_H1_init)
c0de383c c0de383c        0     1                 $t.8
c0de383d c0de383d       34     1                 zkn_frost_H1_init
c0de386c c0de386c        0     1                 $d.9
c0de3870 c0de3870       34     4         build/flex/obj/app/src/zknox/hash/zkn_rfc9591frost.o:(.text.zkn_frost_H5_init)
c0de3870 c0de3870        0     1                 $t.10
c0de3871 c0de3871       34     1                 zkn_frost_H5_init
c0de38a0 c0de38a0        0     1                 $d.11
c0de38a4 c0de38a4        4     2         build/flex/obj/app/src/zknox/hash/zkn_rfc9591frost.o:(.text.zkn_frost_hash_update)
c0de38a4 c0de38a4        0     1                 $t.12
c0de38a5 c0de38a5        4     1                 zkn_frost_hash_update
c0de38a8 c0de38a8       50     2         build/flex/obj/app/src/zknox/hash/zkn_rfc9591frost.o:(.text.zkn_frost_hash_final)
c0de38a8 c0de38a8        0     1                 $t.13
c0de38a9 c0de38a9       50     1                 zkn_frost_hash_final
c0de38f8 c0de38f8       14     2         build/flex/obj/app/src/zknox/hash/zkn_rfc9591frost.o:(.text.OUTLINED_FUNCTION_0)
c0de38f8 c0de38f8        0     1                 $t.14
c0de38f9 c0de38f9       14     1                 OUTLINED_FUNCTION_0
c0de390c c0de390c        e     2         build/flex/obj/app/src/zknox/hash/zkn_rfc9591frost.o:(.text.OUTLINED_FUNCTION_1)
c0de390c c0de390c        0     1                 $t.15
c0de390d c0de390d        e     1                 OUTLINED_FUNCTION_1
c0de391a c0de391a        a     2         build/flex/obj/app/src/zknox/hash/zkn_rfc9591frost.o:(.text.OUTLINED_FUNCTION_2)
c0de391a c0de391a        0     1                 $t.16
c0de391b c0de391b        a     1                 OUTLINED_FUNCTION_2
c0de3924 c0de3924        e     2         build/flex/obj/app/src/zknox/hash/zkn_rfc9591frost.o:(.text.OUTLINED_FUNCTION_3)
c0de3924 c0de3924        0     1                 $t.17
c0de3925 c0de3925        e     1                 OUTLINED_FUNCTION_3
c0de3932 c0de3932       d6     2         build/flex/obj/sdk/io/src/os_io_default_apdu.o:(.text.os_io_handle_default_apdu)
c0de3932 c0de3932        0     1                 $t.0
c0de3933 c0de3933       d6     1                 os_io_handle_default_apdu
c0de3a08 c0de3a08        e     2         build/flex/obj/sdk/io/src/os_io_default_apdu.o:(.text.OUTLINED_FUNCTION_0)
c0de3a08 c0de3a08        0     1                 $t.1
c0de3a09 c0de3a09        e     1                 OUTLINED_FUNCTION_0
c0de3a16 c0de3a16       54     2         build/flex/obj/sdk/io/src/os_io_seph_cmd.o:(.text.os_io_seph_cmd_piezo_play_tune)
c0de3a16 c0de3a16        0     1                 $t.20
c0de3a17 c0de3a17       54     1                 os_io_seph_cmd_piezo_play_tune
c0de3a6a c0de3a6a        6     2         build/flex/obj/sdk/io/src/os_io_seph_cmd.o:(.text.OUTLINED_FUNCTION_1)
c0de3a6a c0de3a6a        0     1                 $t.31
c0de3a6b c0de3a6b        6     1                 OUTLINED_FUNCTION_1
c0de3a70 c0de3a70       98     4         build/flex/obj/sdk/io/src/os_io_seph_ux.o:(.text.io_process_itc_ux_event)
c0de3a70 c0de3a70        0     1                 $t.2
c0de3a71 c0de3a71       98     1                 io_process_itc_ux_event
c0de3b04 c0de3b04        0     1                 $d.3
c0de3b08 c0de3b08       34     4         build/flex/obj/sdk/io_legacy/src/os_io_legacy.o:(.text.io_legacy_apdu_tx)
c0de3b08 c0de3b08        0     1                 $t.12
c0de3b09 c0de3b09       34     1                 io_legacy_apdu_tx
c0de3b30 c0de3b30        0     1                 $d.13
c0de3b3c c0de3b3c      258     4         build/flex/obj/sdk/io_legacy/src/os_io_legacy.o:(.text.io_legacy_apdu_rx)
c0de3b3c c0de3b3c        0     1                 $t.14
c0de3b3d c0de3b3d      258     1                 io_legacy_apdu_rx
c0de3d74 c0de3d74        0     1                 $d.15
c0de3d94 c0de3d94       40     4         build/flex/obj/sdk/io_legacy/src/os_io_legacy.o:(.text.io_seproxyhal_init)
c0de3d94 c0de3d94        0     1                 $t.16
c0de3d95 c0de3d95       40     1                 io_seproxyhal_init
c0de3dcc c0de3dcc        0     1                 $d.17
c0de3dd4 c0de3dd4        c     2         build/flex/obj/sdk/io_legacy/src/os_io_legacy.o:(.text.OUTLINED_FUNCTION_0)
c0de3dd4 c0de3dd4        0     1                 $t.21
c0de3dd5 c0de3dd5        c     1                 OUTLINED_FUNCTION_0
c0de3de0 c0de3de0       42     2         build/flex/obj/sdk/lib_nbgl/src/nbgl_layout.o:(.text.layoutAddCallbackObj)
c0de3de0 c0de3de0        0     1                 $t.0
c0de3de1 c0de3de1       42     1                 layoutAddCallbackObj
c0de3e24 c0de3e24      1d0     4         build/flex/obj/sdk/lib_nbgl/src/nbgl_layout.o:(.text.nbgl_layoutGet)
c0de3e24 c0de3e24        0     1                 $t.2
c0de3e25 c0de3e25      1d0     1                 nbgl_layoutGet
c0de3fe4 c0de3fe4        0     1                 $d.3
c0de3ff4 c0de3ff4      30a     2         build/flex/obj/sdk/lib_nbgl/src/nbgl_layout.o:(.text.touchCallback)
c0de3ff4 c0de3ff4        0     1                 $t.4
c0de3ff5 c0de3ff5      30a     1                 touchCallback
c0de4300 c0de4300      5f4     4         build/flex/obj/sdk/lib_nbgl/src/nbgl_layout.o:(.text.nbgl_layoutAddUpFooter)
c0de4300 c0de4300        0     1                 $t.5
c0de4301 c0de4301      5f4     1                 nbgl_layoutAddUpFooter
c0de4714 c0de4714        0     1                 $d.6
c0de471c c0de471c        0     1                 $t.7
c0de48f4 c0de48f4       82     2         build/flex/obj/sdk/lib_nbgl/src/nbgl_layout.o:(.text.nbgl_layoutAddSwipe)
c0de48f4 c0de48f4        0     1                 $t.8
c0de48f5 c0de48f5       82     1                 nbgl_layoutAddSwipe
c0de4976 c0de4976       36     2         build/flex/obj/sdk/lib_nbgl/src/nbgl_layout.o:(.text.addSwipeInternal)
c0de4976 c0de4976        0     1                 $t.9
c0de4977 c0de4977       36     1                 addSwipeInternal
c0de49ac c0de49ac       7c     2         build/flex/obj/sdk/lib_nbgl/src/nbgl_layout.o:(.text.nbgl_layoutAddTopRightButton)
c0de49ac c0de49ac        0     1                 $t.11
c0de49ad c0de49ad       7c     1                 nbgl_layoutAddTopRightButton
c0de4a28 c0de4a28      71c     2         build/flex/obj/sdk/lib_nbgl/src/nbgl_layout.o:(.text.nbgl_layoutAddExtendedFooter)
c0de4a28 c0de4a28        0     1                 $t.13
c0de4a29 c0de4a29      71c     1                 nbgl_layoutAddExtendedFooter
c0de5144 c0de5144       3e     2         build/flex/obj/sdk/lib_nbgl/src/nbgl_layout.o:(.text.nbgl_layoutAddBottomButton)
c0de5144 c0de5144        0     1                 $t.14
c0de5145 c0de5145       3e     1                 nbgl_layoutAddBottomButton
c0de5182 c0de5182       52     2         build/flex/obj/sdk/lib_nbgl/src/nbgl_layout.o:(.text.nbgl_layoutAddTouchableBar)
c0de5182 c0de5182        0     1                 $t.15
c0de5183 c0de5183       52     1                 nbgl_layoutAddTouchableBar
c0de51d4 c0de51d4      4bc     4         build/flex/obj/sdk/lib_nbgl/src/nbgl_layout.o:(.text.addListItem)
c0de51d4 c0de51d4        0     1                 $t.16
c0de51d5 c0de51d5      4bc     1                 addListItem
c0de5688 c0de5688        0     1                 $d.17
c0de5690 c0de5690       4a     2         build/flex/obj/sdk/lib_nbgl/src/nbgl_layout.o:(.text.nbgl_layoutAddSwitch)
c0de5690 c0de5690        0     1                 $t.18
c0de5691 c0de5691       4a     1                 nbgl_layoutAddSwitch
c0de56da c0de56da       42     2         build/flex/obj/sdk/lib_nbgl/src/nbgl_layout.o:(.text.nbgl_layoutAddText)
c0de56da c0de56da        0     1                 $t.19
c0de56db c0de56db       42     1                 nbgl_layoutAddText
c0de571c c0de571c       54     4         build/flex/obj/sdk/lib_nbgl/src/nbgl_layout.o:(.text.nbgl_layoutAddTextWithAlias)
c0de571c c0de571c        0     1                 $t.20
c0de571d c0de571d       54     1                 nbgl_layoutAddTextWithAlias
c0de576c c0de576c        0     1                 $d.21
c0de5770 c0de5770      16c     4         build/flex/obj/sdk/lib_nbgl/src/nbgl_layout.o:(.text.nbgl_layoutAddTextContent)
c0de5770 c0de5770        0     1                 $t.23
c0de5771 c0de5771      16c     1                 nbgl_layoutAddTextContent
c0de58d0 c0de58d0        0     1                 $d.24
c0de58dc c0de58dc      220     4         build/flex/obj/sdk/lib_nbgl/src/nbgl_layout.o:(.text.nbgl_layoutAddRadioChoice)
c0de58dc c0de58dc        0     1                 $t.25
c0de58dd c0de58dd      220     1                 nbgl_layoutAddRadioChoice
c0de5af4 c0de5af4        0     1                 $d.26
c0de5afc c0de5afc       26     2         build/flex/obj/sdk/lib_nbgl/src/nbgl_layout.o:(.text.createHorizontalLine)
c0de5afc c0de5afc        0     1                 $t.27
c0de5afd c0de5afd       26     1                 createHorizontalLine
c0de5b22 c0de5b22       7a     2         build/flex/obj/sdk/lib_nbgl/src/nbgl_layout.o:(.text.nbgl_layoutAddCenteredInfo)
c0de5b22 c0de5b22        0     1                 $t.28
c0de5b23 c0de5b23       7a     1                 nbgl_layoutAddCenteredInfo
c0de5b9c c0de5b9c      43c     4         build/flex/obj/sdk/lib_nbgl/src/nbgl_layout.o:(.text.addContentCenter)
c0de5b9c c0de5b9c        0     1                 $t.29
c0de5b9d c0de5b9d      43c     1                 addContentCenter
c0de5fd4 c0de5fd4        0     1                 $d.30
c0de5fd8 c0de5fd8       12     2         build/flex/obj/sdk/lib_nbgl/src/nbgl_layout.o:(.text.nbgl_layoutAddContentCenter)
c0de5fd8 c0de5fd8        0     1                 $t.31
c0de5fd9 c0de5fd9       12     1                 nbgl_layoutAddContentCenter
c0de5fea c0de5fea      2ca     2         build/flex/obj/sdk/lib_nbgl/src/nbgl_layout.o:(.text.nbgl_layoutAddQRCode)
c0de5fea c0de5fea        0     1                 $t.34
c0de5feb c0de5feb      2ca     1                 nbgl_layoutAddQRCode
c0de62b4 c0de62b4       2c     2         build/flex/obj/sdk/lib_nbgl/src/nbgl_layout.o:(.text.nbgl_layoutAddChoiceButtons)
c0de62b4 c0de62b4        0     1                 $t.35
c0de62b5 c0de62b5       2c     1                 nbgl_layoutAddChoiceButtons
c0de62e0 c0de62e0       26     2         build/flex/obj/sdk/lib_nbgl/src/nbgl_layout.o:(.text.nbgl_layoutAddHorizontalButtons)
c0de62e0 c0de62e0        0     1                 $t.36
c0de62e1 c0de62e1       26     1                 nbgl_layoutAddHorizontalButtons
c0de6308 c0de6308      360     4         build/flex/obj/sdk/lib_nbgl/src/nbgl_layout.o:(.text.nbgl_layoutAddTagValueList)
c0de6308 c0de6308        0     1                 $t.37
c0de6309 c0de6309      360     1                 nbgl_layoutAddTagValueList
c0de6660 c0de6660        0     1                 $d.38
c0de6668 c0de6668       3a     2         build/flex/obj/sdk/lib_nbgl/src/nbgl_layout.o:(.text.nbgl_layoutAddSeparationLine)
c0de6668 c0de6668        0     1                 $t.41
c0de6669 c0de6669       3a     1                 nbgl_layoutAddSeparationLine
c0de66a2 c0de66a2      1b8     2         build/flex/obj/sdk/lib_nbgl/src/nbgl_layout.o:(.text.nbgl_layoutAddButton)
c0de66a2 c0de66a2        0     1                 $t.42
c0de66a3 c0de66a3      1b8     1                 nbgl_layoutAddButton
c0de685a c0de685a       24     2         build/flex/obj/sdk/lib_nbgl/src/nbgl_layout.o:(.text.nbgl_layoutAddLongPressButton)
c0de685a c0de685a        0     1                 $t.43
c0de685b c0de685b       24     1                 nbgl_layoutAddLongPressButton
c0de687e c0de687e       24     2         build/flex/obj/sdk/lib_nbgl/src/nbgl_layout.o:(.text.nbgl_layoutAddFooter)
c0de687e c0de687e        0     1                 $t.44
c0de687f c0de687f       24     1                 nbgl_layoutAddFooter
c0de68a2 c0de68a2       28     2         build/flex/obj/sdk/lib_nbgl/src/nbgl_layout.o:(.text.nbgl_layoutAddSplitFooter)
c0de68a2 c0de68a2        0     1                 $t.45
c0de68a3 c0de68a3       28     1                 nbgl_layoutAddSplitFooter
c0de68cc c0de68cc      604     4         build/flex/obj/sdk/lib_nbgl/src/nbgl_layout.o:(.text.nbgl_layoutAddHeader)
c0de68cc c0de68cc        0     1                 $t.46
c0de68cd c0de68cd      604     1                 nbgl_layoutAddHeader
c0de6d38 c0de6d38        0     1                 $d.47
c0de6d3c c0de6d3c        0     1                 $t.48
c0de6ed0 c0de6ed0       36     2         build/flex/obj/sdk/lib_nbgl/src/nbgl_layout.o:(.text.nbgl_layoutAddProgressIndicator)
c0de6ed0 c0de6ed0        0     1                 $t.49
c0de6ed1 c0de6ed1       36     1                 nbgl_layoutAddProgressIndicator
c0de6f08 c0de6f08      264     4         build/flex/obj/sdk/lib_nbgl/src/nbgl_layout.o:(.text.nbgl_layoutAddSpinner)
c0de6f08 c0de6f08        0     1                 $t.50
c0de6f09 c0de6f09      264     1                 nbgl_layoutAddSpinner
c0de7164 c0de7164        0     1                 $d.51
c0de716c c0de716c       6c     4         build/flex/obj/sdk/lib_nbgl/src/nbgl_layout.o:(.text.spinnerTickerCallback)
c0de716c c0de716c        0     1                 $t.52
c0de716d c0de716d       6c     1                 spinnerTickerCallback
c0de71d4 c0de71d4        0     1                 $d.53
c0de71d8 c0de71d8      146     2         build/flex/obj/sdk/lib_nbgl/src/nbgl_layout.o:(.text.nbgl_layoutUpdateSpinner)
c0de71d8 c0de71d8        0     1                 $t.54
c0de71d9 c0de71d9      146     1                 nbgl_layoutUpdateSpinner
c0de731e c0de731e       3e     2         build/flex/obj/sdk/lib_nbgl/src/nbgl_layout.o:(.text.nbgl_layoutDraw)
c0de731e c0de731e        0     1                 $t.55
c0de731f c0de731f       3e     1                 nbgl_layoutDraw
c0de735c c0de735c       60     4         build/flex/obj/sdk/lib_nbgl/src/nbgl_layout.o:(.text.nbgl_layoutRelease)
c0de735c c0de735c        0     1                 $t.56
c0de735d c0de735d       60     1                 nbgl_layoutRelease
c0de73b8 c0de73b8        0     1                 $d.57
c0de73bc c0de73bc       4c     4         build/flex/obj/sdk/lib_nbgl/src/nbgl_layout.o:(.text.getLayoutAndLayoutObj)
c0de73bc c0de73bc        0     1                 $t.58
c0de73bd c0de73bd       4c     1                 getLayoutAndLayoutObj
c0de7404 c0de7404        0     1                 $d.59
c0de7408 c0de7408      104     4         build/flex/obj/sdk/lib_nbgl/src/nbgl_layout.o:(.text.animTickerCallback)
c0de7408 c0de7408        0     1                 $t.60
c0de7409 c0de7409      104     1                 animTickerCallback
c0de7508 c0de7508        0     1                 $d.61
c0de750c c0de750c        c     2         build/flex/obj/sdk/lib_nbgl/src/nbgl_layout.o:(.text.OUTLINED_FUNCTION_0)
c0de750c c0de750c        0     1                 $t.62
c0de750d c0de750d        c     1                 OUTLINED_FUNCTION_0
c0de7518 c0de7518        8     2         build/flex/obj/sdk/lib_nbgl/src/nbgl_layout.o:(.text.OUTLINED_FUNCTION_1)
c0de7518 c0de7518        0     1                 $t.63
c0de7519 c0de7519        8     1                 OUTLINED_FUNCTION_1
c0de7520 c0de7520       28     2         build/flex/obj/sdk/lib_nbgl/src/nbgl_layout.o:(.text.OUTLINED_FUNCTION_2)
c0de7520 c0de7520        0     1                 $t.64
c0de7521 c0de7521       28     1                 OUTLINED_FUNCTION_2
c0de7548 c0de7548       28     2         build/flex/obj/sdk/lib_nbgl/src/nbgl_layout.o:(.text.OUTLINED_FUNCTION_3)
c0de7548 c0de7548        0     1                 $t.65
c0de7549 c0de7549       28     1                 OUTLINED_FUNCTION_3
c0de7570 c0de7570       1c     2         build/flex/obj/sdk/lib_nbgl/src/nbgl_layout.o:(.text.OUTLINED_FUNCTION_4)
c0de7570 c0de7570        0     1                 $t.66
c0de7571 c0de7571       1c     1                 OUTLINED_FUNCTION_4
c0de758c c0de758c       34     2         build/flex/obj/sdk/lib_nbgl/src/nbgl_layout.o:(.text.OUTLINED_FUNCTION_5)
c0de758c c0de758c        0     1                 $t.67
c0de758d c0de758d       34     1                 OUTLINED_FUNCTION_5
c0de75c0 c0de75c0       1c     2         build/flex/obj/sdk/lib_nbgl/src/nbgl_layout.o:(.text.OUTLINED_FUNCTION_6)
c0de75c0 c0de75c0        0     1                 $t.68
c0de75c1 c0de75c1       1c     1                 OUTLINED_FUNCTION_6
c0de75dc c0de75dc       2c     2         build/flex/obj/sdk/lib_nbgl/src/nbgl_layout.o:(.text.OUTLINED_FUNCTION_7)
c0de75dc c0de75dc        0     1                 $t.69
c0de75dd c0de75dd       2c     1                 OUTLINED_FUNCTION_7
c0de7608 c0de7608        c     2         build/flex/obj/sdk/lib_nbgl/src/nbgl_layout.o:(.text.OUTLINED_FUNCTION_8)
c0de7608 c0de7608        0     1                 $t.70
c0de7609 c0de7609        c     1                 OUTLINED_FUNCTION_8
c0de7614 c0de7614       14     2         build/flex/obj/sdk/lib_nbgl/src/nbgl_layout.o:(.text.OUTLINED_FUNCTION_9)
c0de7614 c0de7614        0     1                 $t.71
c0de7615 c0de7615       14     1                 OUTLINED_FUNCTION_9
c0de7628 c0de7628       30     2         build/flex/obj/sdk/lib_nbgl/src/nbgl_layout.o:(.text.OUTLINED_FUNCTION_10)
c0de7628 c0de7628        0     1                 $t.72
c0de7629 c0de7629       30     1                 OUTLINED_FUNCTION_10
c0de7658 c0de7658        e     2         build/flex/obj/sdk/lib_nbgl/src/nbgl_layout.o:(.text.OUTLINED_FUNCTION_11)
c0de7658 c0de7658        0     1                 $t.73
c0de7659 c0de7659        e     1                 OUTLINED_FUNCTION_11
c0de7666 c0de7666       2e     2         build/flex/obj/sdk/lib_nbgl/src/nbgl_layout.o:(.text.OUTLINED_FUNCTION_12)
c0de7666 c0de7666        0     1                 $t.74
c0de7667 c0de7667       2e     1                 OUTLINED_FUNCTION_12
c0de7694 c0de7694        8     2         build/flex/obj/sdk/lib_nbgl/src/nbgl_layout.o:(.text.OUTLINED_FUNCTION_13)
c0de7694 c0de7694        0     1                 $t.75
c0de7695 c0de7695        8     1                 OUTLINED_FUNCTION_13
c0de769c c0de769c       2c     2         build/flex/obj/sdk/lib_nbgl/src/nbgl_layout.o:(.text.OUTLINED_FUNCTION_14)
c0de769c c0de769c        0     1                 $t.76
c0de769d c0de769d       2c     1                 OUTLINED_FUNCTION_14
c0de76c8 c0de76c8        8     2         build/flex/obj/sdk/lib_nbgl/src/nbgl_layout.o:(.text.OUTLINED_FUNCTION_15)
c0de76c8 c0de76c8        0     1                 $t.77
c0de76c9 c0de76c9        8     1                 OUTLINED_FUNCTION_15
c0de76d0 c0de76d0       2a     2         build/flex/obj/sdk/lib_nbgl/src/nbgl_layout.o:(.text.OUTLINED_FUNCTION_16)
c0de76d0 c0de76d0        0     1                 $t.78
c0de76d1 c0de76d1       2a     1                 OUTLINED_FUNCTION_16
c0de76fa c0de76fa        a     2         build/flex/obj/sdk/lib_nbgl/src/nbgl_layout.o:(.text.OUTLINED_FUNCTION_17)
c0de76fa c0de76fa        0     1                 $t.79
c0de76fb c0de76fb        a     1                 OUTLINED_FUNCTION_17
c0de7704 c0de7704       18     2         build/flex/obj/sdk/lib_nbgl/src/nbgl_layout.o:(.text.OUTLINED_FUNCTION_18)
c0de7704 c0de7704        0     1                 $t.80
c0de7705 c0de7705       18     1                 OUTLINED_FUNCTION_18
c0de771c c0de771c        8     2         build/flex/obj/sdk/lib_nbgl/src/nbgl_layout.o:(.text.OUTLINED_FUNCTION_19)
c0de771c c0de771c        0     1                 $t.81
c0de771d c0de771d        8     1                 OUTLINED_FUNCTION_19
c0de7724 c0de7724       28     2         build/flex/obj/sdk/lib_nbgl/src/nbgl_layout.o:(.text.OUTLINED_FUNCTION_20)
c0de7724 c0de7724        0     1                 $t.82
c0de7725 c0de7725       28     1                 OUTLINED_FUNCTION_20
c0de774c c0de774c        a     2         build/flex/obj/sdk/lib_nbgl/src/nbgl_layout.o:(.text.OUTLINED_FUNCTION_21)
c0de774c c0de774c        0     1                 $t.83
c0de774d c0de774d        a     1                 OUTLINED_FUNCTION_21
c0de7756 c0de7756        6     2         build/flex/obj/sdk/lib_nbgl/src/nbgl_layout.o:(.text.OUTLINED_FUNCTION_22)
c0de7756 c0de7756        0     1                 $t.84
c0de7757 c0de7757        6     1                 OUTLINED_FUNCTION_22
c0de775c c0de775c       10     2         build/flex/obj/sdk/lib_nbgl/src/nbgl_layout.o:(.text.OUTLINED_FUNCTION_23)
c0de775c c0de775c        0     1                 $t.85
c0de775d c0de775d       10     1                 OUTLINED_FUNCTION_23
c0de776c c0de776c       14     2         build/flex/obj/sdk/lib_nbgl/src/nbgl_layout.o:(.text.OUTLINED_FUNCTION_24)
c0de776c c0de776c        0     1                 $t.86
c0de776d c0de776d       14     1                 OUTLINED_FUNCTION_24
c0de7780 c0de7780       20     2         build/flex/obj/sdk/lib_nbgl/src/nbgl_layout.o:(.text.OUTLINED_FUNCTION_25)
c0de7780 c0de7780        0     1                 $t.87
c0de7781 c0de7781       20     1                 OUTLINED_FUNCTION_25
c0de77a0 c0de77a0        8     2         build/flex/obj/sdk/lib_nbgl/src/nbgl_layout.o:(.text.OUTLINED_FUNCTION_26)
c0de77a0 c0de77a0        0     1                 $t.88
c0de77a1 c0de77a1        8     1                 OUTLINED_FUNCTION_26
c0de77a8 c0de77a8       1e     2         build/flex/obj/sdk/lib_nbgl/src/nbgl_layout.o:(.text.OUTLINED_FUNCTION_27)
c0de77a8 c0de77a8        0     1                 $t.89
c0de77a9 c0de77a9       1e     1                 OUTLINED_FUNCTION_27
c0de77c6 c0de77c6       1e     2         build/flex/obj/sdk/lib_nbgl/src/nbgl_layout.o:(.text.OUTLINED_FUNCTION_28)
c0de77c6 c0de77c6        0     1                 $t.90
c0de77c7 c0de77c7       1e     1                 OUTLINED_FUNCTION_28
c0de77e4 c0de77e4       12     2         build/flex/obj/sdk/lib_nbgl/src/nbgl_layout.o:(.text.OUTLINED_FUNCTION_29)
c0de77e4 c0de77e4        0     1                 $t.91
c0de77e5 c0de77e5       12     1                 OUTLINED_FUNCTION_29
c0de77f6 c0de77f6       12     2         build/flex/obj/sdk/lib_nbgl/src/nbgl_layout.o:(.text.OUTLINED_FUNCTION_30)
c0de77f6 c0de77f6        0     1                 $t.92
c0de77f7 c0de77f7       12     1                 OUTLINED_FUNCTION_30
c0de7808 c0de7808       12     2         build/flex/obj/sdk/lib_nbgl/src/nbgl_layout.o:(.text.OUTLINED_FUNCTION_31)
c0de7808 c0de7808        0     1                 $t.93
c0de7809 c0de7809       12     1                 OUTLINED_FUNCTION_31
c0de781a c0de781a       18     2         build/flex/obj/sdk/lib_nbgl/src/nbgl_layout.o:(.text.OUTLINED_FUNCTION_32)
c0de781a c0de781a        0     1                 $t.94
c0de781b c0de781b       18     1                 OUTLINED_FUNCTION_32
c0de7832 c0de7832       1c     2         build/flex/obj/sdk/lib_nbgl/src/nbgl_layout.o:(.text.OUTLINED_FUNCTION_33)
c0de7832 c0de7832        0     1                 $t.95
c0de7833 c0de7833       1c     1                 OUTLINED_FUNCTION_33
c0de784e c0de784e       1c     2         build/flex/obj/sdk/lib_nbgl/src/nbgl_layout.o:(.text.OUTLINED_FUNCTION_34)
c0de784e c0de784e        0     1                 $t.96
c0de784f c0de784f       1c     1                 OUTLINED_FUNCTION_34
c0de786a c0de786a       16     2         build/flex/obj/sdk/lib_nbgl/src/nbgl_layout.o:(.text.OUTLINED_FUNCTION_35)
c0de786a c0de786a        0     1                 $t.97
c0de786b c0de786b       16     1                 OUTLINED_FUNCTION_35
c0de7880 c0de7880        a     2         build/flex/obj/sdk/lib_nbgl/src/nbgl_layout.o:(.text.OUTLINED_FUNCTION_36)
c0de7880 c0de7880        0     1                 $t.98
c0de7881 c0de7881        a     1                 OUTLINED_FUNCTION_36
c0de788a c0de788a        a     2         build/flex/obj/sdk/lib_nbgl/src/nbgl_layout.o:(.text.OUTLINED_FUNCTION_37)
c0de788a c0de788a        0     1                 $t.99
c0de788b c0de788b        a     1                 OUTLINED_FUNCTION_37
c0de7894 c0de7894       18     2         build/flex/obj/sdk/lib_nbgl/src/nbgl_layout.o:(.text.OUTLINED_FUNCTION_38)
c0de7894 c0de7894        0     1                 $t.100
c0de7895 c0de7895       18     1                 OUTLINED_FUNCTION_38
c0de78ac c0de78ac        e     2         build/flex/obj/sdk/lib_nbgl/src/nbgl_layout.o:(.text.OUTLINED_FUNCTION_39)
c0de78ac c0de78ac        0     1                 $t.101
c0de78ad c0de78ad        e     1                 OUTLINED_FUNCTION_39
c0de78ba c0de78ba        6     2         build/flex/obj/sdk/lib_nbgl/src/nbgl_layout.o:(.text.OUTLINED_FUNCTION_40)
c0de78ba c0de78ba        0     1                 $t.102
c0de78bb c0de78bb        6     1                 OUTLINED_FUNCTION_40
c0de78c0 c0de78c0        e     2         build/flex/obj/sdk/lib_nbgl/src/nbgl_layout.o:(.text.OUTLINED_FUNCTION_41)
c0de78c0 c0de78c0        0     1                 $t.103
c0de78c1 c0de78c1        e     1                 OUTLINED_FUNCTION_41
c0de78ce c0de78ce       16     2         build/flex/obj/sdk/lib_nbgl/src/nbgl_layout.o:(.text.OUTLINED_FUNCTION_42)
c0de78ce c0de78ce        0     1                 $t.104
c0de78cf c0de78cf       16     1                 OUTLINED_FUNCTION_42
c0de78e4 c0de78e4       14     2         build/flex/obj/sdk/lib_nbgl/src/nbgl_layout.o:(.text.OUTLINED_FUNCTION_43)
c0de78e4 c0de78e4        0     1                 $t.105
c0de78e5 c0de78e5       14     1                 OUTLINED_FUNCTION_43
c0de78f8 c0de78f8       14     2         build/flex/obj/sdk/lib_nbgl/src/nbgl_layout.o:(.text.OUTLINED_FUNCTION_44)
c0de78f8 c0de78f8        0     1                 $t.106
c0de78f9 c0de78f9       14     1                 OUTLINED_FUNCTION_44
c0de790c c0de790c       14     2         build/flex/obj/sdk/lib_nbgl/src/nbgl_layout.o:(.text.OUTLINED_FUNCTION_45)
c0de790c c0de790c        0     1                 $t.107
c0de790d c0de790d       14     1                 OUTLINED_FUNCTION_45
c0de7920 c0de7920        6     2         build/flex/obj/sdk/lib_nbgl/src/nbgl_layout.o:(.text.OUTLINED_FUNCTION_46)
c0de7920 c0de7920        0     1                 $t.108
c0de7921 c0de7921        6     1                 OUTLINED_FUNCTION_46
c0de7926 c0de7926       14     2         build/flex/obj/sdk/lib_nbgl/src/nbgl_layout.o:(.text.OUTLINED_FUNCTION_47)
c0de7926 c0de7926        0     1                 $t.109
c0de7927 c0de7927       14     1                 OUTLINED_FUNCTION_47
c0de793a c0de793a       12     2         build/flex/obj/sdk/lib_nbgl/src/nbgl_layout.o:(.text.OUTLINED_FUNCTION_48)
c0de793a c0de793a        0     1                 $t.110
c0de793b c0de793b       12     1                 OUTLINED_FUNCTION_48
c0de794c c0de794c       12     2         build/flex/obj/sdk/lib_nbgl/src/nbgl_layout.o:(.text.OUTLINED_FUNCTION_49)
c0de794c c0de794c        0     1                 $t.111
c0de794d c0de794d       12     1                 OUTLINED_FUNCTION_49
c0de795e c0de795e        c     2         build/flex/obj/sdk/lib_nbgl/src/nbgl_layout.o:(.text.OUTLINED_FUNCTION_50)
c0de795e c0de795e        0     1                 $t.112
c0de795f c0de795f        c     1                 OUTLINED_FUNCTION_50
c0de796a c0de796a        c     2         build/flex/obj/sdk/lib_nbgl/src/nbgl_layout.o:(.text.OUTLINED_FUNCTION_51)
c0de796a c0de796a        0     1                 $t.113
c0de796b c0de796b        c     1                 OUTLINED_FUNCTION_51
c0de7976 c0de7976        c     2         build/flex/obj/sdk/lib_nbgl/src/nbgl_layout.o:(.text.OUTLINED_FUNCTION_52)
c0de7976 c0de7976        0     1                 $t.114
c0de7977 c0de7977        c     1                 OUTLINED_FUNCTION_52
c0de7982 c0de7982        c     2         build/flex/obj/sdk/lib_nbgl/src/nbgl_layout.o:(.text.OUTLINED_FUNCTION_53)
c0de7982 c0de7982        0     1                 $t.115
c0de7983 c0de7983        c     1                 OUTLINED_FUNCTION_53
c0de798e c0de798e        a     2         build/flex/obj/sdk/lib_nbgl/src/nbgl_layout.o:(.text.OUTLINED_FUNCTION_54)
c0de798e c0de798e        0     1                 $t.116
c0de798f c0de798f        a     1                 OUTLINED_FUNCTION_54
c0de7998 c0de7998        c     2         build/flex/obj/sdk/lib_nbgl/src/nbgl_layout.o:(.text.OUTLINED_FUNCTION_55)
c0de7998 c0de7998        0     1                 $t.117
c0de7999 c0de7999        c     1                 OUTLINED_FUNCTION_55
c0de79a4 c0de79a4        8     2         build/flex/obj/sdk/lib_nbgl/src/nbgl_layout.o:(.text.OUTLINED_FUNCTION_56)
c0de79a4 c0de79a4        0     1                 $t.118
c0de79a5 c0de79a5        8     1                 OUTLINED_FUNCTION_56
c0de79ac c0de79ac        c     2         build/flex/obj/sdk/lib_nbgl/src/nbgl_layout.o:(.text.OUTLINED_FUNCTION_57)
c0de79ac c0de79ac        0     1                 $t.119
c0de79ad c0de79ad        c     1                 OUTLINED_FUNCTION_57
c0de79b8 c0de79b8        c     2         build/flex/obj/sdk/lib_nbgl/src/nbgl_layout.o:(.text.OUTLINED_FUNCTION_58)
c0de79b8 c0de79b8        0     1                 $t.120
c0de79b9 c0de79b9        c     1                 OUTLINED_FUNCTION_58
c0de79c4 c0de79c4       10     2         build/flex/obj/sdk/lib_nbgl/src/nbgl_layout.o:(.text.OUTLINED_FUNCTION_59)
c0de79c4 c0de79c4        0     1                 $t.121
c0de79c5 c0de79c5       10     1                 OUTLINED_FUNCTION_59
c0de79d4 c0de79d4       10     2         build/flex/obj/sdk/lib_nbgl/src/nbgl_layout.o:(.text.OUTLINED_FUNCTION_60)
c0de79d4 c0de79d4        0     1                 $t.122
c0de79d5 c0de79d5       10     1                 OUTLINED_FUNCTION_60
c0de79e4 c0de79e4        8     2         build/flex/obj/sdk/lib_nbgl/src/nbgl_layout.o:(.text.OUTLINED_FUNCTION_61)
c0de79e4 c0de79e4        0     1                 $t.123
c0de79e5 c0de79e5        8     1                 OUTLINED_FUNCTION_61
c0de79ec c0de79ec        6     2         build/flex/obj/sdk/lib_nbgl/src/nbgl_layout.o:(.text.OUTLINED_FUNCTION_62)
c0de79ec c0de79ec        0     1                 $t.124
c0de79ed c0de79ed        6     1                 OUTLINED_FUNCTION_62
c0de79f2 c0de79f2       10     2         build/flex/obj/sdk/lib_nbgl/src/nbgl_layout.o:(.text.OUTLINED_FUNCTION_63)
c0de79f2 c0de79f2        0     1                 $t.125
c0de79f3 c0de79f3       10     1                 OUTLINED_FUNCTION_63
c0de7a02 c0de7a02        8     2         build/flex/obj/sdk/lib_nbgl/src/nbgl_layout.o:(.text.OUTLINED_FUNCTION_64)
c0de7a02 c0de7a02        0     1                 $t.126
c0de7a03 c0de7a03        8     1                 OUTLINED_FUNCTION_64
c0de7a0a c0de7a0a        e     2         build/flex/obj/sdk/lib_nbgl/src/nbgl_layout.o:(.text.OUTLINED_FUNCTION_65)
c0de7a0a c0de7a0a        0     1                 $t.127
c0de7a0b c0de7a0b        e     1                 OUTLINED_FUNCTION_65
c0de7a18 c0de7a18        e     2         build/flex/obj/sdk/lib_nbgl/src/nbgl_layout.o:(.text.OUTLINED_FUNCTION_66)
c0de7a18 c0de7a18        0     1                 $t.128
c0de7a19 c0de7a19        e     1                 OUTLINED_FUNCTION_66
c0de7a26 c0de7a26        e     2         build/flex/obj/sdk/lib_nbgl/src/nbgl_layout.o:(.text.OUTLINED_FUNCTION_67)
c0de7a26 c0de7a26        0     1                 $t.129
c0de7a27 c0de7a27        e     1                 OUTLINED_FUNCTION_67
c0de7a34 c0de7a34        a     2         build/flex/obj/sdk/lib_nbgl/src/nbgl_layout.o:(.text.OUTLINED_FUNCTION_68)
c0de7a34 c0de7a34        0     1                 $t.130
c0de7a35 c0de7a35        a     1                 OUTLINED_FUNCTION_68
c0de7a3e c0de7a3e        e     2         build/flex/obj/sdk/lib_nbgl/src/nbgl_layout.o:(.text.OUTLINED_FUNCTION_69)
c0de7a3e c0de7a3e        0     1                 $t.131
c0de7a3f c0de7a3f        e     1                 OUTLINED_FUNCTION_69
c0de7a4c c0de7a4c        e     2         build/flex/obj/sdk/lib_nbgl/src/nbgl_layout.o:(.text.OUTLINED_FUNCTION_70)
c0de7a4c c0de7a4c        0     1                 $t.132
c0de7a4d c0de7a4d        e     1                 OUTLINED_FUNCTION_70
c0de7a5a c0de7a5a        a     2         build/flex/obj/sdk/lib_nbgl/src/nbgl_layout.o:(.text.OUTLINED_FUNCTION_71)
c0de7a5a c0de7a5a        0     1                 $t.133
c0de7a5b c0de7a5b        a     1                 OUTLINED_FUNCTION_71
c0de7a64 c0de7a64        e     2         build/flex/obj/sdk/lib_nbgl/src/nbgl_layout.o:(.text.OUTLINED_FUNCTION_72)
c0de7a64 c0de7a64        0     1                 $t.134
c0de7a65 c0de7a65        e     1                 OUTLINED_FUNCTION_72
c0de7a72 c0de7a72        e     2         build/flex/obj/sdk/lib_nbgl/src/nbgl_layout.o:(.text.OUTLINED_FUNCTION_73)
c0de7a72 c0de7a72        0     1                 $t.135
c0de7a73 c0de7a73        e     1                 OUTLINED_FUNCTION_73
c0de7a80 c0de7a80        a     2         build/flex/obj/sdk/lib_nbgl/src/nbgl_layout.o:(.text.OUTLINED_FUNCTION_74)
c0de7a80 c0de7a80        0     1                 $t.136
c0de7a81 c0de7a81        a     1                 OUTLINED_FUNCTION_74
c0de7a8a c0de7a8a        e     2         build/flex/obj/sdk/lib_nbgl/src/nbgl_layout.o:(.text.OUTLINED_FUNCTION_75)
c0de7a8a c0de7a8a        0     1                 $t.137
c0de7a8b c0de7a8b        e     1                 OUTLINED_FUNCTION_75
c0de7a98 c0de7a98       a8     2         build/flex/obj/sdk/lib_nbgl/src/nbgl_layout_navigation.o:(.text.layoutNavigationCallback)
c0de7a98 c0de7a98        0     1                 $t.0
c0de7a99 c0de7a99       a8     1                 layoutNavigationCallback
c0de7b40 c0de7b40       40     2         build/flex/obj/sdk/lib_nbgl/src/nbgl_layout_navigation.o:(.text.configButtons)
c0de7b40 c0de7b40        0     1                 $t.1
c0de7b41 c0de7b41       40     1                 configButtons
c0de7b80 c0de7b80      20c     4         build/flex/obj/sdk/lib_nbgl/src/nbgl_layout_navigation.o:(.text.layoutNavigationPopulate)
c0de7b80 c0de7b80        0     1                 $t.2
c0de7b81 c0de7b81      20c     1                 layoutNavigationPopulate
c0de7d78 c0de7d78        0     1                 $d.3
c0de7d8c c0de7d8c       1a     2         build/flex/obj/sdk/lib_nbgl/src/nbgl_layout_navigation.o:(.text.OUTLINED_FUNCTION_0)
c0de7d8c c0de7d8c        0     1                 $t.4
c0de7d8d c0de7d8d       1a     1                 OUTLINED_FUNCTION_0
c0de7da6 c0de7da6       12     2         build/flex/obj/sdk/lib_nbgl/src/nbgl_layout_navigation.o:(.text.OUTLINED_FUNCTION_1)
c0de7da6 c0de7da6        0     1                 $t.5
c0de7da7 c0de7da7       12     1                 OUTLINED_FUNCTION_1
c0de7db8 c0de7db8      1f4     4         build/flex/obj/sdk/lib_nbgl/src/nbgl_page.o:(.text.nbgl_pageDrawInfo)
c0de7db8 c0de7db8        0     1                 $t.3
c0de7db9 c0de7db9      1f4     1                 nbgl_pageDrawInfo
c0de7f8c c0de7f8c        0     1                 $d.4
c0de7fac c0de7fac       20     2         build/flex/obj/sdk/lib_nbgl/src/nbgl_page.o:(.text.addEmptyHeader)
c0de7fac c0de7fac        0     1                 $t.5
c0de7fad c0de7fad       20     1                 addEmptyHeader
c0de7fcc c0de7fcc       74     4         build/flex/obj/sdk/lib_nbgl/src/nbgl_page.o:(.text.nbgl_pageDrawConfirmation)
c0de7fcc c0de7fcc        0     1                 $t.6
c0de7fcd c0de7fcd       74     1                 nbgl_pageDrawConfirmation
c0de803c c0de803c        0     1                 $d.7
c0de8040 c0de8040      448     4         build/flex/obj/sdk/lib_nbgl/src/nbgl_page.o:(.text.nbgl_pageDrawGenericContentExt)
c0de8040 c0de8040        0     1                 $t.8
c0de8041 c0de8041      448     1                 nbgl_pageDrawGenericContentExt
c0de8484 c0de8484        0     1                 $d.9
c0de8488 c0de8488        6     2         build/flex/obj/sdk/lib_nbgl/src/nbgl_page.o:(.text.nbgl_pageDrawGenericContent)
c0de8488 c0de8488        0     1                 $t.10
c0de8489 c0de8489        6     1                 nbgl_pageDrawGenericContent
c0de848e c0de848e        4     2         build/flex/obj/sdk/lib_nbgl/src/nbgl_page.o:(.text.nbgl_pageRelease)
c0de848e c0de848e        0     1                 $t.11
c0de848f c0de848f        4     1                 nbgl_pageRelease
c0de8492 c0de8492        8     2         build/flex/obj/sdk/lib_nbgl/src/nbgl_page.o:(.text.OUTLINED_FUNCTION_0)
c0de8492 c0de8492        0     1                 $t.12
c0de8493 c0de8493        8     1                 OUTLINED_FUNCTION_0
c0de849a c0de849a       12     2         build/flex/obj/sdk/lib_nbgl/src/nbgl_page.o:(.text.OUTLINED_FUNCTION_1)
c0de849a c0de849a        0     1                 $t.13
c0de849b c0de849b       12     1                 OUTLINED_FUNCTION_1
c0de84ac c0de84ac        c     2         build/flex/obj/sdk/lib_nbgl/src/nbgl_page.o:(.text.OUTLINED_FUNCTION_2)
c0de84ac c0de84ac        0     1                 $t.14
c0de84ad c0de84ad        c     1                 OUTLINED_FUNCTION_2
c0de84b8 c0de84b8        e     2         build/flex/obj/sdk/lib_nbgl/src/nbgl_page.o:(.text.OUTLINED_FUNCTION_3)
c0de84b8 c0de84b8        0     1                 $t.15
c0de84b9 c0de84b9        e     1                 OUTLINED_FUNCTION_3
c0de84c6 c0de84c6        6     2         build/flex/obj/sdk/lib_nbgl/src/nbgl_page.o:(.text.OUTLINED_FUNCTION_4)
c0de84c6 c0de84c6        0     1                 $t.16
c0de84c7 c0de84c7        6     1                 OUTLINED_FUNCTION_4
c0de84cc c0de84cc        e     2         build/flex/obj/sdk/lib_nbgl/src/nbgl_page.o:(.text.OUTLINED_FUNCTION_5)
c0de84cc c0de84cc        0     1                 $t.17
c0de84cd c0de84cd        e     1                 OUTLINED_FUNCTION_5
c0de84da c0de84da        a     2         build/flex/obj/sdk/lib_nbgl/src/nbgl_page.o:(.text.OUTLINED_FUNCTION_6)
c0de84da c0de84da        0     1                 $t.18
c0de84db c0de84db        a     1                 OUTLINED_FUNCTION_6
c0de84e4 c0de84e4      136     2         build/flex/obj/sdk/lib_nbgl/src/nbgl_use_case.o:(.text.getNbTagValuesInPage)
c0de84e4 c0de84e4        0     1                 $t.1
c0de84e5 c0de84e5      136     1                 getNbTagValuesInPage
c0de861a c0de861a       5e     2         build/flex/obj/sdk/lib_nbgl/src/nbgl_use_case.o:(.text.nbgl_useCaseGetNbInfosInPage)
c0de861a c0de861a        0     1                 $t.3
c0de861b c0de861b       5e     1                 nbgl_useCaseGetNbInfosInPage
c0de8678 c0de8678       82     2         build/flex/obj/sdk/lib_nbgl/src/nbgl_use_case.o:(.text.nbgl_useCaseGetNbSwitchesInPage)
c0de8678 c0de8678        0     1                 $t.4
c0de8679 c0de8679       82     1                 nbgl_useCaseGetNbSwitchesInPage
c0de86fa c0de86fa       40     2         build/flex/obj/sdk/lib_nbgl/src/nbgl_use_case.o:(.text.nbgl_useCaseGetNbBarsInPage)
c0de86fa c0de86fa        0     1                 $t.5
c0de86fb c0de86fb       40     1                 nbgl_useCaseGetNbBarsInPage
c0de873a c0de873a       3c     2         build/flex/obj/sdk/lib_nbgl/src/nbgl_use_case.o:(.text.nbgl_useCaseGetNbChoicesInPage)
c0de873a c0de873a        0     1                 $t.6
c0de873b c0de873b       3c     1                 nbgl_useCaseGetNbChoicesInPage
c0de8778 c0de8778      134     4         build/flex/obj/sdk/lib_nbgl/src/nbgl_use_case.o:(.text.useCaseHomeExt)
c0de8778 c0de8778        0     1                 $t.9
c0de8779 c0de8779      134     1                 useCaseHomeExt
c0de8888 c0de8888        0     1                 $d.10
c0de88ac c0de88ac       2c     4         build/flex/obj/sdk/lib_nbgl/src/nbgl_use_case.o:(.text.reset_callbacks_and_context)
c0de88ac c0de88ac        0     1                 $t.14
c0de88ad c0de88ad       2c     1                 reset_callbacks_and_context
c0de88d0 c0de88d0        0     1                 $d.15
c0de88d8 c0de88d8       78     4         build/flex/obj/sdk/lib_nbgl/src/nbgl_use_case.o:(.text.prepareNavInfo)
c0de88d8 c0de88d8        0     1                 $t.16
c0de88d9 c0de88d9       78     1                 prepareNavInfo
c0de894c c0de894c        0     1                 $d.17
c0de8950 c0de8950       64     4         build/flex/obj/sdk/lib_nbgl/src/nbgl_use_case.o:(.text.displaySettingsPage)
c0de8950 c0de8950        0     1                 $t.18
c0de8951 c0de8951       64     1                 displaySettingsPage
c0de89ac c0de89ac        0     1                 $d.19
c0de89b4 c0de89b4       b4     4         build/flex/obj/sdk/lib_nbgl/src/nbgl_use_case.o:(.text.nbgl_useCaseGenericSettings)
c0de89b4 c0de89b4        0     1                 $t.21
c0de89b5 c0de89b5       b4     1                 nbgl_useCaseGenericSettings
c0de8a5c c0de8a5c        0     1                 $d.22
c0de8a68 c0de8a68       50     4         build/flex/obj/sdk/lib_nbgl/src/nbgl_use_case.o:(.text.getNbPagesForGenericContents)
c0de8a68 c0de8a68        0     1                 $t.23
c0de8a69 c0de8a69       50     1                 getNbPagesForGenericContents
c0de8ab4 c0de8ab4        0     1                 $d.24
c0de8ab8 c0de8ab8      124     4         build/flex/obj/sdk/lib_nbgl/src/nbgl_use_case.o:(.text.getNbPagesForContent)
c0de8ab8 c0de8ab8        0     1                 $t.25
c0de8ab9 c0de8ab9      124     1                 getNbPagesForContent
c0de8bd4 c0de8bd4        0     1                 $d.26
c0de8bdc c0de8bdc      410     4         build/flex/obj/sdk/lib_nbgl/src/nbgl_use_case.o:(.text.displayGenericContextPage)
c0de8bdc c0de8bdc        0     1                 $t.27
c0de8bdd c0de8bdd      410     1                 displayGenericContextPage
c0de8fc8 c0de8fc8        0     1                 $d.28
c0de8fec c0de8fec       68     4         build/flex/obj/sdk/lib_nbgl/src/nbgl_use_case.o:(.text.nbgl_useCaseHomeAndSettings)
c0de8fec c0de8fec        0     1                 $t.30
c0de8fed c0de8fed       68     1                 nbgl_useCaseHomeAndSettings
c0de9050 c0de9050        0     1                 $d.31
c0de9054 c0de9054       28     4         build/flex/obj/sdk/lib_nbgl/src/nbgl_use_case.o:(.text.bundleNavStartSettingsAtPage)
c0de9054 c0de9054        0     1                 $t.32
c0de9055 c0de9055       28     1                 bundleNavStartSettingsAtPage
c0de9074 c0de9074        0     1                 $d.33
c0de907c c0de907c       34     4         build/flex/obj/sdk/lib_nbgl/src/nbgl_use_case.o:(.text.bundleNavStartHome)
c0de907c c0de907c        0     1                 $t.34
c0de907d c0de907d       34     1                 bundleNavStartHome
c0de90a8 c0de90a8        0     1                 $d.35
c0de90b0 c0de90b0       94     4         build/flex/obj/sdk/lib_nbgl/src/nbgl_use_case.o:(.text.nbgl_useCaseStatus)
c0de90b0 c0de90b0        0     1                 $t.36
c0de90b1 c0de90b1       94     1                 nbgl_useCaseStatus
c0de912c c0de912c        0     1                 $d.37
c0de9144 c0de9144       20     4         build/flex/obj/sdk/lib_nbgl/src/nbgl_use_case.o:(.text.tickerCallback)
c0de9144 c0de9144        0     1                 $t.38
c0de9145 c0de9145       20     1                 tickerCallback
c0de9160 c0de9160        0     1                 $d.39
c0de9164 c0de9164      3ac     4         build/flex/obj/sdk/lib_nbgl/src/nbgl_use_case.o:(.text.pageCallback)
c0de9164 c0de9164        0     1                 $t.40
c0de9165 c0de9165      3ac     1                 pageCallback
c0de94ec c0de94ec        0     1                 $d.41
c0de9510 c0de9510       94     4         build/flex/obj/sdk/lib_nbgl/src/nbgl_use_case.o:(.text.nbgl_useCaseReviewStatus)
c0de9510 c0de9510        0     1                 $t.42
c0de9511 c0de9511       94     1                 nbgl_useCaseReviewStatus
c0de9584 c0de9584        0     1                 $d.43
c0de95a4 c0de95a4       74     4         build/flex/obj/sdk/lib_nbgl/src/nbgl_use_case.o:(.text.nbgl_useCaseChoice)
c0de95a4 c0de95a4        0     1                 $t.44
c0de95a5 c0de95a5       74     1                 nbgl_useCaseChoice
c0de9610 c0de9610        0     1                 $d.45
c0de9618 c0de9618      11c     4         build/flex/obj/sdk/lib_nbgl/src/nbgl_use_case.o:(.text.layoutTouchCallback)
c0de9618 c0de9618        0     1                 $t.48
c0de9619 c0de9619      11c     1                 layoutTouchCallback
c0de972c c0de972c        0     1                 $d.49
c0de9734 c0de9734       54     4         build/flex/obj/sdk/lib_nbgl/src/nbgl_use_case.o:(.text.nbgl_useCaseConfirm)
c0de9734 c0de9734        0     1                 $t.50
c0de9735 c0de9735       54     1                 nbgl_useCaseConfirm
c0de9778 c0de9778        0     1                 $d.51
c0de9788 c0de9788       e0     4         build/flex/obj/sdk/lib_nbgl/src/nbgl_use_case.o:(.text.pageModalCallback)
c0de9788 c0de9788        0     1                 $t.52
c0de9789 c0de9789       e0     1                 pageModalCallback
c0de9860 c0de9860        0     1                 $d.53
c0de9868 c0de9868       bc     4         build/flex/obj/sdk/lib_nbgl/src/nbgl_use_case.o:(.text.displayReviewPage)
c0de9868 c0de9868        0     1                 $t.60
c0de9869 c0de9869       bc     1                 displayReviewPage
[...]
c0ded1a7 c0ded1a7       79     1         build/flex/gen_src/glyphs.o:(.rodata.C_Chevron_Next_40px_bitmap)
c0ded1a7 c0ded1a7       79     1                 C_Chevron_Next_40px_bitmap
c0ded220 c0ded220        a     1         build/flex/gen_src/glyphs.o:(.rodata.C_Chevron_Next_40px)
c0ded220 c0ded220        a     1                 C_Chevron_Next_40px
c0ded22a c0ded22a       8d     1         build/flex/gen_src/glyphs.o:(.rodata.C_Close_40px_bitmap)
c0ded22a c0ded22a       8d     1                 C_Close_40px_bitmap
c0ded2b7 c0ded2b7        a     1         build/flex/gen_src/glyphs.o:(.rodata.C_Close_40px)
c0ded2b7 c0ded2b7        a     1                 C_Close_40px
c0ded2c1 c0ded2c1       39     1         build/flex/gen_src/glyphs.o:(.rodata.C_Info_40px_bitmap)
c0ded2c1 c0ded2c1       39     1                 C_Info_40px_bitmap
c0ded2fa c0ded2fa        a     1         build/flex/gen_src/glyphs.o:(.rodata.C_Info_40px)
c0ded2fa c0ded2fa        a     1                 C_Info_40px
c0ded304 c0ded304       d6     1         build/flex/gen_src/glyphs.o:(.rodata.C_Mini_Push_40px_bitmap)
c0ded304 c0ded304       d6     1                 C_Mini_Push_40px_bitmap
c0ded3da c0ded3da        a     1         build/flex/gen_src/glyphs.o:(.rodata.C_Mini_Push_40px)
c0ded3da c0ded3da        a     1                 C_Mini_Push_40px
c0ded3e4 c0ded3e4      1b4     1         build/flex/gen_src/glyphs.o:(.rodata.C_Privacy_40px_bitmap)
c0ded3e4 c0ded3e4      1b4     1                 C_Privacy_40px_bitmap
c0ded598 c0ded598        a     1         build/flex/gen_src/glyphs.o:(.rodata.C_Privacy_40px)
c0ded598 c0ded598        a     1                 C_Privacy_40px
c0ded5a2 c0ded5a2       a1     1         build/flex/gen_src/glyphs.o:(.rodata.C_QRCode_40px_bitmap)
c0ded5a2 c0ded5a2       a1     1                 C_QRCode_40px_bitmap
c0ded643 c0ded643        a     1         build/flex/gen_src/glyphs.o:(.rodata.C_QRCode_40px)
c0ded643 c0ded643        a     1                 C_QRCode_40px
c0ded64d c0ded64d      19b     1         build/flex/gen_src/glyphs.o:(.rodata.C_Settings_40px_bitmap)
c0ded64d c0ded64d      19b     1                 C_Settings_40px_bitmap
c0ded7e8 c0ded7e8        a     1         build/flex/gen_src/glyphs.o:(.rodata.C_Settings_40px)
c0ded7e8 c0ded7e8        a     1                 C_Settings_40px
c0ded7f2 c0ded7f2       ef     1         build/flex/gen_src/glyphs.o:(.rodata.C_Warning_40px_bitmap)
c0ded7f2 c0ded7f2       ef     1                 C_Warning_40px_bitmap
c0ded8e1 c0ded8e1        a     1         build/flex/gen_src/glyphs.o:(.rodata.C_Warning_40px)
c0ded8e1 c0ded8e1        a     1                 C_Warning_40px
c0ded8eb c0ded8eb      9b2     1         <internal>:(.text)
c0dee2a0 c0dee2a0      320     8         <internal>:(.text)
c0dee5c0 c0dee5c0       a0     4         build/flex/obj/app/src/handler/zkn_magicbox.o:(.rodata..L__const.handler_cmd_Poseidon.input)
c0dee5c0 c0dee5c0       a0     1                 .L__const.handler_cmd_Poseidon.input
c0dee660 c0dee660      1e0     4         build/flex/obj/app/src/handler/zkn_magicbox.o:(.rodata..L__const.handler_cmd_encodeCommitment.commitmentlist_be)
c0dee660 c0dee660      1e0     1                 .L__const.handler_cmd_encodeCommitment.commitmentlist_be
c0dee840 c0dee840      1e0     4         build/flex/obj/app/src/handler/zkn_magicbox.o:(.rodata..L__const.handler_cmd_GroupCommitment.commitmentlist_be)
c0dee840 c0dee840      1e0     1                 .L__const.handler_cmd_GroupCommitment.commitmentlist_be
c0deea20 c0deea20       60     4         build/flex/obj/app/src/handler/zkn_magicbox.o:(.rodata..L__const.handler_cmd_GroupCommitment.binding_factors)
c0deea20 c0deea20       60     1                 .L__const.handler_cmd_GroupCommitment.binding_factors
c0deea80 c0deea80      1e0     4         build/flex/obj/app/src/handler/zkn_magicbox.o:(.rodata..L__const.handler_cmd_PartialSig.commitmentlist_be)
c0deea80 c0deea80      1e0     1                 .L__const.handler_cmd_PartialSig.commitmentlist_be
c0deec60 c0deec60       40     4         build/flex/obj/app/src/handler/zkn_magicbox.o:(.rodata..L__const.handler_cmd_PartialSig.groupkey_be)
c0deec60 c0deec60       40     1                 .L__const.handler_cmd_PartialSig.groupkey_be
c0deeca0 c0deeca0        c     4         build/flex/obj/app/src/ui/menu_nbgl.o:(.rodata.settingContents)
c0deeca0 c0deeca0        c     1                 settingContents
c0deecac c0deecac       10     4         build/flex/obj/app/src/ui/menu_nbgl.o:(.rodata.infoList)
c0deecac c0deecac       10     1                 infoList
c0deecbc c0deecbc       38     4         build/flex/obj/app/src/ui/menu_nbgl.o:(.rodata.contents)
c0deecbc c0deecbc       38     1                 contents
c0deecf4 c0deecf4        8     4         build/flex/obj/app/src/ui/menu_nbgl.o:(.rodata.INFO_TYPES)
c0deecf4 c0deecf4        8     1                 INFO_TYPES
c0deecfc c0deecfc        8     4         build/flex/obj/app/src/ui/menu_nbgl.o:(.rodata.INFO_CONTENTS)
c0deecfc c0deecfc        8     1                 INFO_CONTENTS
c0deed04 c0deed04       40     4         build/flex/obj/app/src/zknox/ecc/zkn_eddsa.o:(.rodata..L__const.EddsaPoseidon_Sign_final.big_n)
c0deed04 c0deed04       40     1                 .L__const.EddsaPoseidon_Sign_final.big_n
c0deed44 c0deed44      480     4         build/flex/obj/app/src/zknox/hash/zkn_poseidon_constants.o:(.rodata..L__const.Poseidon_alloc_init.MixColumn)
c0deed44 c0deed44      480     1                 .L__const.Poseidon_alloc_init.MixColumn
c0def1c4 c0def1c4       1d     4         build/flex/obj/app/src/zknox/hash/zkn_rfc9591frost.o:(.rodata..L__const.zkn_frost_H5_init.contextString_BabyFROST)
c0def1c4 c0def1c4       1d     1                 .L__const.zkn_frost_H5_init.contextString_BabyFROST
c0def1e4 c0def1e4        c     4         build/flex/obj/sdk/lib_nbgl/src/nbgl_use_case.o:(.rodata..L__const.nbgl_useCaseStatus.ticker)
c0def1e4 c0def1e4        c     1                 .L__const.nbgl_useCaseStatus.ticker
c0def1f0 c0def1f0       2c     4         build/flex/obj/sdk/lib_nbgl/src/nbgl_use_case.o:(.rodata.blindSigningWarning)
c0def1f0 c0def1f0       2c     1                 blindSigningWarning
c0def21c c0def21c       36     4         <internal>:(.text)
c0def252 c0def252        b     1         build/flex/obj/sdk/lib_nbgl/src/nbgl_use_case.o:(.rodata.nbMaxElementsPerContentType)
c0def252 c0def252        b     1                 nbMaxElementsPerContentType
c0def260 c0def260       14     4         build/flex/obj/sdk/lib_nbgl/src/nbgl_use_case.o:(.rodata..L__const.displayAddressQRCode.headerDesc)
c0def260 c0def260       14     1                 .L__const.displayAddressQRCode.headerDesc
c0def274 c0def274       20     4         build/flex/obj/sdk/lib_nbgl/src/nbgl_use_case.o:(.rodata..L__const.displaySkipWarning.info)
c0def274 c0def274       20     1                 .L__const.displaySkipWarning.info
c0def294 c0def294       1c     4         build/flex/obj/sdk/lib_nbgl/src/nbgl_use_case.o:(.rodata..L__const.displaySecurityReport.layoutDescription)
c0def294 c0def294       1c     1                 .L__const.displaySecurityReport.layoutDescription
c0def2b0 c0def2b0       14     4         build/flex/obj/sdk/lib_nbgl/src/nbgl_use_case.o:(.rodata..L__const.displaySecurityReport.headerDesc)
c0def2b0 c0def2b0       14     1                 .L__const.displaySecurityReport.headerDesc
c0def2c4 c0def2c4       3c     4         build/flex/obj/sdk/lib_nbgl/src/nbgl_use_case.o:(.rodata.securityReportItems)
c0def2c4 c0def2c4       3c     1                 securityReportItems
c0def300 c0def300       1c     4         build/flex/obj/sdk/lib_nbgl/src/nbgl_use_case.o:(.rodata..L__const.displayInfosListModal.info)
c0def300 c0def300       1c     1                 .L__const.displayInfosListModal.info
c0def31c c0def31c       10     4         build/flex/obj/sdk/lib_nbgl/src/nbgl_use_case.o:(.rodata..L__const.displayInitialWarning.buttonsInfo)
c0def31c c0def31c       10     1                 .L__const.displayInitialWarning.buttonsInfo
c0def32c c0def32c       14     4         build/flex/obj/sdk/lib_nbgl/src/nbgl_use_case.o:(.rodata..L__const.displayInitialWarning.headerDesc)
c0def32c c0def32c       14     1                 .L__const.displayInitialWarning.headerDesc
c0def340 c0def340       20     1         <internal>:(.text)
c0def360 c0def360        0     1         . = ALIGN ( 4 )
c0def360 c0def360        0     1         _etext = .
c0def360 c0def360       a0     1         . = ALIGN ( PAGE_SIZE )
c0def400 c0def400        0     1         _nvram_data = .
c0def400 c0def400        3     1         build/flex/obj/app/src/app_main.o:(.rodata.N_storage_real)
c0def400 c0def400        3     1                 N_storage_real
c0def403 c0def403      1fd     1         . = ALIGN ( PAGE_SIZE )
c0def600 c0def600        0     1         _envram_data = .
c0def600 c0def600        0     1         _install_parameters = .
c0def600 c0def600      10b     1         build/flex/obj/sdk/src/app_metadata.o:(.install_parameters)
c0def600 c0def600      10b     1                 install_parameters
c0def70b c0def70b        0     1         _einstall_parameters = .
c0def70b c0def70b        0     1         _nvram_end = .
d0000000 d0000000        0     1 .data
d0000000 d0000000        0     1         . = ALIGN ( 4 )
d0000000 d0000000        0     1         _data = .
d0000000 d0000000        0     1         _edata = .
d0000000 d0000000        0     1 
da7a0000 da7a0000      dfc     8 .bss
da7a0000 da7a0000        0     1         _bss = .
da7a0000 da7a0000      2f0     8         build/flex/obj/app/src/app_main.o:(.bss.G_context)
da7a0000 da7a0000      2f0     1                 G_context
da7a02f0 da7a02f0       40     1         build/flex/obj/app/src/app_main.o:(.bss.g_frost_group_key)
da7a02f0 da7a02f0       40     1                 g_frost_group_key
da7a0330 da7a0330       20     1         build/flex/obj/app/src/app_main.o:(.bss.g_frost_identifier)
da7a0330 da7a0330       20     1                 g_frost_identifier
da7a0350 da7a0350       20     1         build/flex/obj/app/src/app_main.o:(.bss.g_frost_secret)
da7a0350 da7a0350       20     1                 g_frost_secret
da7a0370 da7a0370       40     1         build/flex/obj/app/src/app_main.o:(.bss.g_frost_nonces)
da7a0370 da7a0370       40     1                 g_frost_nonces
da7a03b0 da7a03b0       48     8         build/flex/obj/app/src/swap/handle_swap_sign_transaction.o:(.bss.G_swap_validated)
da7a03b0 da7a03b0       48     1                 G_swap_validated
da7a03f8 da7a03f8       1c     4         build/flex/obj/app/src/ui/menu_nbgl.o:(.bss..L_MergedGlobals)
da7a03f8 da7a03f8       1c     1                 .L_MergedGlobals
da7a03f8 da7a03f8        1     1                 initSettingPage
da7a03fc da7a03fc       18     1                 switches
da7a0414 da7a0414       2b     4         build/flex/obj/app/src/ui/nbgl_display_address.o:(.bss.g_address)
da7a0414 da7a0414       2b     1                 g_address
da7a0440 da7a0440       74     4         build/flex/obj/app/src/ui/nbgl_display_transaction.o:(.bss..L_MergedGlobals)
da7a0440 da7a0440       74     1                 .L_MergedGlobals
da7a0440 da7a0440       14     1                 pairList
da7a0454 da7a0454       20     1                 pairs
da7a0474 da7a0474       40     1                 g_tx_hash
da7a04b4 da7a04b4      111     1         build/flex/obj/sdk/io/src/os_io.o:(.bss.G_io_tx_buffer)
da7a04b4 da7a04b4      111     1                 G_io_tx_buffer
da7a05c5 da7a05c5      111     1         build/flex/obj/sdk/io/src/os_io.o:(.bss.G_io_rx_buffer)
da7a05c5 da7a05c5      111     1                 G_io_rx_buffer
da7a06d8 da7a06d8        c     4         build/flex/obj/sdk/io_legacy/src/os_io_legacy.o:(.bss.G_io_app)
da7a06d8 da7a06d8        c     1                 G_io_app
da7a06e4 da7a06e4        2     1         build/flex/obj/sdk/io_legacy/src/os_io_legacy.o:(.bss..L_MergedGlobals)
da7a06e4 da7a06e4        2     1                 .L_MergedGlobals
da7a06e4 da7a06e4        1     1                 need_to_start_io
da7a06e5 da7a06e5        1     1                 io_os_legacy_apdu_type
da7a06e8 da7a06e8      21c     4         build/flex/obj/sdk/lib_nbgl/src/nbgl_layout.o:(.bss.gLayout)
da7a06e8 da7a06e8      21c     1                 gLayout
da7a0904 da7a0904        8     4         build/flex/obj/sdk/lib_nbgl/src/nbgl_layout.o:(.bss..L_MergedGlobals)
da7a0904 da7a0904        8     1                 .L_MergedGlobals
da7a0904 da7a0904        1     1                 nbTouchableControls
da7a0908 da7a0908        4     1                 topLayout
da7a090c da7a090c        b     1         build/flex/obj/sdk/lib_nbgl/src/nbgl_layout_navigation.o:(.bss.navText)
da7a090c da7a090c        b     1                 navText
da7a0918 da7a0918       90     4         build/flex/obj/sdk/lib_nbgl/src/nbgl_use_case.o:(.bss.genericContext)
da7a0918 da7a0918       90     1                 genericContext
da7a09a8 da7a09a8       a8     4         build/flex/obj/sdk/lib_nbgl/src/nbgl_use_case.o:(.bss.localContentsList)
da7a09a8 da7a09a8       a8     1                 localContentsList
da7a0a50 da7a0a50       80     4         build/flex/obj/sdk/lib_nbgl/src/nbgl_use_case.o:(.bss.tmpString)
da7a0a50 da7a0a50       80     1                 tmpString
da7a0ad0 da7a0ad0       80     1         build/flex/obj/sdk/lib_nbgl/src/nbgl_use_case.o:(.bss.genericContextPagesInfo)
da7a0ad0 da7a0ad0       80     1                 genericContextPagesInfo
da7a0b50 da7a0b50       80     1         build/flex/obj/sdk/lib_nbgl/src/nbgl_use_case.o:(.bss.reducedAddress)
da7a0b50 da7a0b50       80     1                 reducedAddress
da7a0bd0 da7a0bd0       7c     4         build/flex/obj/sdk/lib_nbgl/src/nbgl_use_case.o:(.bss..L_MergedGlobals)
da7a0bd0 da7a0bd0       7c     1                 .L_MergedGlobals
da7a0bd0 da7a0bd0        1     1                 navType
da7a0bd4 da7a0bd4        4     1                 onQuit
da7a0bd8 da7a0bd8        4     1                 onNav
da7a0bdc da7a0bdc        4     1                 onControls
da7a0be0 da7a0be0        4     1                 pageTitle
da7a0be4 da7a0be4        4     1                 pageContext
da7a0be8 da7a0be8        4     1                 onChoice
da7a0bec da7a0bec        4     1                 onModalConfirm
da7a0bf0 da7a0bf0        4     1                 modalPageContext
da7a0bf4 da7a0bf4        4     1                 onAction
da7a0bf8 da7a0bf8        4     1                 onContinue
da7a0bfc da7a0bfc        4     1                 onContentAction
da7a0c00 da7a0c00       10     1                 detailsContext
da7a0c10 da7a0c10       10     1                 displayDetailsPage.currentPair
da7a0c20 da7a0c20       10     1                 modalContextPagesInfo
da7a0c30 da7a0c30       1c     1                 navInfo
da7a0c4c da7a0c4c       60     4         build/flex/obj/sdk/lib_nbgl/src/nbgl_use_case.o:(.bss..L_MergedGlobals.76)
da7a0c4c da7a0c4c       60     1                 .L_MergedGlobals.76
da7a0c4c da7a0c4c       28     1                 bundleNavContext
da7a0c74 da7a0c74       38     1                 addressConfirmationContext
da7a0cac da7a0cac      110     1         build/flex/obj/sdk/lib_standard_app/io.o:(.bss.G_io_seproxyhal_spi_buffer)
da7a0cac da7a0cac      110     1                 G_io_seproxyhal_spi_buffer
da7a0dbc da7a0dbc        1     1         build/flex/obj/sdk/lib_standard_app/io.o:(.bss.need_to_start_io)
da7a0dbc da7a0dbc        1     1                 need_to_start_io
da7a0dc0 da7a0dc0       20     4         build/flex/obj/sdk/lib_standard_app/main.o:(.bss.G_ux_params)
da7a0dc0 da7a0dc0       20     1                 G_ux_params
da7a0de0 da7a0de0        1     1         build/flex/obj/sdk/lib_standard_app/swap_utils.o:(.bss.G_called_from_swap)
da7a0de0 da7a0de0        1     1                 G_called_from_swap
da7a0de1 da7a0de1        1     1         build/flex/obj/sdk/lib_standard_app/swap_utils.o:(.bss.G_swap_response_ready)
da7a0de1 da7a0de1        1     1                 G_swap_response_ready
da7a0de4 da7a0de4        4     4         build/flex/obj/sdk/lib_standard_app/swap_utils.o:(.bss.G_swap_signing_return_value_address)
da7a0de4 da7a0de4        4     1                 G_swap_signing_return_value_address
da7a0de8 da7a0de8        1     1         build/flex/obj/sdk/lib_u2f_legacy/src/u2f_legacy.o:(.bss.G_io_u2f)
da7a0de8 da7a0de8        1     1                 G_io_u2f
da7a0dec da7a0dec        a     4         build/flex/obj/sdk/lib_ux_nbgl/ux.o:(.bss..L_MergedGlobals)
da7a0dec da7a0dec        a     1                 .L_MergedGlobals
da7a0dec da7a0dec        4     1                 nbTicks
da7a0df0 da7a0df0        6     1                 pos
da7a0df6 da7a0df6        0     1         _ebss = .
da7a0df6 da7a0df6        2     1         . = ALIGN ( 4 )
da7a0df8 da7a0df8        0     1         app_stack_canary = .
da7a0df8 da7a0df8        4     1         . += 4
da7a0dfc da7a0dfc        0     1         _stack = .
da7a0dfc da7a0dfc        0     1         _estack = ABSOLUTE ( END_STACK )
da7a0dfc da7a0dfc        0     1 
d0000000 d0000000       10     4 DEBUG
d0000000 d0000000       10     4         <internal>:(.ARM.exidx)
       0        0       5d     1 .comment
       0        0       5d     1         <internal>:(.comment)
       0        0        4     1 ledger.target
       0        0        4     1         build/flex/obj/sdk/src/app_metadata.o:(ledger.target)
       0        0        4     1                 target
       0        0        b     1 ledger.target_name
       0        0        b     1         build/flex/obj/sdk/src/app_metadata.o:(ledger.target_name)
       0        0        b     1                 target_name
       0        0        a     1 ledger.target_id
       0        0        a     1         build/flex/obj/sdk/src/app_metadata.o:(ledger.target_id)
       0        0        a     1                 target_id
       0        0        7     1 ledger.app_name
       0        0        7     1         build/flex/obj/sdk/src/app_metadata.o:(ledger.app_name)
       0        0        7     1                 app_name
       0        0        5     1 ledger.app_version
       0        0        5     1         build/flex/obj/sdk/src/app_metadata.o:(ledger.app_version)
       0        0        5     1                 app_version
       0        0        2     1 ledger.api_level
       0        0        2     1         build/flex/obj/sdk/src/app_metadata.o:(ledger.api_level)
       0        0        2     1                 api_level
       0        0       11     1 ledger.sdk_name
       0        0       11     1         build/flex/obj/sdk/src/app_metadata.o:(ledger.sdk_name)
       0        0       11     1                 sdk_name
       0        0        7     1 ledger.sdk_version
       0        0        7     1         build/flex/obj/sdk/src/app_metadata.o:(ledger.sdk_version)
       0        0        7     1                 sdk_version
       0        0       28     1 ledger.sdk_hash
       0        0       28     1         build/flex/obj/sdk/src/app_metadata.o:(ledger.sdk_hash)
       0        0       28     1                 sdk_hash
       0        0        4     1 ledger.sdk_graphics
       0        0        4     1         build/flex/obj/sdk/src/app_metadata.o:(ledger.sdk_graphics)
       0        0        4     1                 sdk_graphics
d0000010 d0000010        0     1 PROVIDE ( _nvram = ABSOLUTE ( _nvram_start ) )
d0000010 d0000010        0     1 PROVIDE ( _envram = ABSOLUTE ( _nvram_end ) )
       0        0       45     1 .ARM.attributes
       0        0       45     1         build/flex/gen_src/glyphs.o:(.ARM.attributes)
       0        0     5ac0     4 .symtab
       0        0     5ac0     4         <internal>:(.symtab)
       0        0       f8     1 .shstrtab
       0        0       f8     1         <internal>:(.shstrtab)
       0        0     48d0     1 .strtab
       0        0     48d0     1         <internal>:(.strtab)
